******************************************************************************
                  TI ARM Linker PC v20.2.7                     
******************************************************************************
>> Linked Sun Jun 14 11:03:21 2026

OUTPUT FILE NAME:   <MonitorizacionCargaTIVA.out>
ENTRY POINT SYMBOL: "_c_int00_noargs"  address: 0001db51


MEMORY CONFIGURATION

         name            origin    length      used     unused   attr    fill
----------------------  --------  ---------  --------  --------  ----  --------
  FLASH                 00000000   00040000  0001ec62  0002139e  R  X
  SRAM                  20000000   00008000  00006a21  000015df  RW X


SEGMENT ALLOCATION MAP

run origin  load origin   length   init length attrs members
----------  ----------- ---------- ----------- ----- -------
00000000    00000000    0001ec68   0001ec68    r-x
  00000000    00000000    0000026c   0000026c    r-- .intvecs
  0000026c    0000026c    0001dafe   0001dafe    r-x .text
  0001dd70    0001dd70    00000d88   00000d88    r-- .const
  0001eaf8    0001eaf8    00000170   00000170    r-- .cinit
20000000    20000000    00006a28   00000000    rw-
  20000000    20000000    0000026c   00000000    rw- .vtable
  2000026c    2000026c    00006319   00000000    rw- .bss
  20006588    20006588    0000029c   00000000    rw- .data
  20006828    20006828    00000200   00000000    rw- .stack


SECTION ALLOCATION MAP

 output                                  attributes/
section   page    origin      length       input sections
--------  ----  ----------  ----------   ----------------
.intvecs   0    00000000    0000026c     
                  00000000    0000026c     startup_ccs.obj (.intvecs)

.text      0    0000026c    0001dafe     
                  0000026c    00003084     usbhostenum.obj (.text)
                  000032f0    00002870     tasks.obj (.text)
                  00005b60    0000238c     usb.obj (.text)
                  00007eec    00001bac     Inicial.obj (.text)
                  00009a98    00001688     sysctl.obj (.text)
                  0000b120    00001570     usbdenum.obj (.text)
                  0000c690    00001288     gpio.obj (.text)
                  0000d918    000010c4     queue.obj (.text)
                  0000e9dc    00000fdc     usbdcdc.obj (.text)
                  0000f9b8    00000fa8     usbdma.obj (.text)
                  00010960    00000ea4     i2cm_drv.obj (.text)
                  00011804    00000d20     timer.obj (.text)
                  00012524    00000b8c     uartstdioMod.obj (.text)
                  000130b0    00000b08     uart.obj (.text)
                  00013bb8    00000a4e     rtsv7M4_T_le_v4SPD16_eabi.lib : _printfi.c.obj (.text:__TI_printfi)
                  00014606    00000002                                   : div0.asm.obj (.text)
                  00014608    000009b4     bmp180.obj (.text)
                  00014fbc    00000980     comp_dcm.obj (.text)
                  0001593c    0000095c     mpu9150.obj (.text)
                  00016298    00000924     usbhhub.obj (.text)
                  00016bbc    000007b4     timers.obj (.text)
                  00017370    00000598     usbbuffer.obj (.text)
                  00017908    0000058c     rtsv7M4_T_le_v4SPD16_eabi.lib : e_powf.c.obj (.text:powf)
                  00017e94    00000570     usbmode.obj (.text)
                  00018404    00000510     tmp006.obj (.text)
                  00018914    00000490     interrupt.obj (.text)
                  00018da4    0000048c     usbringbuf.obj (.text)
                  00019230    00000478     heap_4.obj (.text)
                  000196a8    00000460     commands.obj (.text)
                  00019b08    0000042c     rgb.obj (.text)
                  00019f34    000003bc     usbdconfig.obj (.text)
                  0001a2f0    000003b4     usb_dev_serial.obj (.text)
                  0001a6a4    000003a8     serial2USBprotocol.obj (.text)
                  0001aa4c    0000036c     sht21.obj (.text)
                  0001adb8    000002de     usbdcdesc.obj (.text)
                  0001b096    00000002     --HOLE-- [fill = 0]
                  0001b098    000002d0     port.obj (.text)
                  0001b368    00000270     rtsv7M4_T_le_v4SPD16_eabi.lib : _printfi.c.obj (.text:_pconv_a)
                  0001b5d8    000001d2     usbdesc.obj (.text)
                  0001b7aa    00000002     --HOLE-- [fill = 0]
                  0001b7ac    000001d0     rtsv7M4_T_le_v4SPD16_eabi.lib : _printfi.c.obj (.text:_pconv_g)
                  0001b97c    000001b6                                   : fd_add_t2.asm.obj (.text)
                  0001bb32    00000002     --HOLE-- [fill = 0]
                  0001bb34    00000170                                   : e_asinf.c.obj (.text:asinf)
                  0001bca4    00000158                                   : e_atan2f.c.obj (.text:atan2f)
                  0001bdfc    00000158                                   : e_sqrt.c.obj (.text:sqrt)
                  0001bf54    00000158     vector.obj (.text)
                  0001c0ac    00000150     rtsv7M4_T_le_v4SPD16_eabi.lib : s_atanf.c.obj (.text:atanf)
                  0001c1fc    0000013c                                   : _printfi.c.obj (.text:_pconv_e)
                  0001c338    00000136                                   : fd_div_t2.asm.obj (.text)
                  0001c46e    0000012a     list.obj (.text)
                  0001c598    00000128     buttons.obj (.text)
                  0001c6c0    00000124     cpu_usage.obj (.text)
                  0001c7e4    00000124     rtsv7M4_T_le_v4SPD16_eabi.lib : _printfi.c.obj (.text:fcvt)
                  0001c908    00000110                                   : s_scalbn.c.obj (.text:scalbn)
                  0001ca18    000000fc                                   : fd_mul_t2.asm.obj (.text)
                  0001cb14    000000f8                                   : s_floor.c.obj (.text:floor)
                  0001cc0c    000000ec     usbtick.obj (.text)
                  0001ccf8    000000da     portasm.obj (.text)
                  0001cdd2    00000002     --HOLE-- [fill = 0]
                  0001cdd4    000000d0     rtsv7M4_T_le_v4SPD16_eabi.lib : s_scalbnf.c.obj (.text:scalbnf)
                  0001cea4    000000c8     usbulpi.obj (.text)
                  0001cf6c    000000c4     rtsv7M4_T_le_v4SPD16_eabi.lib : s_round.c.obj (.text:round)
                  0001d030    000000b1                                   : _printfi.c.obj (.text:_ltostr)
                  0001d0e1    00000003     --HOLE-- [fill = 0]
                  0001d0e4    000000ac     cmdline.obj (.text)
                  0001d190    0000009c     rtsv7M4_T_le_v4SPD16_eabi.lib : memcpy_t2.asm.obj (.text)
                  0001d22c    00000096                                   : ull_div_t2.asm.obj (.text)
                  0001d2c2    00000086                                   : fd_cmp_t2.asm.obj (.text:__aeabi_cdcmple)
                  0001d348    00000086                                   : fd_cmp_t2.asm.obj (.text:__aeabi_cdrcmple)
                  0001d3ce    0000007a                                   : memset_t2.asm.obj (.text)
                  0001d448    0000006e                                   : _printfi.c.obj (.text:_mcpy)
                  0001d4b6    0000006e                                   : fd_tos_t2.asm.obj (.text)
                  0001d524    00000068     crc.obj (.text)
                  0001d58c    00000068     RunTimeStatsConfig.obj (.text)
                  0001d5f4    00000068     rtsv7M4_T_le_v4SPD16_eabi.lib : copy_decompress_lzss.c.obj (.text:decompress:lzss:__TI_decompress_lzss)
                  0001d65c    00000064                                   : s_frexp.c.obj (.text:frexp)
                  0001d6c0    00000056                                   : _printfi.c.obj (.text:_pconv_f)
                  0001d716    00000054                                   : _ltoa.c.obj (.text:__TI_ltoa)
                  0001d76a    00000052                                   : _printfi.c.obj (.text:_ecpy)
                  0001d7bc    00000050                                   : fs_toull_t2.asm.obj (.text)
                  0001d80c    0000004e     Inicial.obj (.text:I2CMReadModifyWrite16BE)
                  0001d85a    00000002     --HOLE-- [fill = 0]
                  0001d85c    0000004c     rtsv7M4_T_le_v4SPD16_eabi.lib : atoi.c.obj (.text:atoi)
                  0001d8a8    00000048                                   : fd_toi_t2.asm.obj (.text)
                  0001d8f0    00000044                                   : autoinit.c.obj (.text:__TI_auto_init_nobinit_nopinit:__TI_auto_init_nobinit_nopinit)
                  0001d934    00000044                                   : fd_tou_t2.asm.obj (.text)
                  0001d978    00000040                                   : u_divt2.asm.obj (.text)
                  0001d9b8    00000040                                   : sprintf.c.obj (.text:sprintf)
                  0001d9f8    0000003e                                   : _printfi.c.obj (.text:_fcpy)
                  0001da36    0000003e     cpu.obj (.text)
                  0001da74    00000038     rtsv7M4_T_le_v4SPD16_eabi.lib : fs_tod_t2.asm.obj (.text)
                  0001daac    00000036     Inicial.obj (.text:I2CMRead)
                  0001dae2    00000036     Inicial.obj (.text:I2CMWrite)
                  0001db18    00000036     Inicial.obj (.text:I2CMWriteBatched)
                  0001db4e    00000002     --HOLE-- [fill = 0]
                  0001db50    00000034     rtsv7M4_T_le_v4SPD16_eabi.lib : boot_cortex_m.c.obj (.text:_c_int00_noargs:_c_int00_noargs)
                  0001db84    00000030     Inicial.obj (.text:__isnanf)
                  0001dbb4    0000002e     rtsv7M4_T_le_v4SPD16_eabi.lib : i_tofd_t2.asm.obj (.text)
                  0001dbe2    00000002     --HOLE-- [fill = 0]
                  0001dbe4    00000028                                   : e_sqrtf.c.obj (.text:sqrtf)
                  0001dc0c    00000024     RunTimeStatsConfig.obj (.text:GetOverflowCounts)
                  0001dc30    00000024     usbdhandler.obj (.text)
                  0001dc54    0000001c     rtsv7M4_T_le_v4SPD16_eabi.lib : memccpy.c.obj (.text:memccpy)
                  0001dc70    0000001a                                   : s_copysign.c.obj (.text:copysign)
                  0001dc8a    00000018                                   : sprintf.c.obj (.text:_outs)
                  0001dca2    00000018                                   : s_copysignf.c.obj (.text:copysignf)
                  0001dcba    00000018                                   : strcmp.c.obj (.text:strcmp)
                  0001dcd2    00000016                                   : strchr.c.obj (.text:strchr)
                  0001dce8    00000014                                   : strcpy.c.obj (.text:strcpy)
                  0001dcfc    00000014                                   : strlen.c.obj (.text:strlen)
                  0001dd10    00000012                                   : wcslen.c.obj (.text:wcslen)
                  0001dd22    0000000e                                   : copy_decompress_none.c.obj (.text:decompress:none:__TI_decompress_none)
                  0001dd30    0000000c                                   : copy_zero_init.c.obj (.text:decompress:ZI:__TI_zero_init)
                  0001dd3c    0000000c     startup_ccs.obj (.text)
                  0001dd48    0000000a     rtsv7M4_T_le_v4SPD16_eabi.lib : sprintf.c.obj (.text:_outc)
                  0001dd52    00000002     --HOLE-- [fill = 0]
                  0001dd54    00000008                                   : errno.c.obj (.text:__aeabi_errno_addr)
                  0001dd5c    00000006     sysctl.obj (.text:SysCtlDelay)
                  0001dd62    00000004     rtsv7M4_T_le_v4SPD16_eabi.lib : pre_init.c.obj (.text:_system_pre_init)
                  0001dd66    00000004                                   : exit.c.obj (.text:abort:abort)

.const     0    0001dd70    00000d88     
                  0001dd70    00000200     crc.obj (.const:crctttab)
                  0001df70    000001b0     sysctl.obj (.const:g_pppui32XTALtoVCO)
                  0001e120    00000101     rtsv7M4_T_le_v4SPD16_eabi.lib : ctype.c.obj (.const:.string:_ctypes_)
                  0001e221    00000003     --HOLE-- [fill = 0]
                  0001e224    000000f2     commands.obj (.const:.string)
                  0001e316    00000002     --HOLE-- [fill = 0]
                  0001e318    000000d8     gpio.obj (.const:g_ppui32GPIOIntMapSnowflake)
                  0001e3f0    000000c0     gpio.obj (.const:g_ppui32GPIOIntMapBlizzard)
                  0001e4b0    0000009c     interrupt.obj (.const:g_pui32Regs)
                  0001e54c    00000090     gpio.obj (.const:g_pui32GPIOBaseAddrs)
                  0001e5dc    0000006c     sysctl.obj (.const:g_pui32Xtals)
                  0001e648    00000060     timer.obj (.const:g_ppui32TimerIntMap)
                  0001e6a8    00000040     timer.obj (.const:g_ppui32TimerIntMapSnowflake)
                  0001e6e8    00000040     uart.obj (.const:g_ppui32UARTIntMap)
                  0001e728    00000040     uart.obj (.const:g_ppui32UARTIntMapSnowflake)
                  0001e768    00000036     usb_serial_structs.obj (.const:.string:g_pui8ConfigString)
                  0001e79e    00000002     --HOLE-- [fill = 0]
                  0001e7a0    00000034     rtsv7M4_T_le_v4SPD16_eabi.lib : s_atanf.c.obj (.const:$O1$$)
                  0001e7d4    00000034     usbdenum.obj (.const:g_psUSBDStdRequests)
                  0001e808    00000030     usbdcdc.obj (.const:g_sCDCHandlers)
                  0001e838    00000030     sysctl.obj (.const:g_sXTALtoMEMTIM)
                  0001e868    0000002c     usb_serial_structs.obj (.const:.string:g_pui8ControlInterfaceString)
                  0001e894    00000024     usb_serial_structs.obj (.const:.string:g_pui8ManufacturerString)
                  0001e8b8    00000023     usbdcdc.obj (.const:.string:g_pui8CDCSerCommInterface)
                  0001e8db    00000022     usb_serial_structs.obj (.const:.string:g_pui8ProductString)
                  0001e8fd    00000003     --HOLE-- [fill = 0]
                  0001e900    00000020     interrupt.obj (.const:g_pui32Priority)
                  0001e920    00000020     rtsv7M4_T_le_v4SPD16_eabi.lib : e_asinf.c.obj (.const)
                  0001e940    00000018                                   : e_powf.c.obj (.const:$O1$$)
                  0001e958    00000018     usb_serial_structs.obj (.const:g_ppui8StringDescriptors)
                  0001e970    00000017     usbdcdc.obj (.const:.string:g_pui8CDCSerDataInterface)
                  0001e987    00000017     usbdcdc.obj (.const:.string:g_pui8CDCSerDataInterfaceHS)
                  0001e99e    00000002     --HOLE-- [fill = 0]
                  0001e9a0    00000014     interrupt.obj (.const:g_pui32Dii16Regs)
                  0001e9b4    00000014     interrupt.obj (.const:g_pui32EnRegs)
                  0001e9c8    00000014     interrupt.obj (.const:g_pui32PendRegs)
                  0001e9dc    00000014     interrupt.obj (.const:g_pui32UnpendRegs)
                  0001e9f0    00000012     usb_serial_structs.obj (.const:.string:g_pui8SerialNumberString)
                  0001ea02    00000002     --HOLE-- [fill = 0]
                  0001ea04    00000012     uartstdioMod.obj (.const:.string)
                  0001ea16    00000002     --HOLE-- [fill = 0]
                  0001ea18    00000010     mpu9150.obj (.const:g_fMPU9150AccelFactors)
                  0001ea28    00000010     mpu9150.obj (.const:g_fMPU9150GyroFactors)
                  0001ea38    0000000c     Inicial.obj (.const:$P$T0$2)
                  0001ea44    0000000c     Inicial.obj (.const:$P$T1$3)
                  0001ea50    0000000c     Inicial.obj (.const:$P$T2$4)
                  0001ea5c    0000000c     uartstdioMod.obj (.const:g_ui32UARTBase)
                  0001ea68    0000000c     uartstdioMod.obj (.const:g_ui32UARTInt)
                  0001ea74    0000000c     uartstdioMod.obj (.const:g_ui32UARTPeriph)
                  0001ea80    00000008     sysctl.obj (.const:g_pui32VCOFrequencies)
                  0001ea88    00000008     usbdcdc.obj (.const:g_sCDCCompSerConfigHeader)
                  0001ea90    00000008     usbdcdc.obj (.const:g_sCDCCompSerConfigHeaderHS)
                  0001ea98    00000008     usbdcdc.obj (.const:g_sCDCSerCommInterfaceSection)
                  0001eaa0    00000008     usbdcdc.obj (.const:g_sCDCSerConfigHeader)
                  0001eaa8    00000008     usbdcdc.obj (.const:g_sCDCSerConfigHeaderHS)
                  0001eab0    00000008     usbdcdc.obj (.const:g_sCDCSerConfigSection)
                  0001eab8    00000008     usbdcdc.obj (.const:g_sCDCSerDataInterfaceSection)
                  0001eac0    00000008     usbdcdc.obj (.const:g_sCDCSerDataInterfaceSectionHS)
                  0001eac8    00000008     usbdcdc.obj (.const:g_sIADSerConfigSection)
                  0001ead0    00000008     port.obj (.const)
                  0001ead8    00000004     usb_serial_structs.obj (.const:.string:g_pui8LangDescriptor)
                  0001eadc    00000004     Inicial.obj (.const)
                  0001eae0    00000004     usbdcdc.obj (.const:g_pCDCCompSerConfigDescriptors)
                  0001eae4    00000004     usbdcdc.obj (.const:g_pCDCCompSerConfigDescriptorsHS)
                  0001eae8    00000004     usbdcdc.obj (.const:g_ppCDCSerConfigDescriptors)
                  0001eaec    00000004     usbdcdc.obj (.const:g_ppCDCSerConfigDescriptorsHS)
                  0001eaf0    00000004     tasks.obj (.const)
                  0001eaf4    00000004     uartstdioMod.obj (.const)

.cinit     0    0001eaf8    00000170     
                  0001eaf8    00000137     (.cinit..data.load) [load image, compression = lzss]
                  0001ec2f    00000001     --HOLE-- [fill = 0]
                  0001ec30    0000000c     (__TI_handler_table)
                  0001ec3c    00000004     --HOLE-- [fill = 0]
                  0001ec40    00000008     (.cinit..bss.load) [load image, compression = zero_init]
                  0001ec48    00000008     (.cinit..vtable.load) [load image, compression = zero_init]
                  0001ec50    00000018     (__TI_cinit_table)

.init_array 
*          0    00000000    00000000     UNINITIALIZED

.vtable    0    20000000    0000026c     UNINITIALIZED
                  20000000    0000026c     interrupt.obj (.vtable)

.bss       0    2000026c    00006319     UNINITIALIZED
                  2000026c    00005000     heap_4.obj (.bss:ucHeap)
                  2000526c    000006cc     usbhostenum.obj (.bss:g_sUSBHCD)
                  20005938    00000200     uartstdioMod.obj (.bss:g_pcUARTRxHistoryBuffer)
                  20005b38    00000140     tasks.obj (.bss:pxReadyTasksLists)
                  20005c78    00000124     (.common:g_sI2CInst)
                  20005d9c    00000110     usbdma.obj (.bss:g_psUSBDMAInst)
                  20005eac    00000100     (.common:g_pui8USBRxBuffer)
                  20005fac    00000100     (.common:g_pui8USBTxBuffer)
                  200060ac    0000009c     usbhhub.obj (.bss:g_sRootHub)
                  20006148    0000006c     (.common:g_sMPU9150Inst)
                  200061b4    00000058     (.common:g_sCompDCMInst)
                  2000620c    00000050     (.common:g_psDCDInst)
                  2000625c    00000050     (.common:xQueueRegistry)
                  200062ac    00000044     (.common:g_sBMP180Inst)
                  200062f0    00000040     usbdenum.obj (.bss:g_pui8DataBufferIn)
                  20006330    00000030     (.common:g_sTMP006Inst)
                  20006360    0000002c     (.common:g_sSHT21Inst)
                  2000638c    00000024     cmdline.obj (.bss:g_ppcArgv)
                  200063b0    00000020     uartstdioMod.obj (.bss:g_usUARTRxHistoryOffset)
                  200063d0    00000018     usbhostenum.obj (.bss:g_pi32USBHActiveDriver)
                  200063e8    00000018     usbhostenum.obj (.bss:g_ppvDriverInstance)
                  20006400    00000018     (.common:g_pfnTickHandlers)
                  20006418    00000018     (.common:g_pvTickInstance)
                  20006430    00000014     uartstdioMod.obj (.bss)
                  20006444    00000014     timers.obj (.bss:xActiveTimerList1)
                  20006458    00000014     timers.obj (.bss:xActiveTimerList2)
                  2000646c    00000014     tasks.obj (.bss:xDelayedTaskList1)
                  20006480    00000014     tasks.obj (.bss:xDelayedTaskList2)
                  20006494    00000014     tasks.obj (.bss:xPendingReadyList)
                  200064a8    00000014     tasks.obj (.bss:xSuspendedTaskList)
                  200064bc    00000014     tasks.obj (.bss:xTasksWaitingTermination)
                  200064d0    0000000c     cpu_usage.obj (.bss)
                  200064dc    0000000c     rgb.obj (.bss:g_ui32Colors)
                  200064e8    00000008     Inicial.obj (.bss)
                  200064f0    00000008     usbhostenum.obj (.bss:g_pui32Alloc)
                  200064f8    00000008     tasks.obj (.bss)
                  20006500    00000008     timers.obj (.bss)
                  20006508    00000008     usb_dev_serial.obj (.bss)
                  20006510    00000008     usbhhub.obj (.bss)
                  20006518    00000008     heap_4.obj (.bss:xStart)
                  20006520    00000004     rgb.obj (.bss)
                  20006524    00000004     usbdenum.obj (.bss)
                  20006528    00000004     usbhostenum.obj (.bss)
                  2000652c    00000004     usbmode.obj (.bss)
                  20006530    00000004     (.common:g_ppsDevInfo)
                  20006534    00000004     (.common:g_ui32CPUUsage)
                  20006538    00000004     (.common:g_ui32PollRate)
                  2000653c    00000004     (.common:g_ui32SystemClock)
                  20006540    00000004     (.common:g_vui8DataFlag_bmp180)
                  20006544    00000004     (.common:g_vui8DataFlag_sht21)
                  20006548    00000004     (.common:g_vui8DataFlag_tmp006)
                  2000654c    00000004     (.common:g_vui8ErrorFlag_bmp180)
                  20006550    00000004     (.common:g_vui8ErrorFlag_mpu9150)
                  20006554    00000004     (.common:g_vui8ErrorFlag_sht21)
                  20006558    00000004     (.common:g_vui8ErrorFlag_tmp006)
                  2000655c    00000004     (.common:g_vui8I2CDoneFlag_mpu9150)
                  20006560    00000004     (.common:mutex_i2c)
                  20006564    00000004     (.common:mutex_uart)
                  20006568    00000004     (.common:mutex_usb)
                  2000656c    00000004     (.common:semaforo_aceleracion)
                  20006570    00000004     (.common:semaforo_humedad)
                  20006574    00000004     (.common:semaforo_presion)
                  20006578    00000004     (.common:semaforo_temperatura)
                  2000657c    00000004     (.common:timer_boton)
                  20006580    00000004     (.common:timer_presion)
                  20006584    00000001     (.common:g_eOTGModeState)

.data      0    20006588    0000029c     UNINITIALIZED
                  20006588    00000060     usb_serial_structs.obj (.data:g_sCDCDevice)
                  200065e8    00000054     commands.obj (.data:g_psCmdTable)
                  2000663c    0000003c     tasks.obj (.data)
                  20006678    00000038     usb_serial_structs.obj (.data:g_sRxBuffer)
                  200066b0    00000038     usb_serial_structs.obj (.data:g_sTxBuffer)
                  200066e8    00000018     cpu_usage.obj (.data:g_pui32CPUUsageTimerBase)
                  20006700    00000018     cpu_usage.obj (.data:g_pui32CPUUsageTimerPeriph)
                  20006718    00000018     usbhostenum.obj (.data:g_sUSBHEP0State)
                  20006730    00000014     heap_4.obj (.data)
                  20006744    00000014     usbhostenum.obj (.data)
                  20006758    00000012     usbdcdc.obj (.data:g_pui8CDCSerDeviceDescriptor)
                  2000676a    00000002     usbdcdc.obj (.data)
                  2000676c    00000010     usbdcdc.obj (.data:g_psCDCCompSerSections)
                  2000677c    00000010     usbdcdc.obj (.data:g_psCDCCompSerSectionsHS)
                  2000678c    0000000d     usb_dev_serial.obj (.data)
                  20006799    00000003     buttons.obj (.data)
                  2000679c    0000000c     usbdcdc.obj (.data:g_psCDCSerSections)
                  200067a8    0000000c     usbdcdc.obj (.data:g_psCDCSerSectionsHS)
                  200067b4    0000000c     port.obj (.data)
                  200067c0    0000000c     timers.obj (.data)
                  200067cc    0000000c     uartstdioMod.obj (.data)
                  200067d8    0000000c     usbtick.obj (.data)
                  200067e4    0000000b     Inicial.obj (.data)
                  200067ef    00000009     usbdcdc.obj (.data:g_pui8CDCSerDescriptor)
                  200067f8    00000009     usbmode.obj (.data)
                  20006801    00000008     usbdcdc.obj (.data:g_pui8IADSerDescriptor)
                  20006809    00000003     --HOLE--
                  2000680c    00000008     usbdenum.obj (.data)
                  20006814    00000007     usb_dev_serial.obj (.data:ConfigLinea)
                  2000681b    00000001     --HOLE--
                  2000681c    00000004     rgb.obj (.data)
                  20006820    00000004     rtsv7M4_T_le_v4SPD16_eabi.lib : errno.c.obj (.data)

.stack     0    20006828    00000200     UNINITIALIZED
                  20006828    00000004     rtsv7M4_T_le_v4SPD16_eabi.lib : boot_cortex_m.c.obj (.stack)
                  2000682c    000001fc     --HOLE--

__llvm_prf_cnts 
*          0    20000000    00000000     UNINITIALIZED

MODULE SUMMARY

       Module                       code     ro data   rw data
       ------                       ----     -------   -------
    .\
       Inicial.obj                  7372     40        743    
       commands.obj                 1120     242       84     
       usb_dev_serial.obj           948      0         28     
       serial2USBprotocol.obj       936      0         0      
       usb_serial_structs.obj       0        214       720    
       startup_ccs.obj              12       620       0      
       crc.obj                      104      512       0      
    +--+----------------------------+--------+---------+---------+
       Total:                       10492    1628      1575   
                                                              
    .\FreeRTOS\Source\
       tasks.obj                    10352    4         488    
       queue.obj                    4292     0         80     
       timers.obj                   1972     0         60     
       list.obj                     298      0         0      
    +--+----------------------------+--------+---------+---------+
       Total:                       16914    4         628    
                                                              
    .\FreeRTOS\Source\portable\CCS\ARM_CM4F\
       port.obj                     720      8         12     
       portasm.obj                  218      0         0      
    +--+----------------------------+--------+---------+---------+
       Total:                       938      8         12     
                                                              
    .\FreeRTOS\Source\portable\MemMang\
       heap_4.obj                   1144     0         20508  
    +--+----------------------------+--------+---------+---------+
       Total:                       1144     0         20508  
                                                              
    .\driverlib\
       usb.obj                      9100     0         0      
       sysctl.obj                   5774     596       0      
       gpio.obj                     4744     552       0      
       timer.obj                    3360     160       0      
       uart.obj                     2824     128       0      
       interrupt.obj                1168     268       620    
       cpu.obj                      62       0         0      
    +--+----------------------------+--------+---------+---------+
       Total:                       27032    1704      620    
                                                              
    .\drivers\
       rgb.obj                      1068     0         20     
       buttons.obj                  296      0         3      
    +--+----------------------------+--------+---------+---------+
       Total:                       1364     0         23     
                                                              
    .\sensorlib\
       i2cm_drv.obj                 3748     0         0      
       bmp180.obj                   2484     0         0      
       comp_dcm.obj                 2432     0         0      
       mpu9150.obj                  2396     32        0      
       tmp006.obj                   1296     0         0      
       sht21.obj                    876      0         0      
       vector.obj                   344      0         0      
    +--+----------------------------+--------+---------+---------+
       Total:                       13576    32        0      
                                                              
    .\usblib\
       usbdma.obj                   4008     0         272    
       usbbuffer.obj                1432     0         0      
       usbmode.obj                  1392     0         18     
       usbringbuf.obj               1164     0         0      
       usbdesc.obj                  466      0         0      
       usbtick.obj                  236      0         60     
       usbulpi.obj                  200      0         0      
    +--+----------------------------+--------+---------+---------+
       Total:                       8898     0         350    
                                                              
    .\usblib\device\
       usbdenum.obj                 5488     52        160    
       usbdcdc.obj                  4060     217       93     
       usbdconfig.obj               956      0         0      
       usbdcdesc.obj                734      0         0      
       usbdhandler.obj              36       0         0      
    +--+----------------------------+--------+---------+---------+
       Total:                       11274    269       253    
                                                              
    .\usblib\host\
       usbhostenum.obj              12420    0         1844   
       usbhhub.obj                  2340     0         164    
    +--+----------------------------+--------+---------+---------+
       Total:                       14760    0         2008   
                                                              
    .\utils\
       uartstdioMod.obj             2956     58        576    
       cpu_usage.obj                292      0         60     
       cmdline.obj                  172      0         36     
       RunTimeStatsConfig.obj       140      0         0      
    +--+----------------------------+--------+---------+---------+
       Total:                       3560     58        672    
                                                              
    D:\ti\ccs1240\ccs\tools\compiler\ti-cgt-arm_20.2.7.LTS\lib\rtsv7M4_T_le_v4SPD16_eabi.lib
       _printfi.c.obj               4851     0         0      
       e_powf.c.obj                 1420     24        0      
       fd_add_t2.asm.obj            438      0         0      
       e_asinf.c.obj                368      32        0      
       s_atanf.c.obj                336      52        0      
       e_atan2f.c.obj               344      0         0      
       e_sqrt.c.obj                 344      0         0      
       fd_div_t2.asm.obj            310      0         0      
       s_scalbn.c.obj               272      0         0      
       fd_cmp_t2.asm.obj            268      0         0      
       ctype.c.obj                  0        257       0      
       fd_mul_t2.asm.obj            252      0         0      
       s_floor.c.obj                248      0         0      
       s_scalbnf.c.obj              208      0         0      
       s_round.c.obj                196      0         0      
       memcpy_t2.asm.obj            156      0         0      
       ull_div_t2.asm.obj           150      0         0      
       memset_t2.asm.obj            122      0         0      
       fd_tos_t2.asm.obj            110      0         0      
       copy_decompress_lzss.c.obj   104      0         0      
       s_frexp.c.obj                100      0         0      
       sprintf.c.obj                98       0         0      
       _ltoa.c.obj                  84       0         0      
       fs_toull_t2.asm.obj          80       0         0      
       atoi.c.obj                   76       0         0      
       fd_toi_t2.asm.obj            72       0         0      
       autoinit.c.obj               68       0         0      
       fd_tou_t2.asm.obj            68       0         0      
       u_divt2.asm.obj              64       0         0      
       fs_tod_t2.asm.obj            56       0         0      
       boot_cortex_m.c.obj          52       0         0      
       i_tofd_t2.asm.obj            46       0         0      
       e_sqrtf.c.obj                40       0         0      
       memccpy.c.obj                28       0         0      
       s_copysign.c.obj             26       0         0      
       s_copysignf.c.obj            24       0         0      
       strcmp.c.obj                 24       0         0      
       strchr.c.obj                 22       0         0      
       strcpy.c.obj                 20       0         0      
       strlen.c.obj                 20       0         0      
       wcslen.c.obj                 18       0         0      
       copy_decompress_none.c.obj   14       0         0      
       copy_zero_init.c.obj         12       0         0      
       errno.c.obj                  8        0         4      
       exit.c.obj                   4        0         0      
       pre_init.c.obj               4        0         0      
       div0.asm.obj                 2        0         0      
    +--+----------------------------+--------+---------+---------+
       Total:                       11627    365       4      
                                                              
       Stack:                       0        0         512    
       Linker Generated:            0        363       0      
    +--+----------------------------+--------+---------+---------+
       Grand Total:                 121579   4431      27165  


LINKER GENERATED COPY TABLES

__TI_cinit_table @ 0001ec50 records: 3, size/record: 8, table size: 24
	.data: load addr=0001eaf8, load size=00000137 bytes, run addr=20006588, run size=0000029c bytes, compression=lzss
	.bss: load addr=0001ec40, load size=00000008 bytes, run addr=2000026c, run size=00006319 bytes, compression=zero_init
	.vtable: load addr=0001ec48, load size=00000008 bytes, run addr=20000000, run size=0000026c bytes, compression=zero_init


LINKER GENERATED HANDLER TABLE

__TI_handler_table @ 0001ec30 records: 3, size/record: 4, table size: 12
	index: 0, handler: __TI_zero_init
	index: 1, handler: __TI_decompress_lzss
	index: 2, handler: __TI_decompress_none


GLOBAL SYMBOLS: SORTED ALPHABETICALLY BY Name 

address   name                                 
-------   ----                                 
00007faf  AppErrorHandler                      
00007f35  BMP180AppCallback                    
00007fb9  BMP180AppI2CWait                     
00014bc7  BMP180DataPressureGetFloat           
00014b9d  BMP180DataPressureGetRaw             
00014b31  BMP180DataRead                       
00014edf  BMP180DataTemperatureGetFloat        
00014ec3  BMP180DataTemperatureGetRaw          
0001497f  BMP180Init                           
000149ed  BMP180Read                           
00014ad3  BMP180ReadModifyWrite                
00014a55  BMP180Write                          
00009929  ButtonsHandler                       
0001c63f  ButtonsInit                          
0001c599  ButtonsPoll                          
0001dd67  C$$EXIT                              
0001c6ff  CPUUsageInit                         
0001c6c1  CPUUsageTick                         
0001da6b  CPUbasepriGet                        
0001da5d  CPUbasepriSet                        
0001da37  CPUcpsid                             
0001da4d  CPUcpsie                             
0001da43  CPUprimask                           
0001da59  CPUwfi                               
0001d0e5  CmdLineProcess                       
00015031  CompDCMAccelUpdate                   
0001557f  CompDCMComputeEulers                 
000155f5  CompDCMComputeQuaternion             
00015091  CompDCMGyroUpdate                    
00014fbd  CompDCMInit                          
000150f1  CompDCMMagnetoUpdate                 
0001552b  CompDCMMatrixGet                     
00015151  CompDCMStart                         
0001523d  CompDCMUpdate                        
0000026d  ConfigDescAlloc                      
00000303  ConfigDescFree                       
0000d8a7  GPIOADCTriggerDisable                
0000d87b  GPIOADCTriggerEnable                 
0000d84f  GPIODMATriggerDisable                
0000d823  GPIODMATriggerEnable                 
0000c86d  GPIODirModeGet                       
0000c7e9  GPIODirModeSet                       
0000d03d  GPIOIntClear                         
0000cfe5  GPIOIntDisable                       
0000cfbd  GPIOIntEnable                        
0000d05f  GPIOIntRegister                      
0000d0dd  GPIOIntRegisterPin                   
0000d00d  GPIOIntStatus                        
0000ca91  GPIOIntTypeGet                       
0000c941  GPIOIntTypeSet                       
0000d09d  GPIOIntUnregister                    
0000d155  GPIOIntUnregisterPin                 
0000ce29  GPIOPadConfigGet                     
0000cb35  GPIOPadConfigSet                     
0000d79d  GPIOPinConfigure                     
0000d1a7  GPIOPinRead                          
0000d1fb  GPIOPinTypeADC                       
0000d231  GPIOPinTypeCAN                       
0000d267  GPIOPinTypeComparator                
0000d29d  GPIOPinTypeComparatorOutput          
0000d2d3  GPIOPinTypeDIVSCLK                   
0000d309  GPIOPinTypeEPI                       
0000d33f  GPIOPinTypeEthernetLED               
0000d375  GPIOPinTypeEthernetMII               
0000d3b9  GPIOPinTypeGPIOInput                 
0000d3ef  GPIOPinTypeGPIOOutput                
0000d425  GPIOPinTypeGPIOOutputOD              
0000d45b  GPIOPinTypeHibernateRTCCLK           
0000d491  GPIOPinTypeI2C                       
0000d4c7  GPIOPinTypeI2CSCL                    
0000d4fd  GPIOPinTypeLCD                       
0000d533  GPIOPinTypeOneWire                   
0000d569  GPIOPinTypePWM                       
0000d59f  GPIOPinTypeQEI                       
0000d5d5  GPIOPinTypeSSI                       
0000d60b  GPIOPinTypeTimer                     
0000d641  GPIOPinTypeTrace                     
0000d677  GPIOPinTypeUART                      
0000d6b1  GPIOPinTypeUSBAnalog                 
0000d6e7  GPIOPinTypeUSBDigital                
0000d71d  GPIOPinTypeWakeHigh                  
0000d755  GPIOPinTypeWakeLow                   
0000d78d  GPIOPinWakeStatus                    
0000d1cd  GPIOPinWrite                         
0000d8d3  GPIOUnlockPin                        
0001dc0d  GetOverflowCounts                    
00007fa5  I2CIntHandler                        
0001109b  I2CMCommand                          
00010faf  I2CMInit                             
00010e83  I2CMIntHandler                       
0001daad  I2CMRead                             
0001168d  I2CMRead16BE                         
0001d80d  I2CMReadModifyWrite16BE              
00011479  I2CMReadModifyWrite16LE              
00011311  I2CMReadModifyWrite8                 
000111d5  I2CMTransferResume                   
0001dae3  I2CMWrite                            
0001176f  I2CMWrite16BE                        
000115a5  I2CMWrite8                           
0001db19  I2CMWriteBatched                     
0000845b  InicializarBMP180                    
000082a5  InicializarI2C                       
00008339  InicializarMPU9150                   
000084cf  InicializarSHT21                     
00008515  InicializarTMP006                    
00018b41  IntDisable                           
00018ac3  IntEnable                            
00009895  IntGPIOb                             
000098d9  IntGPIOe                             
00018bc9  IntIsEnabled                         
00018927  IntMasterDisable                     
00018917  IntMasterEnable                      
00018ced  IntPendClear                         
00018c7d  IntPendSet                           
00018a8d  IntPriorityGet                       
000189f3  IntPriorityGroupingGet               
000189cd  IntPriorityGroupingSet               
00018d53  IntPriorityMaskGet                   
00018d47  IntPriorityMaskSet                   
00018a2b  IntPrioritySet                       
00018937  IntRegister                          
00018d5b  IntTrigger                           
000189ad  IntUnregister                        
000025c1  InternalUSBHCDSendEvent              
0001cc53  InternalUSBRegisterTickHandler       
0001cca3  InternalUSBStartOfFrameTick          
0001cc0d  InternalUSBTickInit                  
0001cc4b  InternalUSBTickReset                 
00007f6d  MPU9150AppCallback                   
00008159  MPU9150AppI2CWait                    
00015f85  MPU9150DataAccelGetFloat             
00015f2d  MPU9150DataAccelGetRaw               
0001607f  MPU9150DataGyroGetFloat              
00016027  MPU9150DataGyroGetRaw                
000161d9  MPU9150DataMagnetoGetFloat           
00016181  MPU9150DataMagnetoGetRaw             
00015eb9  MPU9150DataRead                      
00015c69  MPU9150Init                          
00015cfb  MPU9150MagnetoInstGet                
00015d09  MPU9150Read                          
00015e53  MPU9150ReadModifyWrite               
00015d79  MPU9150Write                         
000182f1  OTGDeviceDisconnect                  
0000ec25  ProcessDataFromHost                  
0000ed35  ProcessDataToHost                    
0000ecd3  ProcessNotificationToHost            
00019b09  RGBBlinkIntHandler                   
00019e1d  RGBBlinkRateSet                      
00019ea9  RGBColorGet                          
00019d5f  RGBColorSet                          
00019ce9  RGBDisable                           
00019c31  RGBEnable                            
00019b37  RGBInit                              
00019e09  RGBIntensitySet                      
00019d47  RGBSet                               
0001dd3d  ResetISR                             
00007f51  SHT21AppCallback                     
000080cb  SHT21AppI2CWait                      
0001ad19  SHT21DataHumidityGetFloat            
0001acf7  SHT21DataHumidityGetRaw              
0001ac21  SHT21DataRead                        
0001ac99  SHT21DataTemperatureGetFloat         
0001ac7d  SHT21DataTemperatureGetRaw           
0001aaa1  SHT21Init                            
0001aaff  SHT21Read                            
0001abc3  SHT21ReadModifyWrite                 
0001ab65  SHT21Write                           
0000b0ab  SysCtlAltClkConfig                   
0000a671  SysCtlClockFreqSet                   
0000ab51  SysCtlClockGet                       
0000b073  SysCtlClockOutConfig                 
0000a979  SysCtlClockSet                       
0000a559  SysCtlDeepSleep                      
0000ad29  SysCtlDeepSleepClockConfigSet        
0000ad0d  SysCtlDeepSleepClockSet              
0000a539  SysCtlDeepSleepPowerSet              
0001dd5d  SysCtlDelay                          
00009e5d  SysCtlFlashSectorSizeGet             
00009e31  SysCtlFlashSizeGet                   
0000aefd  SysCtlGPIOAHBDisable                 
0000ae79  SysCtlGPIOAHBEnable                  
0000a44d  SysCtlIntClear                       
0000a435  SysCtlIntDisable                     
0000a421  SysCtlIntEnable                      
0000a3fd  SysCtlIntRegister                    
0000a45d  SysCtlIntStatus                      
0000a411  SysCtlIntUnregister                  
0000a51f  SysCtlLDODeepSleepGet                
0000a4d1  SysCtlLDODeepSleepSet                
0000a4c7  SysCtlLDOSleepGet                    
0000a479  SysCtlLDOSleepSet                    
0000a595  SysCtlMOSCConfigSet                  
0000b05f  SysCtlNMIClear                       
0000b059  SysCtlNMIStatus                      
0000a5a5  SysCtlPIOSCCalibrate                 
0000ae45  SysCtlPWMClockGet                    
0000add5  SysCtlPWMClockSet                    
0000a3a9  SysCtlPeripheralClockGating          
0000a35b  SysCtlPeripheralDeepSleepDisable     
0000a30d  SysCtlPeripheralDeepSleepEnable      
0000a219  SysCtlPeripheralDisable              
0000a1ad  SysCtlPeripheralEnable               
0000a061  SysCtlPeripheralPowerOff             
00009fdd  SysCtlPeripheralPowerOn              
00009ec9  SysCtlPeripheralPresent              
00009f55  SysCtlPeripheralReady                
0000a10d  SysCtlPeripheralReset                
0000a2b9  SysCtlPeripheralSleepDisable         
0000a267  SysCtlPeripheralSleepEnable          
0000a549  SysCtlReset                          
0000a605  SysCtlResetBehaviorGet               
0000a5f5  SysCtlResetBehaviorSet               
0000a581  SysCtlResetCauseClear                
0000a575  SysCtlResetCauseGet                  
00009e27  SysCtlSRAMSizeGet                    
0000a551  SysCtlSleep                          
0000a529  SysCtlSleepPowerSet                  
0000af73  SysCtlUSBPLLDisable                  
0000af67  SysCtlUSBPLLEnable                   
0000afad  SysCtlVCOGet                         
0000af95  SysCtlVoltageEventClear              
0000af7f  SysCtlVoltageEventConfig             
0000af8f  SysCtlVoltageEventStatus             
00007f89  TMP006AppCallback                    
000081f1  TMP006AppI2CWait                     
0001861f  TMP006DataRead                       
000186b9  TMP006DataTemperatureGetFloat        
00018683  TMP006DataTemperatureGetRaw          
00018495  TMP006Init                           
00018505  TMP006Read                           
000185c1  TMP006ReadModifyWrite                
00018563  TMP006Write                          
00012471  TimerADCEventGet                     
00012451  TimerADCEventSet                     
00009989  TimerBotonCallback                   
00011ea1  TimerClockSourceGet                  
00011e65  TimerClockSourceSet                  
000119cd  TimerConfigure                       
00011cc5  TimerControlEvent                    
00011ba1  TimerControlLevel                    
00011d23  TimerControlStall                    
00011c21  TimerControlTrigger                  
00011d8d  TimerControlWaitOnTrigger            
000124ad  TimerDMAEventGet                     
0001248d  TimerDMAEventSet                     
00011941  TimerDisable                         
000118f7  TimerEnable                          
00012411  TimerIntClear                        
000123bf  TimerIntDisable                      
00012399  TimerIntEnable                       
000122d9  TimerIntRegister                     
000123e5  TimerIntStatus                       
00012343  TimerIntUnregister                   
00012093  TimerLoadGet                         
00012101  TimerLoadGet64                       
00012039  TimerLoadSet                         
000120d5  TimerLoadSet64                       
00012229  TimerMatchGet                        
00012293  TimerMatchGet64                      
000121cf  TimerMatchSet                        
0001226b  TimerMatchSet64                      
00011f37  TimerPrescaleGet                     
00011fed  TimerPrescaleMatchGet                
00011f83  TimerPrescaleMatchSet                
00011ecd  TimerPrescaleSet                     
00011e41  TimerRTCDisable                      
00011e1d  TimerRTCEnable                       
00012431  TimerSynchronize                     
000124c9  TimerUpdateMode                      
00012147  TimerValueGet                        
00012189  TimerValueGet64                      
00013b3b  UART9BitAddrSend                     
00013b07  UART9BitAddrSet                      
00013ae3  UART9BitDisable                      
00013abf  UART9BitEnable                       
00013867  UARTBreakCtl                         
0001389f  UARTBusy                             
000137e5  UARTCharGet                          
000137a7  UARTCharGetNonBlocking               
0001383b  UARTCharPut                          
00013809  UARTCharPutNonBlocking               
0001374f  UARTCharsAvail                       
00013aa1  UARTClockSourceGet                   
00013a6b  UARTClockSourceSet                   
00013355  UARTConfigGetExpClk                  
00013277  UARTConfigSetExpClk                  
00013a07  UARTDMADisable                       
000139e1  UARTDMAEnable                        
000133fd  UARTDisable                          
000134b9  UARTDisableSIR                       
00012f7f  UARTEchoSet                          
000133b5  UARTEnable                           
0001347d  UARTEnableSIR                        
00013459  UARTFIFODisable                      
00013435  UARTFIFOEnable                       
0001323b  UARTFIFOLevelGet                     
000131c9  UARTFIFOLevelSet                     
000136d1  UARTFlowControlGet                   
0001368b  UARTFlowControlSet                   
00012f4b  UARTFlushRx                          
00012f59  UARTFlushTx                          
000139c1  UARTIntClear                         
0001396f  UARTIntDisable                       
00013949  UARTIntEnable                        
000138cb  UARTIntRegister                      
00013995  UARTIntStatus                        
00013909  UARTIntUnregister                    
00013b91  UARTLoopbackEnable                   
000135a5  UARTModemControlClear                
00013609  UARTModemControlGet                  
00013541  UARTModemControlSet                  
00013649  UARTModemStatusGet                   
000131ab  UARTParityModeGet                    
0001315f  UARTParityModeSet                    
00012f33  UARTRxBytesAvail                     
00013a4d  UARTRxErrorClear                     
00013a2d  UARTRxErrorGet                       
0001351d  UARTSmartCardDisable                 
000134dd  UARTSmartCardEnable                  
0001377b  UARTSpaceAvail                       
0001257f  UARTStdioConfig                      
00012fa7  UARTStdioIntHandler                  
00012f3f  UARTTxBytesFree                      
0001372f  UARTTxIntModeGet                     
000136f1  UARTTxIntModeSet                     
00012bd5  UARTgetc                             
00012775  UARTgets                             
00012f0f  UARTprintf                           
00012bfd  UARTvprintf                          
000126ab  UARTwrite                            
0001cea5  ULPIConfigSet                        
0001cf47  ULPIPowerTransceiver                 
0001dc31  USB0DeviceIntHandler                 
00017f5f  USB0DualModeIntHandler               
000024b7  USB0HostIntHandler                   
00018209  USB0OTGModeIntHandler                
00017733  USBBufferCallbackDataSet             
00017829  USBBufferDataAvailable               
0001770b  USBBufferDataRemoved                 
000176dd  USBBufferDataWritten                 
00017869  USBBufferEventCallback               
000177b5  USBBufferFlush                       
000176a3  USBBufferInfoGet                     
0001761f  USBBufferInit                        
000177d5  USBBufferRead                        
00017849  USBBufferSpaceAvailable              
0001774d  USBBufferWrite                       
00017669  USBBufferZeroLengthPacketInsert      
0000787b  USBClockDisable                      
00007851  USBClockEnable                       
0001a335  USBControlHandler                    
00007839  USBControllerVersion                 
0000f43f  USBDCDCCompositeInit                 
0000f5bd  USBDCDCInit                          
0000f7ad  USBDCDCPacketRead                    
0000f6f5  USBDCDCPacketWrite                   
0000f96f  USBDCDCPowerStatusSet                
0000f991  USBDCDCRemoteWakeupRequest           
0000f8bf  USBDCDCRxPacketAvailable             
0000f929  USBDCDCSerialStateChange             
0000f651  USBDCDCSetControlCBData              
0000f67f  USBDCDCSetRxCBData                   
0000f6b1  USBDCDCSetTxCBData                   
0000f62b  USBDCDCTerm                          
0000f895  USBDCDCTxPacketAvailable             
0001af11  USBDCDConfigDescGet                  
0001aec3  USBDCDConfigDescGetNum               
0001ae8b  USBDCDConfigDescGetSize              
0001aff3  USBDCDConfigGetInterface             
0001b029  USBDCDConfigGetInterfaceEndpoint     
0001af9f  USBDCDConfigGetNumAlternateInterfaces
0000b121  USBDCDDeviceInfoInit                 
0000b62f  USBDCDFeatureGet                     
0000b57d  USBDCDFeatureSet                     
0000b185  USBDCDInit                           
0000b51d  USBDCDPowerStatusSet                 
0000b669  USBDCDRemoteWakeLPM                  
0000b683  USBDCDRemoteWakeupRequest            
0000b419  USBDCDRequestDataEP0                 
0000b485  USBDCDSendDataEP0                    
0000b4c1  USBDCDSetDefaultConfiguration        
0000b4dd  USBDCDStallEP0                       
0000b383  USBDCDTerm                           
00007ad3  USBDMAChannelAddressGet              
00007a99  USBDMAChannelAddressSet              
000079b1  USBDMAChannelConfigSet               
00007b4b  USBDMAChannelCountGet                
00007b11  USBDMAChannelCountSet                
00007973  USBDMAChannelDisable                 
00007935  USBDMAChannelEnable                  
000078d9  USBDMAChannelIntDisable              
0000789b  USBDMAChannelIntEnable               
00007917  USBDMAChannelIntStatus               
00007a17  USBDMAChannelStatus                  
00007a51  USBDMAChannelStatusClear             
00007b81  USBDMANumChannels                    
0001b635  USBDescGet                           
0001b759  USBDescGetInterface                  
0001b787  USBDescGetInterfaceEndpoint          
0001b5d9  USBDescGetNum                        
0001b69f  USBDescGetNumAlternateInterfaces     
000065a3  USBDevAddrGet                        
00006581  USBDevAddrSet                        
00006539  USBDevConnect                        
0000655d  USBDevDisconnect                     
000069e7  USBDevEndpointConfigGet              
000068ad  USBDevEndpointConfigSet              
00006f01  USBDevEndpointDataAck                
000063c5  USBDevEndpointStall                  
0000646d  USBDevEndpointStallClear             
00006141  USBDevEndpointStatusClear            
00007d89  USBDevLPMConfig                      
00007dd3  USBDevLPMDisable                     
00007dad  USBDevLPMEnable                      
00007d63  USBDevLPMRemoteWake                  
00007769  USBDevMode                           
00005d87  USBDevSpeedGet                       
00019ffb  USBDeviceConfig                      
0001a227  USBDeviceConfigAlternate             
0000b7c9  USBDeviceEnumHandler                 
0000b929  USBDeviceEnumResetHandler            
0000c4a1  USBDeviceIntHandlerInternal          
0000b6c9  USBDeviceResumeTickHandler           
00017fab  USBDualModeInit                      
00018029  USBDualModeTerm                      
000076b5  USBEndpointDMAChannel                
00006c95  USBEndpointDMAConfigSet              
00006d67  USBEndpointDMADisable                
00006d2d  USBEndpointDMAEnable                 
00006da1  USBEndpointDataAvail                 
00006e2b  USBEndpointDataGet                   
00006ffd  USBEndpointDataPut                   
000070b7  USBEndpointDataSend                  
000062f9  USBEndpointDataToggleClear           
000077fd  USBEndpointPacketCountSet            
0000602d  USBEndpointStatus                    
0000767d  USBFIFOAddrGet                       
00006be9  USBFIFOConfigGet                     
00006b3d  USBFIFOConfigSet                     
0000715b  USBFIFOFlush                         
00007625  USBFrameNumberGet                    
00002b31  USBHCDControlTransfer                
00002ffd  USBHCDDevAddress                     
00003029  USBHCDDevClass                       
00002fd1  USBHCDDevHubPort                     
000030bd  USBHCDDevProtocol                    
00003071  USBHCDDevSubClass                    
00000429  USBHCDEventDisable                   
000003eb  USBHCDEventEnable                    
00003121  USBHCDFeatureSet                     
00002cb1  USBHCDHubDeviceConnected             
00002d75  USBHCDHubDeviceDisconnected          
000015b5  USBHCDInit                           
0000329d  USBHCDLPMResume                      
00003223  USBHCDLPMSleep                       
000031d9  USBHCDLPMStatus                      
00002711  USBHCDMain                           
000008c1  USBHCDPipeAlloc                      
0000060d  USBHCDPipeAllocSize                  
0000090d  USBHCDPipeConfig                     
00000e4f  USBHCDPipeDataAck                    
000010e1  USBHCDPipeFree                       
00000e85  USBHCDPipeRead                       
00000e05  USBHCDPipeReadNonBlocking            
00000ce1  USBHCDPipeSchedule                   
000005e7  USBHCDPipeTransferSizeGet            
00000ab1  USBHCDPipeWrite                      
0000154d  USBHCDPowerAutomatic                 
00001495  USBHCDPowerConfigGet                 
00001471  USBHCDPowerConfigInit                
000014bd  USBHCDPowerConfigSet                 
00001715  USBHCDRegisterDrivers                
00001801  USBHCDReset                          
00001879  USBHCDResume                         
00001abd  USBHCDSetAddress                     
00001bd5  USBHCDSetConfig                      
00001c2b  USBHCDSetInterface                   
00001a41  USBHCDStringDescriptorGet            
00001859  USBHCDSuspend                        
0000173d  USBHCDTerm                           
00016b29  USBHHubClose                         
00016acd  USBHHubEnumerationComplete           
00016aef  USBHHubEnumerationError              
00016b3d  USBHHubInit                          
00016b6b  USBHHubLPMSleep                      
00016b79  USBHHubLPMStatus                     
000168a1  USBHHubMain                          
00016b11  USBHHubOpen                          
00005ccb  USBHighSpeed                         
000073a1  USBHostAddrGet                       
0000731d  USBHostAddrSet                       
00001c85  USBHostCheckPipes                    
000065c5  USBHostEndpointConfig                
00006f85  USBHostEndpointDataAck               
00006215  USBHostEndpointDataToggle            
00006379  USBHostEndpointPing                  
000067c5  USBHostEndpointSpeed                 
000060a5  USBHostEndpointStatusClear           
000074c5  USBHostHubAddrGet                    
00007415  USBHostHubAddrSet                    
00001d4d  USBHostIntHandlerInternal            
00007ce7  USBHostLPMConfig                     
00007d3d  USBHostLPMResume                     
00007c7b  USBHostLPMSend                       
00007749  USBHostMode                          
0000753d  USBHostPwrConfig                     
000075ff  USBHostPwrDisable                    
000075d9  USBHostPwrEnable                     
000075b3  USBHostPwrFaultDisable               
0000758d  USBHostPwrFaultEnable                
00007211  USBHostRequestIN                     
0000727f  USBHostRequestINClear                
000072f9  USBHostRequestStatus                 
00005c8f  USBHostReset                         
00005d07  USBHostResume                        
00005d43  USBHostSpeedGet                      
00005c6d  USBHostSuspend                       
00005dad  USBIntDisableControl                 
00005ed9  USBIntDisableEndpoint                
00005e25  USBIntEnableControl                  
00005f15  USBIntEnableEndpoint                 
00005fb5  USBIntRegister                       
00005e7f  USBIntStatusControl                  
00005f51  USBIntStatusEndpoint                 
00005ff3  USBIntUnregister                     
00007e23  USBLPMEndpointGet                    
00007ebb  USBLPMIntDisable                     
00007e93  USBLPMIntEnable                      
00007e75  USBLPMIntStatus                      
00007e01  USBLPMLinkStateGet                   
00007e4d  USBLPMRemoteWakeEnabled              
00010749  USBLibDMAAddrGet                     
00010779  USBLibDMAInit                        
00010761  USBLibDMASizeGet                     
000077a9  USBModeConfig                        
00007693  USBModeGet                           
00007821  USBNumEndpointsGet                   
000183a9  USBOTGFeatureSet                     
0001830b  USBOTGMain                           
00007789  USBOTGMode                           
000180b3  USBOTGModeInit                       
0001806b  USBOTGModeTerm                       
000181d9  USBOTGPollRate                       
00007641  USBOTGSessionRequest                 
000077cb  USBPHYPowerOff                       
000077e1  USBPHYPowerOn                        
0001903f  USBRingBufAdvanceRead                
00019095  USBRingBufAdvanceWrite               
00018f25  USBRingBufContigFree                 
00018eed  USBRingBufContigUsed                 
00018e31  USBRingBufEmpty                      
00018e63  USBRingBufFlush                      
00018ec9  USBRingBufFree                       
00018def  USBRingBufFull                       
000191e1  USBRingBufInit                       
00018fc9  USBRingBufRead                       
00018f83  USBRingBufReadOne                    
00018f6b  USBRingBufSize                       
00018e8f  USBRingBufUsed                       
0001916b  USBRingBufWrite                      
00019125  USBRingBufWriteOne                   
0001a433  USBRxHandler                         
0001a541  USBSerialGetChar                     
0001a495  USBSerialInit                        
0001a559  USBSerialPutChar                     
0001a5ad  USBSerialRead                        
0001a5f1  USBSerialWrite                       
00017f15  USBStackModeSet                      
0001a3c3  USBTxHandler                         
00007ba1  USBULPIConfig                        
00007bcf  USBULPIDisable                       
00007bb7  USBULPIEnable                        
00007be7  USBULPIRegRead                       
00007c2d  USBULPIRegWrite                      
0001c05d  VectorAdd                            
0001bf91  VectorCrossProduct                   
0001bf55  VectorDotProduct                     
0001c011  VectorScale                          
20006a28  __STACK_END                          
00000200  __STACK_SIZE                         
20006a28  __STACK_TOP                          
0001ec50  __TI_CINIT_Base                      
0001ec68  __TI_CINIT_Limit                     
0001ec30  __TI_Handler_Table_Base              
0001ec3c  __TI_Handler_Table_Limit             
0001d8f1  __TI_auto_init_nobinit_nopinit       
0001d5f5  __TI_decompress_lzss                 
0001dd23  __TI_decompress_none                 
0001d717  __TI_ltoa                            
ffffffff  __TI_pprof_out_hndl                  
00013bb9  __TI_printfi                         
ffffffff  __TI_prof_data_size                  
ffffffff  __TI_prof_data_start                 
00000000  __TI_static_base__                   
0001dd31  __TI_zero_init                       
0001d2c3  __aeabi_cdcmpeq                      
0001d2c3  __aeabi_cdcmple                      
0001d349  __aeabi_cdrcmple                     
0001d4b7  __aeabi_d2f                          
0001d8a9  __aeabi_d2iz                         
0001d935  __aeabi_d2uiz                        
0001b987  __aeabi_dadd                         
0001c339  __aeabi_ddiv                         
0001ca19  __aeabi_dmul                         
0001b97d  __aeabi_dsub                         
0001dd55  __aeabi_errno_addr                   
0001da75  __aeabi_f2d                          
0001d7bd  __aeabi_f2ulz                        
0001dbb5  __aeabi_i2d                          
00014607  __aeabi_idiv0                        
00014607  __aeabi_ldiv0                        
0001d3cf  __aeabi_memclr                       
0001d3cf  __aeabi_memclr4                      
0001d3cf  __aeabi_memclr8                      
0001d191  __aeabi_memcpy                       
0001d191  __aeabi_memcpy4                      
0001d191  __aeabi_memcpy8                      
0001d3d1  __aeabi_memset                       
0001d3d1  __aeabi_memset4                      
0001d3d1  __aeabi_memset8                      
0001d979  __aeabi_uidiv                        
0001d979  __aeabi_uidivmod                     
0001d22d  __aeabi_uldivmod                     
ffffffff  __binit__                            
ffffffff  __c_args__                           
00007eed  __error__                            
0001db85  __isnanf                             
UNDEFED   __mpu_init                           
20006828  __stack                              
20000000  __start___llvm_prf_cnts              
20000000  __stop___llvm_prf_cnts               
0001db51  _c_int00_noargs                      
0001e120  _ctypes_                             
UNDEFED   _system_post_cinit                   
0001dd63  _system_pre_init                     
0001dd67  abort                                
0001eadc  alpha                                
200067e6  aplicacion_conectada                 
0001bb35  asinf                                
0001bca5  atan2f                               
0001c0ad  atanf                                
0001d85d  atoi                                 
ffffffff  binit                                
0001a93d  check_and_extract_message_param      
0001dc71  copysign                             
0001dca3  copysignf                            
0001dc71  copysignl                            
0001d525  create_checksum                      
0001a8ab  create_frame                         
0001a92f  decode_message_type                  
0001a857  destuff_and_check_checksum           
0000376d  eTaskGetState                        
200067ed  enviarUART                           
20006820  errno                                
200067ec  estadoLED                            
000085e5  filtro                               
200067e5  flag_creado                          
0001cb15  floor                                
0001cb15  floorl                               
200067e4  freeRTOSIniciado                     
0001d65d  frexp                                
0001d65d  frexpl                               
200067d8  g_bUSBTimerInitialized               
20006584  g_eOTGModeState                      
200067f8  g_iUSBMode                           
0001eae0  g_pCDCCompSerConfigDescriptors       
0001eae4  g_pCDCCompSerConfigDescriptorsHS     
20000000  g_pfnRAMVectors                      
20006400  g_pfnTickHandlers                    
00000000  g_pfnVectors                         
0001eae8  g_ppCDCSerConfigDescriptors          
0001eaec  g_ppCDCSerConfigDescriptorsHS        
20006530  g_ppsDevInfo                         
0001e958  g_ppui8StringDescriptors             
2000676c  g_psCDCCompSerSections               
2000677c  g_psCDCCompSerSectionsHS             
2000679c  g_psCDCSerSections                   
200067a8  g_psCDCSerSectionsHS                 
200065e8  g_psCmdTable                         
2000620c  g_psDCDInst                          
0001e8b8  g_pui8CDCSerCommInterface            
0001e970  g_pui8CDCSerDataInterface            
0001e987  g_pui8CDCSerDataInterfaceHS          
200067ef  g_pui8CDCSerDescriptor               
20006758  g_pui8CDCSerDeviceDescriptor         
0001e768  g_pui8ConfigString                   
0001e868  g_pui8ControlInterfaceString         
20006801  g_pui8IADSerDescriptor               
0001ead8  g_pui8LangDescriptor                 
0001e894  g_pui8ManufacturerString             
0001e8db  g_pui8ProductString                  
0001e9f0  g_pui8SerialNumberString             
20005eac  g_pui8USBRxBuffer                    
20005fac  g_pui8USBTxBuffer                    
20006418  g_pvTickInstance                     
200062ac  g_sBMP180Inst                        
0001ea88  g_sCDCCompSerConfigHeader            
0001ea90  g_sCDCCompSerConfigHeaderHS          
20006588  g_sCDCDevice                         
0001e808  g_sCDCHandlers                       
0001ea98  g_sCDCSerCommInterfaceSection        
0001eaa0  g_sCDCSerConfigHeader                
0001eaa8  g_sCDCSerConfigHeaderHS              
0001eab0  g_sCDCSerConfigSection               
0001eab8  g_sCDCSerDataInterfaceSection        
0001eac0  g_sCDCSerDataInterfaceSectionHS      
200061b4  g_sCompDCMInst                       
20005c78  g_sI2CInst                           
0001eac8  g_sIADSerConfigSection               
20006148  g_sMPU9150Inst                       
20006678  g_sRxBuffer                          
20006360  g_sSHT21Inst                         
20006330  g_sTMP006Inst                        
200066b0  g_sTxBuffer                          
20006534  g_ui32CPUUsage                       
200067dc  g_ui32CurrentUSBTick                 
20006538  g_ui32PollRate                       
2000653c  g_ui32SystemClock                    
200067e0  g_ui32USBSOFCount                    
200067fc  g_ui32WaitTicks                      
20006790  g_ulUARTRxCount                      
20006794  g_ulUARTRxErrors                     
2000678c  g_ulUARTTxCount                      
20006540  g_vui8DataFlag_bmp180                
20006544  g_vui8DataFlag_sht21                 
20006548  g_vui8DataFlag_tmp006                
2000654c  g_vui8ErrorFlag_bmp180               
20006550  g_vui8ErrorFlag_mpu9150              
20006554  g_vui8ErrorFlag_sht21                
20006558  g_vui8ErrorFlag_tmp006               
2000655c  g_vui8I2CDoneFlag_mpu9150            
0001a969  get_message_param_pointer            
00019857  initCommandLine                      
0001c909  ldexp                                
0001cdd5  ldexpf                               
0001c909  ldexpl                               
00009685  main                                 
000086c7  mandarporUSB                         
0001dc55  memccpy                              
0001d191  memcpy                               
0001d3d7  memset                               
20006560  mutex_i2c                            
20006564  mutex_uart                           
20006568  mutex_usb                            
0000e8dd  pcQueueGetName                       
00003fc7  pcTaskGetName                        
00016de9  pcTimerGetName                       
00017909  powf                                 
200067e8  presion_asl                          
0001941d  pvPortCalloc                         
00019231  pvPortMalloc                         
0000522d  pvTaskIncrementMutexHeldCount        
0001725f  pvTimerGetTimerID                    
2000663c  pxCurrentTCB                         
0001b099  pxPortInitialiseStack                
0001a997  receive_frame                        
0001cf6d  round                                
0001cf6d  roundl                               
0001c909  scalbn                               
0001cdd5  scalbnf                              
0001c909  scalbnl                              
2000656c  semaforo_aceleracion                 
20006570  semaforo_humedad                     
20006574  semaforo_presion                     
20006578  semaforo_temperatura                 
0001aa1d  send_frame                           
0001d9b9  sprintf                              
0001bdfd  sqrt                                 
0001dbe5  sqrtf                                
0001bdfd  sqrtl                                
0001dcd3  strchr                               
0001dcbb  strcmp                               
0001dce9  strcpy                               
0001dcfd  strlen                               
2000657c  timer_boton                          
20006580  timer_presion                        
0000e5df  ucQueueGetQueueType                  
0001ead0  ulMaxSyscallInterruptPriority        
0001cd09  ulPortGetIPSR                        
00005249  ulTaskGenericNotifyTake              
00005a21  ulTaskGenericNotifyValueClear        
0001c551  uxListRemove                         
0000e5bf  uxQueueGetQueueNumber                
0000e523  uxQueueMessagesWaiting               
0000e57b  uxQueueMessagesWaitingFromISR        
0000e54d  uxQueueSpacesAvailable               
00003fc1  uxTaskGetNumberOfTasks               
00004baf  uxTaskGetStackHighWaterMark          
00004015  uxTaskGetSystemState                 
00004915  uxTaskGetTaskNumber                  
00003841  uxTaskPriorityGet                    
00003869  uxTaskPriorityGetFromISR             
00005207  uxTaskResetEventItemValue            
00016dbd  uxTimerGetReloadMode                 
00017331  uxTimerGetTimerNumber                
0001eaf0  uxTopUsedPriority                    
00007f2b  vApplicationIdleHook                 
00007f33  vApplicationMallocFailedHook         
00007f01  vApplicationStackOverflowHook        
00007f0b  vApplicationTickHook                 
0001d58d  vConfigureTimerForRunTimeStats       
0001c46f  vListInitialise                      
0001c49f  vListInitialiseItem                  
0001c4eb  vListInsert                          
0001c4af  vListInsertEnd                       
0001cdc5  vPortEnableVFP                       
0001b1d1  vPortEndScheduler                    
0001b1f1  vPortEnterCritical                   
0001b22f  vPortExitCritical                    
0001937f  vPortFree                            
000195e1  vPortGetHeapStats                    
0001941b  vPortInitialiseBlocks                
0001cd81  vPortSVCHandler                      
0001b27d  vPortSetupTimerInterrupt             
0001cda1  vPortStartFirstTask                  
0001b2a9  vPortValidateInterruptPriority       
0000e85f  vQueueAddToRegistry                  
0000e59b  vQueueDelete                         
0000e5cd  vQueueSetQueueNumber                 
0000e927  vQueueUnregisterQueue                
0000e975  vQueueWaitForMessageRestricted       
00003715  vTaskDelay                           
0000354d  vTaskDelete                          
00003dc1  vTaskEndScheduler                    
00005819  vTaskGenericNotifyGiveFromISR        
00004a29  vTaskGetInfo                         
0000512f  vTaskGetRunTimeStats                 
00004845  vTaskInternalSetTimeOutState         
0000501d  vTaskList                            
0000490d  vTaskMissedYield                     
00004441  vTaskPlaceOnEventList                
000044fd  vTaskPlaceOnEventListRestricted      
0000446b  vTaskPlaceOnUnorderedEventList       
00004e95  vTaskPriorityDisinheritAfterTimeout  
000038b1  vTaskPrioritySet                     
000046e1  vTaskRemoveFromUnorderedEventList    
00003b79  vTaskResume                          
0000493d  vTaskSetTaskNumber                   
00004819  vTaskSetTimeOutState                 
00003d4d  vTaskStartScheduler                  
00003a29  vTaskSuspend                         
00003ddd  vTaskSuspendAll                      
00004341  vTaskSwitchContext                   
0000827b  vTimerCallback                       
00016d43  vTimerSetReloadMode                  
00017287  vTimerSetTimerID                     
0001733f  vTimerSetTimerNumber                 
0001dd11  wcslen                               
0001940f  xPortGetFreeHeapSize                 
00019415  xPortGetMinimumEverFreeHeapSize      
0001cd21  xPortPendSVHandler                   
0001b11f  xPortStartScheduler                  
0001b257  xPortSysTickHandler                  
0000daf7  xQueueCreateMutex                    
0000da0d  xQueueGenericCreate                  
0000d919  xQueueGenericReset                   
0000db23  xQueueGenericSend                    
0000dce5  xQueueGenericSendFromISR             
0000de05  xQueueGiveFromISR                    
0000e7df  xQueueIsQueueEmptyFromISR            
0000e82f  xQueueIsQueueFullFromISR             
0000e225  xQueuePeek                           
0000e489  xQueuePeekFromISR                    
0000df15  xQueueReceive                        
0000e395  xQueueReceiveFromISR                 
2000625c  xQueueRegistry                       
0000e07b  xQueueSemaphoreTake                  
000040f1  xTaskCatchUpTicks                    
00004869  xTaskCheckForTimeOut                 
000032f1  xTaskCreate                          
00003639  xTaskDelayUntil                      
00005405  xTaskGenericNotify                   
000055d9  xTaskGenericNotifyFromISR            
000059bd  xTaskGenericNotifyStateClear         
0000530d  xTaskGenericNotifyWait               
00004c1d  xTaskGetCurrentTaskHandle            
00004c3d  xTaskGetSchedulerState               
00003f9d  xTaskGetTickCount                    
00003fad  xTaskGetTickCountFromISR             
00004145  xTaskIncrementTick                   
00004d8f  xTaskPriorityDisinherit              
00004c7d  xTaskPriorityInherit                 
00004581  xTaskRemoveFromEventList             
00003df1  xTaskResumeAll                       
00003c55  xTaskResumeFromISR                   
00016bf7  xTimerCreate                         
00016bbd  xTimerCreateTimerTask                
00016c8f  xTimerGenericCommand                 
00016dc9  xTimerGetExpiryTime                  
00016d27  xTimerGetPeriod                      
00016d87  xTimerGetReloadMode                  
00016d09  xTimerGetTimerDaemonTaskHandle       
00017229  xTimerIsTimerActive                  
000172eb  xTimerPendFunctionCall               
000172b5  xTimerPendFunctionCallFromISR        


GLOBAL SYMBOLS: SORTED BY Symbol Address 

address   name                                 
-------   ----                                 
00000000  __TI_static_base__                   
00000000  g_pfnVectors                         
00000200  __STACK_SIZE                         
0000026d  ConfigDescAlloc                      
00000303  ConfigDescFree                       
000003eb  USBHCDEventEnable                    
00000429  USBHCDEventDisable                   
000005e7  USBHCDPipeTransferSizeGet            
0000060d  USBHCDPipeAllocSize                  
000008c1  USBHCDPipeAlloc                      
0000090d  USBHCDPipeConfig                     
00000ab1  USBHCDPipeWrite                      
00000ce1  USBHCDPipeSchedule                   
00000e05  USBHCDPipeReadNonBlocking            
00000e4f  USBHCDPipeDataAck                    
00000e85  USBHCDPipeRead                       
000010e1  USBHCDPipeFree                       
[...]
00013867  UARTBreakCtl                         
0001389f  UARTBusy                             
000138cb  UARTIntRegister                      
00013909  UARTIntUnregister                    
00013949  UARTIntEnable                        
0001396f  UARTIntDisable                       
00013995  UARTIntStatus                        
000139c1  UARTIntClear                         
000139e1  UARTDMAEnable                        
00013a07  UARTDMADisable                       
00013a2d  UARTRxErrorGet                       
00013a4d  UARTRxErrorClear                     
00013a6b  UARTClockSourceSet                   
00013aa1  UARTClockSourceGet                   
00013abf  UART9BitEnable                       
00013ae3  UART9BitDisable                      
00013b07  UART9BitAddrSet                      
00013b3b  UART9BitAddrSend                     
00013b91  UARTLoopbackEnable                   
00013bb9  __TI_printfi                         
00014607  __aeabi_idiv0                        
00014607  __aeabi_ldiv0                        
0001497f  BMP180Init                           
000149ed  BMP180Read                           
00014a55  BMP180Write                          
00014ad3  BMP180ReadModifyWrite                
00014b31  BMP180DataRead                       
00014b9d  BMP180DataPressureGetRaw             
00014bc7  BMP180DataPressureGetFloat           
00014ec3  BMP180DataTemperatureGetRaw          
00014edf  BMP180DataTemperatureGetFloat        
00014fbd  CompDCMInit                          
00015031  CompDCMAccelUpdate                   
00015091  CompDCMGyroUpdate                    
000150f1  CompDCMMagnetoUpdate                 
00015151  CompDCMStart                         
0001523d  CompDCMUpdate                        
0001552b  CompDCMMatrixGet                     
0001557f  CompDCMComputeEulers                 
000155f5  CompDCMComputeQuaternion             
00015c69  MPU9150Init                          
00015cfb  MPU9150MagnetoInstGet                
00015d09  MPU9150Read                          
00015d79  MPU9150Write                         
00015e53  MPU9150ReadModifyWrite               
00015eb9  MPU9150DataRead                      
00015f2d  MPU9150DataAccelGetRaw               
00015f85  MPU9150DataAccelGetFloat             
00016027  MPU9150DataGyroGetRaw                
0001607f  MPU9150DataGyroGetFloat              
00016181  MPU9150DataMagnetoGetRaw             
000161d9  MPU9150DataMagnetoGetFloat           
000168a1  USBHHubMain                          
00016acd  USBHHubEnumerationComplete           
00016aef  USBHHubEnumerationError              
00016b11  USBHHubOpen                          
00016b29  USBHHubClose                         
00016b3d  USBHHubInit                          
00016b6b  USBHHubLPMSleep                      
00016b79  USBHHubLPMStatus                     
00016bbd  xTimerCreateTimerTask                
00016bf7  xTimerCreate                         
00016c8f  xTimerGenericCommand                 
00016d09  xTimerGetTimerDaemonTaskHandle       
00016d27  xTimerGetPeriod                      
00016d43  vTimerSetReloadMode                  
00016d87  xTimerGetReloadMode                  
00016dbd  uxTimerGetReloadMode                 
00016dc9  xTimerGetExpiryTime                  
00016de9  pcTimerGetName                       
00017229  xTimerIsTimerActive                  
0001725f  pvTimerGetTimerID                    
00017287  vTimerSetTimerID                     
000172b5  xTimerPendFunctionCallFromISR        
000172eb  xTimerPendFunctionCall               
00017331  uxTimerGetTimerNumber                
0001733f  vTimerSetTimerNumber                 
0001761f  USBBufferInit                        
00017669  USBBufferZeroLengthPacketInsert      
000176a3  USBBufferInfoGet                     
000176dd  USBBufferDataWritten                 
0001770b  USBBufferDataRemoved                 
00017733  USBBufferCallbackDataSet             
0001774d  USBBufferWrite                       
000177b5  USBBufferFlush                       
000177d5  USBBufferRead                        
00017829  USBBufferDataAvailable               
00017849  USBBufferSpaceAvailable              
00017869  USBBufferEventCallback               
00017909  powf                                 
00017f15  USBStackModeSet                      
00017f5f  USB0DualModeIntHandler               
00017fab  USBDualModeInit                      
00018029  USBDualModeTerm                      
0001806b  USBOTGModeTerm                       
000180b3  USBOTGModeInit                       
000181d9  USBOTGPollRate                       
00018209  USB0OTGModeIntHandler                
000182f1  OTGDeviceDisconnect                  
0001830b  USBOTGMain                           
000183a9  USBOTGFeatureSet                     
00018495  TMP006Init                           
00018505  TMP006Read                           
00018563  TMP006Write                          
000185c1  TMP006ReadModifyWrite                
0001861f  TMP006DataRead                       
00018683  TMP006DataTemperatureGetRaw          
000186b9  TMP006DataTemperatureGetFloat        
00018917  IntMasterEnable                      
00018927  IntMasterDisable                     
00018937  IntRegister                          
000189ad  IntUnregister                        
000189cd  IntPriorityGroupingSet               
000189f3  IntPriorityGroupingGet               
00018a2b  IntPrioritySet                       
00018a8d  IntPriorityGet                       
00018ac3  IntEnable                            
00018b41  IntDisable                           
00018bc9  IntIsEnabled                         
00018c7d  IntPendSet                           
00018ced  IntPendClear                         
00018d47  IntPriorityMaskSet                   
00018d53  IntPriorityMaskGet                   
00018d5b  IntTrigger                           
00018def  USBRingBufFull                       
00018e31  USBRingBufEmpty                      
00018e63  USBRingBufFlush                      
00018e8f  USBRingBufUsed                       
00018ec9  USBRingBufFree                       
00018eed  USBRingBufContigUsed                 
00018f25  USBRingBufContigFree                 
00018f6b  USBRingBufSize                       
00018f83  USBRingBufReadOne                    
00018fc9  USBRingBufRead                       
0001903f  USBRingBufAdvanceRead                
00019095  USBRingBufAdvanceWrite               
00019125  USBRingBufWriteOne                   
0001916b  USBRingBufWrite                      
000191e1  USBRingBufInit                       
00019231  pvPortMalloc                         
0001937f  vPortFree                            
0001940f  xPortGetFreeHeapSize                 
00019415  xPortGetMinimumEverFreeHeapSize      
0001941b  vPortInitialiseBlocks                
0001941d  pvPortCalloc                         
000195e1  vPortGetHeapStats                    
00019857  initCommandLine                      
00019b09  RGBBlinkIntHandler                   
00019b37  RGBInit                              
00019c31  RGBEnable                            
00019ce9  RGBDisable                           
00019d47  RGBSet                               
00019d5f  RGBColorSet                          
00019e09  RGBIntensitySet                      
00019e1d  RGBBlinkRateSet                      
00019ea9  RGBColorGet                          
00019ffb  USBDeviceConfig                      
0001a227  USBDeviceConfigAlternate             
0001a335  USBControlHandler                    
0001a3c3  USBTxHandler                         
0001a433  USBRxHandler                         
0001a495  USBSerialInit                        
0001a541  USBSerialGetChar                     
0001a559  USBSerialPutChar                     
0001a5ad  USBSerialRead                        
0001a5f1  USBSerialWrite                       
0001a857  destuff_and_check_checksum           
0001a8ab  create_frame                         
0001a92f  decode_message_type                  
0001a93d  check_and_extract_message_param      
0001a969  get_message_param_pointer            
0001a997  receive_frame                        
0001aa1d  send_frame                           
0001aaa1  SHT21Init                            
0001aaff  SHT21Read                            
0001ab65  SHT21Write                           
0001abc3  SHT21ReadModifyWrite                 
0001ac21  SHT21DataRead                        
0001ac7d  SHT21DataTemperatureGetRaw           
0001ac99  SHT21DataTemperatureGetFloat         
0001acf7  SHT21DataHumidityGetRaw              
0001ad19  SHT21DataHumidityGetFloat            
0001ae8b  USBDCDConfigDescGetSize              
0001aec3  USBDCDConfigDescGetNum               
0001af11  USBDCDConfigDescGet                  
0001af9f  USBDCDConfigGetNumAlternateInterfaces
0001aff3  USBDCDConfigGetInterface             
0001b029  USBDCDConfigGetInterfaceEndpoint     
0001b099  pxPortInitialiseStack                
0001b11f  xPortStartScheduler                  
0001b1d1  vPortEndScheduler                    
0001b1f1  vPortEnterCritical                   
0001b22f  vPortExitCritical                    
0001b257  xPortSysTickHandler                  
0001b27d  vPortSetupTimerInterrupt             
0001b2a9  vPortValidateInterruptPriority       
0001b5d9  USBDescGetNum                        
0001b635  USBDescGet                           
0001b69f  USBDescGetNumAlternateInterfaces     
0001b759  USBDescGetInterface                  
0001b787  USBDescGetInterfaceEndpoint          
0001b97d  __aeabi_dsub                         
0001b987  __aeabi_dadd                         
0001bb35  asinf                                
0001bca5  atan2f                               
0001bdfd  sqrt                                 
0001bdfd  sqrtl                                
0001bf55  VectorDotProduct                     
0001bf91  VectorCrossProduct                   
0001c011  VectorScale                          
0001c05d  VectorAdd                            
0001c0ad  atanf                                
0001c339  __aeabi_ddiv                         
0001c46f  vListInitialise                      
0001c49f  vListInitialiseItem                  
0001c4af  vListInsertEnd                       
0001c4eb  vListInsert                          
0001c551  uxListRemove                         
0001c599  ButtonsPoll                          
0001c63f  ButtonsInit                          
0001c6c1  CPUUsageTick                         
0001c6ff  CPUUsageInit                         
0001c909  ldexp                                
0001c909  ldexpl                               
0001c909  scalbn                               
0001c909  scalbnl                              
0001ca19  __aeabi_dmul                         
0001cb15  floor                                
0001cb15  floorl                               
0001cc0d  InternalUSBTickInit                  
0001cc4b  InternalUSBTickReset                 
0001cc53  InternalUSBRegisterTickHandler       
0001cca3  InternalUSBStartOfFrameTick          
0001cd09  ulPortGetIPSR                        
0001cd21  xPortPendSVHandler                   
0001cd81  vPortSVCHandler                      
0001cda1  vPortStartFirstTask                  
0001cdc5  vPortEnableVFP                       
0001cdd5  ldexpf                               
0001cdd5  scalbnf                              
0001cea5  ULPIConfigSet                        
0001cf47  ULPIPowerTransceiver                 
0001cf6d  round                                
0001cf6d  roundl                               
0001d0e5  CmdLineProcess                       
0001d191  __aeabi_memcpy                       
0001d191  __aeabi_memcpy4                      
0001d191  __aeabi_memcpy8                      
0001d191  memcpy                               
0001d22d  __aeabi_uldivmod                     
0001d2c3  __aeabi_cdcmpeq                      
0001d2c3  __aeabi_cdcmple                      
0001d349  __aeabi_cdrcmple                     
0001d3cf  __aeabi_memclr                       
0001d3cf  __aeabi_memclr4                      
0001d3cf  __aeabi_memclr8                      
0001d3d1  __aeabi_memset                       
0001d3d1  __aeabi_memset4                      
0001d3d1  __aeabi_memset8                      
0001d3d7  memset                               
0001d4b7  __aeabi_d2f                          
0001d525  create_checksum                      
0001d58d  vConfigureTimerForRunTimeStats       
0001d5f5  __TI_decompress_lzss                 
0001d65d  frexp                                
0001d65d  frexpl                               
0001d717  __TI_ltoa                            
0001d7bd  __aeabi_f2ulz                        
0001d80d  I2CMReadModifyWrite16BE              
0001d85d  atoi                                 
0001d8a9  __aeabi_d2iz                         
0001d8f1  __TI_auto_init_nobinit_nopinit       
0001d935  __aeabi_d2uiz                        
0001d979  __aeabi_uidiv                        
0001d979  __aeabi_uidivmod                     
0001d9b9  sprintf                              
0001da37  CPUcpsid                             
0001da43  CPUprimask                           
0001da4d  CPUcpsie                             
0001da59  CPUwfi                               
0001da5d  CPUbasepriSet                        
0001da6b  CPUbasepriGet                        
0001da75  __aeabi_f2d                          
0001daad  I2CMRead                             
0001dae3  I2CMWrite                            
0001db19  I2CMWriteBatched                     
0001db51  _c_int00_noargs                      
0001db85  __isnanf                             
0001dbb5  __aeabi_i2d                          
0001dbe5  sqrtf                                
0001dc0d  GetOverflowCounts                    
0001dc31  USB0DeviceIntHandler                 
0001dc55  memccpy                              
0001dc71  copysign                             
0001dc71  copysignl                            
0001dca3  copysignf                            
0001dcbb  strcmp                               
0001dcd3  strchr                               
0001dce9  strcpy                               
0001dcfd  strlen                               
0001dd11  wcslen                               
0001dd23  __TI_decompress_none                 
0001dd31  __TI_zero_init                       
0001dd3d  ResetISR                             
0001dd55  __aeabi_errno_addr                   
0001dd5d  SysCtlDelay                          
0001dd63  _system_pre_init                     
0001dd67  C$$EXIT                              
0001dd67  abort                                
0001e120  _ctypes_                             
0001e768  g_pui8ConfigString                   
0001e808  g_sCDCHandlers                       
0001e868  g_pui8ControlInterfaceString         
0001e894  g_pui8ManufacturerString             
0001e8b8  g_pui8CDCSerCommInterface            
0001e8db  g_pui8ProductString                  
0001e958  g_ppui8StringDescriptors             
0001e970  g_pui8CDCSerDataInterface            
0001e987  g_pui8CDCSerDataInterfaceHS          
0001e9f0  g_pui8SerialNumberString             
0001ea88  g_sCDCCompSerConfigHeader            
0001ea90  g_sCDCCompSerConfigHeaderHS          
0001ea98  g_sCDCSerCommInterfaceSection        
0001eaa0  g_sCDCSerConfigHeader                
0001eaa8  g_sCDCSerConfigHeaderHS              
0001eab0  g_sCDCSerConfigSection               
0001eab8  g_sCDCSerDataInterfaceSection        
0001eac0  g_sCDCSerDataInterfaceSectionHS      
0001eac8  g_sIADSerConfigSection               
0001ead0  ulMaxSyscallInterruptPriority        
0001ead8  g_pui8LangDescriptor                 
0001eadc  alpha                                
0001eae0  g_pCDCCompSerConfigDescriptors       
0001eae4  g_pCDCCompSerConfigDescriptorsHS     
0001eae8  g_ppCDCSerConfigDescriptors          
0001eaec  g_ppCDCSerConfigDescriptorsHS        
0001eaf0  uxTopUsedPriority                    
0001ec30  __TI_Handler_Table_Base              
0001ec3c  __TI_Handler_Table_Limit             
0001ec50  __TI_CINIT_Base                      
0001ec68  __TI_CINIT_Limit                     
20000000  __start___llvm_prf_cnts              
20000000  __stop___llvm_prf_cnts               
20000000  g_pfnRAMVectors                      
20005c78  g_sI2CInst                           
20005eac  g_pui8USBRxBuffer                    
20005fac  g_pui8USBTxBuffer                    
20006148  g_sMPU9150Inst                       
200061b4  g_sCompDCMInst                       
2000620c  g_psDCDInst                          
2000625c  xQueueRegistry                       
200062ac  g_sBMP180Inst                        
20006330  g_sTMP006Inst                        
20006360  g_sSHT21Inst                         
20006400  g_pfnTickHandlers                    
20006418  g_pvTickInstance                     
20006530  g_ppsDevInfo                         
20006534  g_ui32CPUUsage                       
20006538  g_ui32PollRate                       
2000653c  g_ui32SystemClock                    
20006540  g_vui8DataFlag_bmp180                
20006544  g_vui8DataFlag_sht21                 
20006548  g_vui8DataFlag_tmp006                
2000654c  g_vui8ErrorFlag_bmp180               
20006550  g_vui8ErrorFlag_mpu9150              
20006554  g_vui8ErrorFlag_sht21                
20006558  g_vui8ErrorFlag_tmp006               
2000655c  g_vui8I2CDoneFlag_mpu9150            
20006560  mutex_i2c                            
20006564  mutex_uart                           
20006568  mutex_usb                            
2000656c  semaforo_aceleracion                 
20006570  semaforo_humedad                     
20006574  semaforo_presion                     
20006578  semaforo_temperatura                 
2000657c  timer_boton                          
20006580  timer_presion                        
20006584  g_eOTGModeState                      
20006588  g_sCDCDevice                         
200065e8  g_psCmdTable                         
2000663c  pxCurrentTCB                         
20006678  g_sRxBuffer                          
200066b0  g_sTxBuffer                          
20006758  g_pui8CDCSerDeviceDescriptor         
2000676c  g_psCDCCompSerSections               
2000677c  g_psCDCCompSerSectionsHS             
2000678c  g_ulUARTTxCount                      
20006790  g_ulUARTRxCount                      
20006794  g_ulUARTRxErrors                     
2000679c  g_psCDCSerSections                   
200067a8  g_psCDCSerSectionsHS                 
200067d8  g_bUSBTimerInitialized               
200067dc  g_ui32CurrentUSBTick                 
200067e0  g_ui32USBSOFCount                    
200067e4  freeRTOSIniciado                     
200067e5  flag_creado                          
200067e6  aplicacion_conectada                 
200067e8  presion_asl                          
200067ec  estadoLED                            
200067ed  enviarUART                           
200067ef  g_pui8CDCSerDescriptor               
200067f8  g_iUSBMode                           
200067fc  g_ui32WaitTicks                      
20006801  g_pui8IADSerDescriptor               
20006820  errno                                
20006828  __stack                              
20006a28  __STACK_END                          
20006a28  __STACK_TOP                          
ffffffff  __TI_pprof_out_hndl                  
ffffffff  __TI_prof_data_size                  
ffffffff  __TI_prof_data_start                 
ffffffff  __binit__                            
ffffffff  __c_args__                           
ffffffff  binit                                
UNDEFED   __mpu_init                           
UNDEFED   _system_post_cinit                   

[895 symbols]
