******************************************************************************
                  TI ARM Linker PC v20.2.7                     
******************************************************************************
>> Linked Wed Jun 10 19:17:06 2026

OUTPUT FILE NAME:   <MonitorizacionCargaTIVA.out>
ENTRY POINT SYMBOL: "_c_int00_noargs"  address: 0001da99


MEMORY CONFIGURATION

         name            origin    length      used     unused   attr    fill
----------------------  --------  ---------  --------  --------  ----  --------
  FLASH                 00000000   00040000  0001ebaa  00021456  R  X
  SRAM                  20000000   00008000  00006a21  000015df  RW X


SEGMENT ALLOCATION MAP

run origin  load origin   length   init length attrs members
----------  ----------- ---------- ----------- ----- -------
00000000    00000000    0001ebb0   0001ebb0    r-x
  00000000    00000000    0000026c   0000026c    r-- .intvecs
  0000026c    0000026c    0001da46   0001da46    r-x .text
  0001dcb8    0001dcb8    00000d88   00000d88    r-- .const
  0001ea40    0001ea40    00000170   00000170    r-- .cinit
20000000    20000000    00006a28   00000000    rw-
  20000000    20000000    0000026c   00000000    rw- .vtable
  2000026c    2000026c    00006319   00000000    rw- .bss
  20006588    20006588    0000029c   00000000    rw- .data
  20006828    20006828    00000200   00000000    rw- .stack


SECTION ALLOCATION MAP

 output                                  attributes/
section   page    origin      length       input sections
--------  ----  ----------  ----------   ----------------
.intvecs   0    00000000    0000026c     
                  00000000    0000026c     startup_ccs.obj (.intvecs)

.text      0    0000026c    0001da46     
                  0000026c    00003084     usbhostenum.obj (.text)
                  000032f0    00002870     tasks.obj (.text)
                  00005b60    0000238c     usb.obj (.text)
                  00007eec    00001af4     Inicial.obj (.text)
                  000099e0    00001688     sysctl.obj (.text)
                  0000b068    00001570     usbdenum.obj (.text)
                  0000c5d8    00001288     gpio.obj (.text)
                  0000d860    000010c4     queue.obj (.text)
                  0000e924    00000fdc     usbdcdc.obj (.text)
                  0000f900    00000fa8     usbdma.obj (.text)
                  000108a8    00000ea4     i2cm_drv.obj (.text)
                  0001174c    00000d20     timer.obj (.text)
                  0001246c    00000b8c     uartstdioMod.obj (.text)
                  00012ff8    00000b08     uart.obj (.text)
                  00013b00    00000a4e     rtsv7M4_T_le_v4SPD16_eabi.lib : _printfi.c.obj (.text:__TI_printfi)
                  0001454e    00000002                                   : div0.asm.obj (.text)
                  00014550    000009b4     bmp180.obj (.text)
                  00014f04    00000980     comp_dcm.obj (.text)
                  00015884    0000095c     mpu9150.obj (.text)
                  000161e0    00000924     usbhhub.obj (.text)
                  00016b04    000007b4     timers.obj (.text)
                  000172b8    00000598     usbbuffer.obj (.text)
                  00017850    0000058c     rtsv7M4_T_le_v4SPD16_eabi.lib : e_powf.c.obj (.text:powf)
                  00017ddc    00000570     usbmode.obj (.text)
                  0001834c    00000510     tmp006.obj (.text)
                  0001885c    00000490     interrupt.obj (.text)
                  00018cec    0000048c     usbringbuf.obj (.text)
                  00019178    00000478     heap_4.obj (.text)
                  000195f0    00000460     commands.obj (.text)
                  00019a50    0000042c     rgb.obj (.text)
                  00019e7c    000003bc     usbdconfig.obj (.text)
                  0001a238    000003b4     usb_dev_serial.obj (.text)
                  0001a5ec    000003a8     serial2USBprotocol.obj (.text)
                  0001a994    0000036c     sht21.obj (.text)
                  0001ad00    000002de     usbdcdesc.obj (.text)
                  0001afde    00000002     --HOLE-- [fill = 0]
                  0001afe0    000002d0     port.obj (.text)
                  0001b2b0    00000270     rtsv7M4_T_le_v4SPD16_eabi.lib : _printfi.c.obj (.text:_pconv_a)
                  0001b520    000001d2     usbdesc.obj (.text)
                  0001b6f2    00000002     --HOLE-- [fill = 0]
                  0001b6f4    000001d0     rtsv7M4_T_le_v4SPD16_eabi.lib : _printfi.c.obj (.text:_pconv_g)
                  0001b8c4    000001b6                                   : fd_add_t2.asm.obj (.text)
                  0001ba7a    00000002     --HOLE-- [fill = 0]
                  0001ba7c    00000170                                   : e_asinf.c.obj (.text:asinf)
                  0001bbec    00000158                                   : e_atan2f.c.obj (.text:atan2f)
                  0001bd44    00000158                                   : e_sqrt.c.obj (.text:sqrt)
                  0001be9c    00000158     vector.obj (.text)
                  0001bff4    00000150     rtsv7M4_T_le_v4SPD16_eabi.lib : s_atanf.c.obj (.text:atanf)
                  0001c144    0000013c                                   : _printfi.c.obj (.text:_pconv_e)
                  0001c280    00000136                                   : fd_div_t2.asm.obj (.text)
                  0001c3b6    0000012a     list.obj (.text)
                  0001c4e0    00000128     buttons.obj (.text)
                  0001c608    00000124     cpu_usage.obj (.text)
                  0001c72c    00000124     rtsv7M4_T_le_v4SPD16_eabi.lib : _printfi.c.obj (.text:fcvt)
                  0001c850    00000110                                   : s_scalbn.c.obj (.text:scalbn)
                  0001c960    000000fc                                   : fd_mul_t2.asm.obj (.text)
                  0001ca5c    000000f8                                   : s_floor.c.obj (.text:floor)
                  0001cb54    000000ec     usbtick.obj (.text)
                  0001cc40    000000da     portasm.obj (.text)
                  0001cd1a    00000002     --HOLE-- [fill = 0]
                  0001cd1c    000000d0     rtsv7M4_T_le_v4SPD16_eabi.lib : s_scalbnf.c.obj (.text:scalbnf)
                  0001cdec    000000c8     usbulpi.obj (.text)
                  0001ceb4    000000c4     rtsv7M4_T_le_v4SPD16_eabi.lib : s_round.c.obj (.text:round)
                  0001cf78    000000b1                                   : _printfi.c.obj (.text:_ltostr)
                  0001d029    00000003     --HOLE-- [fill = 0]
                  0001d02c    000000ac     cmdline.obj (.text)
                  0001d0d8    0000009c     rtsv7M4_T_le_v4SPD16_eabi.lib : memcpy_t2.asm.obj (.text)
                  0001d174    00000096                                   : ull_div_t2.asm.obj (.text)
                  0001d20a    00000086                                   : fd_cmp_t2.asm.obj (.text:__aeabi_cdcmple)
                  0001d290    00000086                                   : fd_cmp_t2.asm.obj (.text:__aeabi_cdrcmple)
                  0001d316    0000007a                                   : memset_t2.asm.obj (.text)
                  0001d390    0000006e                                   : _printfi.c.obj (.text:_mcpy)
                  0001d3fe    0000006e                                   : fd_tos_t2.asm.obj (.text)
                  0001d46c    00000068     crc.obj (.text)
                  0001d4d4    00000068     RunTimeStatsConfig.obj (.text)
                  0001d53c    00000068     rtsv7M4_T_le_v4SPD16_eabi.lib : copy_decompress_lzss.c.obj (.text:decompress:lzss:__TI_decompress_lzss)
                  0001d5a4    00000064                                   : s_frexp.c.obj (.text:frexp)
                  0001d608    00000056                                   : _printfi.c.obj (.text:_pconv_f)
                  0001d65e    00000054                                   : _ltoa.c.obj (.text:__TI_ltoa)
                  0001d6b2    00000052                                   : _printfi.c.obj (.text:_ecpy)
                  0001d704    00000050                                   : fs_toull_t2.asm.obj (.text)
                  0001d754    0000004e     Inicial.obj (.text:I2CMReadModifyWrite16BE)
                  0001d7a2    00000002     --HOLE-- [fill = 0]
                  0001d7a4    0000004c     rtsv7M4_T_le_v4SPD16_eabi.lib : atoi.c.obj (.text:atoi)
                  0001d7f0    00000048                                   : fd_toi_t2.asm.obj (.text)
                  0001d838    00000044                                   : autoinit.c.obj (.text:__TI_auto_init_nobinit_nopinit:__TI_auto_init_nobinit_nopinit)
                  0001d87c    00000044                                   : fd_tou_t2.asm.obj (.text)
                  0001d8c0    00000040                                   : u_divt2.asm.obj (.text)
                  0001d900    00000040                                   : sprintf.c.obj (.text:sprintf)
                  0001d940    0000003e                                   : _printfi.c.obj (.text:_fcpy)
                  0001d97e    0000003e     cpu.obj (.text)
                  0001d9bc    00000038     rtsv7M4_T_le_v4SPD16_eabi.lib : fs_tod_t2.asm.obj (.text)
                  0001d9f4    00000036     Inicial.obj (.text:I2CMRead)
                  0001da2a    00000036     Inicial.obj (.text:I2CMWrite)
                  0001da60    00000036     Inicial.obj (.text:I2CMWriteBatched)
                  0001da96    00000002     --HOLE-- [fill = 0]
                  0001da98    00000034     rtsv7M4_T_le_v4SPD16_eabi.lib : boot_cortex_m.c.obj (.text:_c_int00_noargs:_c_int00_noargs)
                  0001dacc    00000030     Inicial.obj (.text:__isnanf)
                  0001dafc    0000002e     rtsv7M4_T_le_v4SPD16_eabi.lib : i_tofd_t2.asm.obj (.text)
                  0001db2a    00000002     --HOLE-- [fill = 0]
                  0001db2c    00000028                                   : e_sqrtf.c.obj (.text:sqrtf)
                  0001db54    00000024     RunTimeStatsConfig.obj (.text:GetOverflowCounts)
                  0001db78    00000024     usbdhandler.obj (.text)
                  0001db9c    0000001c     rtsv7M4_T_le_v4SPD16_eabi.lib : memccpy.c.obj (.text:memccpy)
                  0001dbb8    0000001a                                   : s_copysign.c.obj (.text:copysign)
                  0001dbd2    00000018                                   : sprintf.c.obj (.text:_outs)
                  0001dbea    00000018                                   : s_copysignf.c.obj (.text:copysignf)
                  0001dc02    00000018                                   : strcmp.c.obj (.text:strcmp)
                  0001dc1a    00000016                                   : strchr.c.obj (.text:strchr)
                  0001dc30    00000014                                   : strcpy.c.obj (.text:strcpy)
                  0001dc44    00000014                                   : strlen.c.obj (.text:strlen)
                  0001dc58    00000012                                   : wcslen.c.obj (.text:wcslen)
                  0001dc6a    0000000e                                   : copy_decompress_none.c.obj (.text:decompress:none:__TI_decompress_none)
                  0001dc78    0000000c                                   : copy_zero_init.c.obj (.text:decompress:ZI:__TI_zero_init)
                  0001dc84    0000000c     startup_ccs.obj (.text)
                  0001dc90    0000000a     rtsv7M4_T_le_v4SPD16_eabi.lib : sprintf.c.obj (.text:_outc)
                  0001dc9a    00000002     --HOLE-- [fill = 0]
                  0001dc9c    00000008                                   : errno.c.obj (.text:__aeabi_errno_addr)
                  0001dca4    00000006     sysctl.obj (.text:SysCtlDelay)
                  0001dcaa    00000004     rtsv7M4_T_le_v4SPD16_eabi.lib : pre_init.c.obj (.text:_system_pre_init)
                  0001dcae    00000004                                   : exit.c.obj (.text:abort:abort)

.const     0    0001dcb8    00000d88     
                  0001dcb8    00000200     crc.obj (.const:crctttab)
                  0001deb8    000001b0     sysctl.obj (.const:g_pppui32XTALtoVCO)
                  0001e068    00000101     rtsv7M4_T_le_v4SPD16_eabi.lib : ctype.c.obj (.const:.string:_ctypes_)
                  0001e169    00000003     --HOLE-- [fill = 0]
                  0001e16c    000000f2     commands.obj (.const:.string)
                  0001e25e    00000002     --HOLE-- [fill = 0]
                  0001e260    000000d8     gpio.obj (.const:g_ppui32GPIOIntMapSnowflake)
                  0001e338    000000c0     gpio.obj (.const:g_ppui32GPIOIntMapBlizzard)
                  0001e3f8    0000009c     interrupt.obj (.const:g_pui32Regs)
                  0001e494    00000090     gpio.obj (.const:g_pui32GPIOBaseAddrs)
                  0001e524    0000006c     sysctl.obj (.const:g_pui32Xtals)
                  0001e590    00000060     timer.obj (.const:g_ppui32TimerIntMap)
                  0001e5f0    00000040     timer.obj (.const:g_ppui32TimerIntMapSnowflake)
                  0001e630    00000040     uart.obj (.const:g_ppui32UARTIntMap)
                  0001e670    00000040     uart.obj (.const:g_ppui32UARTIntMapSnowflake)
                  0001e6b0    00000036     usb_serial_structs.obj (.const:.string:g_pui8ConfigString)
                  0001e6e6    00000002     --HOLE-- [fill = 0]
                  0001e6e8    00000034     rtsv7M4_T_le_v4SPD16_eabi.lib : s_atanf.c.obj (.const:$O1$$)
                  0001e71c    00000034     usbdenum.obj (.const:g_psUSBDStdRequests)
                  0001e750    00000030     usbdcdc.obj (.const:g_sCDCHandlers)
                  0001e780    00000030     sysctl.obj (.const:g_sXTALtoMEMTIM)
                  0001e7b0    0000002c     usb_serial_structs.obj (.const:.string:g_pui8ControlInterfaceString)
                  0001e7dc    00000024     usb_serial_structs.obj (.const:.string:g_pui8ManufacturerString)
                  0001e800    00000023     usbdcdc.obj (.const:.string:g_pui8CDCSerCommInterface)
                  0001e823    00000022     usb_serial_structs.obj (.const:.string:g_pui8ProductString)
                  0001e845    00000003     --HOLE-- [fill = 0]
                  0001e848    00000020     interrupt.obj (.const:g_pui32Priority)
                  0001e868    00000020     rtsv7M4_T_le_v4SPD16_eabi.lib : e_asinf.c.obj (.const)
                  0001e888    00000018                                   : e_powf.c.obj (.const:$O1$$)
                  0001e8a0    00000018     usb_serial_structs.obj (.const:g_ppui8StringDescriptors)
                  0001e8b8    00000017     usbdcdc.obj (.const:.string:g_pui8CDCSerDataInterface)
                  0001e8cf    00000017     usbdcdc.obj (.const:.string:g_pui8CDCSerDataInterfaceHS)
                  0001e8e6    00000002     --HOLE-- [fill = 0]
                  0001e8e8    00000014     interrupt.obj (.const:g_pui32Dii16Regs)
                  0001e8fc    00000014     interrupt.obj (.const:g_pui32EnRegs)
                  0001e910    00000014     interrupt.obj (.const:g_pui32PendRegs)
                  0001e924    00000014     interrupt.obj (.const:g_pui32UnpendRegs)
                  0001e938    00000012     usb_serial_structs.obj (.const:.string:g_pui8SerialNumberString)
                  0001e94a    00000002     --HOLE-- [fill = 0]
                  0001e94c    00000012     uartstdioMod.obj (.const:.string)
                  0001e95e    00000002     --HOLE-- [fill = 0]
                  0001e960    00000010     mpu9150.obj (.const:g_fMPU9150AccelFactors)
                  0001e970    00000010     mpu9150.obj (.const:g_fMPU9150GyroFactors)
                  0001e980    0000000c     Inicial.obj (.const:$P$T0$2)
                  0001e98c    0000000c     Inicial.obj (.const:$P$T1$3)
                  0001e998    0000000c     Inicial.obj (.const:$P$T2$4)
                  0001e9a4    0000000c     uartstdioMod.obj (.const:g_ui32UARTBase)
                  0001e9b0    0000000c     uartstdioMod.obj (.const:g_ui32UARTInt)
                  0001e9bc    0000000c     uartstdioMod.obj (.const:g_ui32UARTPeriph)
                  0001e9c8    00000008     sysctl.obj (.const:g_pui32VCOFrequencies)
                  0001e9d0    00000008     usbdcdc.obj (.const:g_sCDCCompSerConfigHeader)
                  0001e9d8    00000008     usbdcdc.obj (.const:g_sCDCCompSerConfigHeaderHS)
                  0001e9e0    00000008     usbdcdc.obj (.const:g_sCDCSerCommInterfaceSection)
                  0001e9e8    00000008     usbdcdc.obj (.const:g_sCDCSerConfigHeader)
                  0001e9f0    00000008     usbdcdc.obj (.const:g_sCDCSerConfigHeaderHS)
                  0001e9f8    00000008     usbdcdc.obj (.const:g_sCDCSerConfigSection)
                  0001ea00    00000008     usbdcdc.obj (.const:g_sCDCSerDataInterfaceSection)
                  0001ea08    00000008     usbdcdc.obj (.const:g_sCDCSerDataInterfaceSectionHS)
                  0001ea10    00000008     usbdcdc.obj (.const:g_sIADSerConfigSection)
                  0001ea18    00000008     port.obj (.const)
                  0001ea20    00000004     usb_serial_structs.obj (.const:.string:g_pui8LangDescriptor)
                  0001ea24    00000004     Inicial.obj (.const)
                  0001ea28    00000004     usbdcdc.obj (.const:g_pCDCCompSerConfigDescriptors)
                  0001ea2c    00000004     usbdcdc.obj (.const:g_pCDCCompSerConfigDescriptorsHS)
                  0001ea30    00000004     usbdcdc.obj (.const:g_ppCDCSerConfigDescriptors)
                  0001ea34    00000004     usbdcdc.obj (.const:g_ppCDCSerConfigDescriptorsHS)
                  0001ea38    00000004     tasks.obj (.const)
                  0001ea3c    00000004     uartstdioMod.obj (.const)

.cinit     0    0001ea40    00000170     
                  0001ea40    0000013a     (.cinit..data.load) [load image, compression = lzss]
                  0001eb7a    00000002     --HOLE-- [fill = 0]
                  0001eb7c    0000000c     (__TI_handler_table)
                  0001eb88    00000008     (.cinit..bss.load) [load image, compression = zero_init]
                  0001eb90    00000008     (.cinit..vtable.load) [load image, compression = zero_init]
                  0001eb98    00000018     (__TI_cinit_table)

.init_array 
*          0    00000000    00000000     UNINITIALIZED

.vtable    0    20000000    0000026c     UNINITIALIZED
                  20000000    0000026c     interrupt.obj (.vtable)

.bss       0    2000026c    00006319     UNINITIALIZED
                  2000026c    00005000     heap_4.obj (.bss:ucHeap)
                  2000526c    000006cc     usbhostenum.obj (.bss:g_sUSBHCD)
                  20005938    00000200     uartstdioMod.obj (.bss:g_pcUARTRxHistoryBuffer)
                  20005b38    00000140     tasks.obj (.bss:pxReadyTasksLists)
                  20005c78    00000124     (.common:g_sI2CInst)
                  20005d9c    00000110     usbdma.obj (.bss:g_psUSBDMAInst)
                  20005eac    00000100     (.common:g_pui8USBRxBuffer)
                  20005fac    00000100     (.common:g_pui8USBTxBuffer)
                  200060ac    0000009c     usbhhub.obj (.bss:g_sRootHub)
                  20006148    0000006c     (.common:g_sMPU9150Inst)
                  200061b4    00000058     (.common:g_sCompDCMInst)
                  2000620c    00000050     (.common:g_psDCDInst)
                  2000625c    00000050     (.common:xQueueRegistry)
                  200062ac    00000044     (.common:g_sBMP180Inst)
                  200062f0    00000040     usbdenum.obj (.bss:g_pui8DataBufferIn)
                  20006330    00000030     (.common:g_sTMP006Inst)
                  20006360    0000002c     (.common:g_sSHT21Inst)
                  2000638c    00000024     cmdline.obj (.bss:g_ppcArgv)
                  200063b0    00000020     uartstdioMod.obj (.bss:g_usUARTRxHistoryOffset)
                  200063d0    00000018     usbhostenum.obj (.bss:g_pi32USBHActiveDriver)
                  200063e8    00000018     usbhostenum.obj (.bss:g_ppvDriverInstance)
                  20006400    00000018     (.common:g_pfnTickHandlers)
                  20006418    00000018     (.common:g_pvTickInstance)
                  20006430    00000014     uartstdioMod.obj (.bss)
                  20006444    00000014     timers.obj (.bss:xActiveTimerList1)
                  20006458    00000014     timers.obj (.bss:xActiveTimerList2)
                  2000646c    00000014     tasks.obj (.bss:xDelayedTaskList1)
                  20006480    00000014     tasks.obj (.bss:xDelayedTaskList2)
                  20006494    00000014     tasks.obj (.bss:xPendingReadyList)
                  200064a8    00000014     tasks.obj (.bss:xSuspendedTaskList)
                  200064bc    00000014     tasks.obj (.bss:xTasksWaitingTermination)
                  200064d0    0000000c     cpu_usage.obj (.bss)
                  200064dc    0000000c     rgb.obj (.bss:g_ui32Colors)
                  200064e8    00000008     Inicial.obj (.bss)
                  200064f0    00000008     usbhostenum.obj (.bss:g_pui32Alloc)
                  200064f8    00000008     tasks.obj (.bss)
                  20006500    00000008     timers.obj (.bss)
                  20006508    00000008     usb_dev_serial.obj (.bss)
                  20006510    00000008     usbhhub.obj (.bss)
                  20006518    00000008     heap_4.obj (.bss:xStart)
                  20006520    00000004     rgb.obj (.bss)
                  20006524    00000004     usbdenum.obj (.bss)
                  20006528    00000004     usbhostenum.obj (.bss)
                  2000652c    00000004     usbmode.obj (.bss)
                  20006530    00000004     (.common:g_ppsDevInfo)
                  20006534    00000004     (.common:g_ui32CPUUsage)
                  20006538    00000004     (.common:g_ui32PollRate)
                  2000653c    00000004     (.common:g_ui32SystemClock)
                  20006540    00000004     (.common:g_vui8DataFlag_bmp180)
                  20006544    00000004     (.common:g_vui8DataFlag_sht21)
                  20006548    00000004     (.common:g_vui8DataFlag_tmp006)
                  2000654c    00000004     (.common:g_vui8ErrorFlag_bmp180)
                  20006550    00000004     (.common:g_vui8ErrorFlag_mpu9150)
                  20006554    00000004     (.common:g_vui8ErrorFlag_sht21)
                  20006558    00000004     (.common:g_vui8ErrorFlag_tmp006)
                  2000655c    00000004     (.common:g_vui8I2CDoneFlag_mpu9150)
                  20006560    00000004     (.common:mutex_i2c)
                  20006564    00000004     (.common:mutex_uart)
                  20006568    00000004     (.common:mutex_usb)
                  2000656c    00000004     (.common:semaforo_aceleracion)
                  20006570    00000004     (.common:semaforo_humedad)
                  20006574    00000004     (.common:semaforo_presion)
                  20006578    00000004     (.common:semaforo_temperatura)
                  2000657c    00000004     (.common:timer_boton)
                  20006580    00000004     (.common:timer_presion)
                  20006584    00000001     (.common:g_eOTGModeState)

.data      0    20006588    0000029c     UNINITIALIZED
                  20006588    00000060     usb_serial_structs.obj (.data:g_sCDCDevice)
                  200065e8    00000054     commands.obj (.data:g_psCmdTable)
                  2000663c    0000003c     tasks.obj (.data)
                  20006678    00000038     usb_serial_structs.obj (.data:g_sRxBuffer)
                  200066b0    00000038     usb_serial_structs.obj (.data:g_sTxBuffer)
                  200066e8    00000018     cpu_usage.obj (.data:g_pui32CPUUsageTimerBase)
                  20006700    00000018     cpu_usage.obj (.data:g_pui32CPUUsageTimerPeriph)
                  20006718    00000018     usbhostenum.obj (.data:g_sUSBHEP0State)
                  20006730    00000014     heap_4.obj (.data)
                  20006744    00000014     usbhostenum.obj (.data)
                  20006758    00000012     usbdcdc.obj (.data:g_pui8CDCSerDeviceDescriptor)
                  2000676a    00000002     usbdcdc.obj (.data)
                  2000676c    00000010     usbdcdc.obj (.data:g_psCDCCompSerSections)
                  2000677c    00000010     usbdcdc.obj (.data:g_psCDCCompSerSectionsHS)
                  2000678c    0000000d     usb_dev_serial.obj (.data)
                  20006799    00000003     buttons.obj (.data)
                  2000679c    0000000c     usbdcdc.obj (.data:g_psCDCSerSections)
                  200067a8    0000000c     usbdcdc.obj (.data:g_psCDCSerSectionsHS)
                  200067b4    0000000c     port.obj (.data)
                  200067c0    0000000c     timers.obj (.data)
                  200067cc    0000000c     uartstdioMod.obj (.data)
                  200067d8    0000000c     usbtick.obj (.data)
                  200067e4    0000000b     Inicial.obj (.data)
                  200067ef    00000009     usbdcdc.obj (.data:g_pui8CDCSerDescriptor)
                  200067f8    00000009     usbmode.obj (.data)
                  20006801    00000008     usbdcdc.obj (.data:g_pui8IADSerDescriptor)
                  20006809    00000003     --HOLE--
                  2000680c    00000008     usbdenum.obj (.data)
                  20006814    00000007     usb_dev_serial.obj (.data:ConfigLinea)
                  2000681b    00000001     --HOLE--
                  2000681c    00000004     rgb.obj (.data)
                  20006820    00000004     rtsv7M4_T_le_v4SPD16_eabi.lib : errno.c.obj (.data)

.stack     0    20006828    00000200     UNINITIALIZED
                  20006828    00000004     rtsv7M4_T_le_v4SPD16_eabi.lib : boot_cortex_m.c.obj (.stack)
                  2000682c    000001fc     --HOLE--

__llvm_prf_cnts 
*          0    20000000    00000000     UNINITIALIZED

MODULE SUMMARY

       Module                       code     ro data   rw data
       ------                       ----     -------   -------
    .\
       Inicial.obj                  7188     40        743    
       commands.obj                 1120     242       84     
       usb_dev_serial.obj           948      0         28     
       serial2USBprotocol.obj       936      0         0      
       usb_serial_structs.obj       0        214       720    
       startup_ccs.obj              12       620       0      
       crc.obj                      104      512       0      
    +--+----------------------------+--------+---------+---------+
       Total:                       10308    1628      1575   
                                                              
    .\FreeRTOS\Source\
       tasks.obj                    10352    4         488    
       queue.obj                    4292     0         80     
       timers.obj                   1972     0         60     
       list.obj                     298      0         0      
    +--+----------------------------+--------+---------+---------+
       Total:                       16914    4         628    
                                                              
    .\FreeRTOS\Source\portable\CCS\ARM_CM4F\
       port.obj                     720      8         12     
       portasm.obj                  218      0         0      
    +--+----------------------------+--------+---------+---------+
       Total:                       938      8         12     
                                                              
    .\FreeRTOS\Source\portable\MemMang\
       heap_4.obj                   1144     0         20508  
    +--+----------------------------+--------+---------+---------+
       Total:                       1144     0         20508  
                                                              
    .\driverlib\
       usb.obj                      9100     0         0      
       sysctl.obj                   5774     596       0      
       gpio.obj                     4744     552       0      
       timer.obj                    3360     160       0      
       uart.obj                     2824     128       0      
       interrupt.obj                1168     268       620    
       cpu.obj                      62       0         0      
    +--+----------------------------+--------+---------+---------+
       Total:                       27032    1704      620    
                                                              
    .\drivers\
       rgb.obj                      1068     0         20     
       buttons.obj                  296      0         3      
    +--+----------------------------+--------+---------+---------+
       Total:                       1364     0         23     
                                                              
    .\sensorlib\
       i2cm_drv.obj                 3748     0         0      
       bmp180.obj                   2484     0         0      
       comp_dcm.obj                 2432     0         0      
       mpu9150.obj                  2396     32        0      
       tmp006.obj                   1296     0         0      
       sht21.obj                    876      0         0      
       vector.obj                   344      0         0      
    +--+----------------------------+--------+---------+---------+
       Total:                       13576    32        0      
                                                              
    .\usblib\
       usbdma.obj                   4008     0         272    
       usbbuffer.obj                1432     0         0      
       usbmode.obj                  1392     0         18     
       usbringbuf.obj               1164     0         0      
       usbdesc.obj                  466      0         0      
       usbtick.obj                  236      0         60     
       usbulpi.obj                  200      0         0      
    +--+----------------------------+--------+---------+---------+
       Total:                       8898     0         350    
                                                              
    .\usblib\device\
       usbdenum.obj                 5488     52        160    
       usbdcdc.obj                  4060     217       93     
       usbdconfig.obj               956      0         0      
       usbdcdesc.obj                734      0         0      
       usbdhandler.obj              36       0         0      
    +--+----------------------------+--------+---------+---------+
       Total:                       11274    269       253    
                                                              
    .\usblib\host\
       usbhostenum.obj              12420    0         1844   
       usbhhub.obj                  2340     0         164    
    +--+----------------------------+--------+---------+---------+
       Total:                       14760    0         2008   
                                                              
    .\utils\
       uartstdioMod.obj             2956     58        576    
       cpu_usage.obj                292      0         60     
       cmdline.obj                  172      0         36     
       RunTimeStatsConfig.obj       140      0         0      
    +--+----------------------------+--------+---------+---------+
       Total:                       3560     58        672    
                                                              
    D:\ti\ccs1240\ccs\tools\compiler\ti-cgt-arm_20.2.7.LTS\lib\rtsv7M4_T_le_v4SPD16_eabi.lib
       _printfi.c.obj               4851     0         0      
       e_powf.c.obj                 1420     24        0      
       fd_add_t2.asm.obj            438      0         0      
       e_asinf.c.obj                368      32        0      
       s_atanf.c.obj                336      52        0      
       e_atan2f.c.obj               344      0         0      
       e_sqrt.c.obj                 344      0         0      
       fd_div_t2.asm.obj            310      0         0      
       s_scalbn.c.obj               272      0         0      
       fd_cmp_t2.asm.obj            268      0         0      
       ctype.c.obj                  0        257       0      
       fd_mul_t2.asm.obj            252      0         0      
       s_floor.c.obj                248      0         0      
       s_scalbnf.c.obj              208      0         0      
       s_round.c.obj                196      0         0      
       memcpy_t2.asm.obj            156      0         0      
       ull_div_t2.asm.obj           150      0         0      
       memset_t2.asm.obj            122      0         0      
       fd_tos_t2.asm.obj            110      0         0      
       copy_decompress_lzss.c.obj   104      0         0      
       s_frexp.c.obj                100      0         0      
       sprintf.c.obj                98       0         0      
       _ltoa.c.obj                  84       0         0      
       fs_toull_t2.asm.obj          80       0         0      
       atoi.c.obj                   76       0         0      
       fd_toi_t2.asm.obj            72       0         0      
       autoinit.c.obj               68       0         0      
       fd_tou_t2.asm.obj            68       0         0      
       u_divt2.asm.obj              64       0         0      
       fs_tod_t2.asm.obj            56       0         0      
       boot_cortex_m.c.obj          52       0         0      
       i_tofd_t2.asm.obj            46       0         0      
       e_sqrtf.c.obj                40       0         0      
       memccpy.c.obj                28       0         0      
       s_copysign.c.obj             26       0         0      
       s_copysignf.c.obj            24       0         0      
       strcmp.c.obj                 24       0         0      
       strchr.c.obj                 22       0         0      
       strcpy.c.obj                 20       0         0      
       strlen.c.obj                 20       0         0      
       wcslen.c.obj                 18       0         0      
       copy_decompress_none.c.obj   14       0         0      
       copy_zero_init.c.obj         12       0         0      
       errno.c.obj                  8        0         4      
       exit.c.obj                   4        0         0      
       pre_init.c.obj               4        0         0      
       div0.asm.obj                 2        0         0      
    +--+----------------------------+--------+---------+---------+
       Total:                       11627    365       4      
                                                              
       Stack:                       0        0         512    
       Linker Generated:            0        366       0      
    +--+----------------------------+--------+---------+---------+
       Grand Total:                 121395   4434      27165  


LINKER GENERATED COPY TABLES

__TI_cinit_table @ 0001eb98 records: 3, size/record: 8, table size: 24
	.data: load addr=0001ea40, load size=0000013a bytes, run addr=20006588, run size=0000029c bytes, compression=lzss
	.bss: load addr=0001eb88, load size=00000008 bytes, run addr=2000026c, run size=00006319 bytes, compression=zero_init
	.vtable: load addr=0001eb90, load size=00000008 bytes, run addr=20000000, run size=0000026c bytes, compression=zero_init


LINKER GENERATED HANDLER TABLE

__TI_handler_table @ 0001eb7c records: 3, size/record: 4, table size: 12
	index: 0, handler: __TI_zero_init
	index: 1, handler: __TI_decompress_lzss
	index: 2, handler: __TI_decompress_none


GLOBAL SYMBOLS: SORTED ALPHABETICALLY BY Name 

address   name                                 
-------   ----                                 
00007faf  AppErrorHandler                      
00007f35  BMP180AppCallback                    
00007fb9  BMP180AppI2CWait                     
00014b0f  BMP180DataPressureGetFloat           
00014ae5  BMP180DataPressureGetRaw             
00014a79  BMP180DataRead                       
00014e27  BMP180DataTemperatureGetFloat        
00014e0b  BMP180DataTemperatureGetRaw          
000148c7  BMP180Init                           
00014935  BMP180Read                           
00014a1b  BMP180ReadModifyWrite                
0001499d  BMP180Write                          
00009871  ButtonsHandler                       
0001c587  ButtonsInit                          
0001c4e1  ButtonsPoll                          
0001dcaf  C$$EXIT                              
0001c647  CPUUsageInit                         
0001c609  CPUUsageTick                         
0001d9b3  CPUbasepriGet                        
0001d9a5  CPUbasepriSet                        
0001d97f  CPUcpsid                             
0001d995  CPUcpsie                             
0001d98b  CPUprimask                           
0001d9a1  CPUwfi                               
0001d02d  CmdLineProcess                       
00014f79  CompDCMAccelUpdate                   
000154c7  CompDCMComputeEulers                 
0001553d  CompDCMComputeQuaternion             
00014fd9  CompDCMGyroUpdate                    
00014f05  CompDCMInit                          
00015039  CompDCMMagnetoUpdate                 
00015473  CompDCMMatrixGet                     
00015099  CompDCMStart                         
00015185  CompDCMUpdate                        
0000026d  ConfigDescAlloc                      
00000303  ConfigDescFree                       
0000d7ef  GPIOADCTriggerDisable                
0000d7c3  GPIOADCTriggerEnable                 
0000d797  GPIODMATriggerDisable                
0000d76b  GPIODMATriggerEnable                 
0000c7b5  GPIODirModeGet                       
0000c731  GPIODirModeSet                       
0000cf85  GPIOIntClear                         
0000cf2d  GPIOIntDisable                       
0000cf05  GPIOIntEnable                        
0000cfa7  GPIOIntRegister                      
0000d025  GPIOIntRegisterPin                   
0000cf55  GPIOIntStatus                        
0000c9d9  GPIOIntTypeGet                       
0000c889  GPIOIntTypeSet                       
0000cfe5  GPIOIntUnregister                    
0000d09d  GPIOIntUnregisterPin                 
0000cd71  GPIOPadConfigGet                     
0000ca7d  GPIOPadConfigSet                     
0000d6e5  GPIOPinConfigure                     
0000d0ef  GPIOPinRead                          
0000d143  GPIOPinTypeADC                       
0000d179  GPIOPinTypeCAN                       
0000d1af  GPIOPinTypeComparator                
0000d1e5  GPIOPinTypeComparatorOutput          
0000d21b  GPIOPinTypeDIVSCLK                   
0000d251  GPIOPinTypeEPI                       
0000d287  GPIOPinTypeEthernetLED               
0000d2bd  GPIOPinTypeEthernetMII               
0000d301  GPIOPinTypeGPIOInput                 
0000d337  GPIOPinTypeGPIOOutput                
0000d36d  GPIOPinTypeGPIOOutputOD              
0000d3a3  GPIOPinTypeHibernateRTCCLK           
0000d3d9  GPIOPinTypeI2C                       
0000d40f  GPIOPinTypeI2CSCL                    
0000d445  GPIOPinTypeLCD                       
0000d47b  GPIOPinTypeOneWire                   
0000d4b1  GPIOPinTypePWM                       
0000d4e7  GPIOPinTypeQEI                       
0000d51d  GPIOPinTypeSSI                       
0000d553  GPIOPinTypeTimer                     
0000d589  GPIOPinTypeTrace                     
0000d5bf  GPIOPinTypeUART                      
0000d5f9  GPIOPinTypeUSBAnalog                 
0000d62f  GPIOPinTypeUSBDigital                
0000d665  GPIOPinTypeWakeHigh                  
0000d69d  GPIOPinTypeWakeLow                   
0000d6d5  GPIOPinWakeStatus                    
0000d115  GPIOPinWrite                         
0000d81b  GPIOUnlockPin                        
0001db55  GetOverflowCounts                    
00007fa5  I2CIntHandler                        
00010fe3  I2CMCommand                          
00010ef7  I2CMInit                             
00010dcb  I2CMIntHandler                       
0001d9f5  I2CMRead                             
000115d5  I2CMRead16BE                         
0001d755  I2CMReadModifyWrite16BE              
000113c1  I2CMReadModifyWrite16LE              
00011259  I2CMReadModifyWrite8                 
0001111d  I2CMTransferResume                   
0001da2b  I2CMWrite                            
000116b7  I2CMWrite16BE                        
000114ed  I2CMWrite8                           
0001da61  I2CMWriteBatched                     
000083a5  InicializarBMP180                    
000081e5  InicializarI2C                       
0000827d  InicializarMPU9150                   
00008419  InicializarSHT21                     
00008459  InicializarTMP006                    
00018a89  IntDisable                           
00018a0b  IntEnable                            
000097dd  IntGPIOb                             
00009821  IntGPIOe                             
00018b11  IntIsEnabled                         
0001886f  IntMasterDisable                     
0001885f  IntMasterEnable                      
00018c35  IntPendClear                         
00018bc5  IntPendSet                           
000189d5  IntPriorityGet                       
0001893b  IntPriorityGroupingGet               
00018915  IntPriorityGroupingSet               
00018c9b  IntPriorityMaskGet                   
00018c8f  IntPriorityMaskSet                   
00018973  IntPrioritySet                       
0001887f  IntRegister                          
00018ca3  IntTrigger                           
000188f5  IntUnregister                        
000025c1  InternalUSBHCDSendEvent              
0001cb9b  InternalUSBRegisterTickHandler       
0001cbeb  InternalUSBStartOfFrameTick          
0001cb55  InternalUSBTickInit                  
0001cb93  InternalUSBTickReset                 
00007f6d  MPU9150AppCallback                   
000080e3  MPU9150AppI2CWait                    
00015ecd  MPU9150DataAccelGetFloat             
00015e75  MPU9150DataAccelGetRaw               
00015fc7  MPU9150DataGyroGetFloat              
00015f6f  MPU9150DataGyroGetRaw                
00016121  MPU9150DataMagnetoGetFloat           
000160c9  MPU9150DataMagnetoGetRaw             
00015e01  MPU9150DataRead                      
00015bb1  MPU9150Init                          
00015c43  MPU9150MagnetoInstGet                
00015c51  MPU9150Read                          
00015d9b  MPU9150ReadModifyWrite               
00015cc1  MPU9150Write                         
00018239  OTGDeviceDisconnect                  
0000eb6d  ProcessDataFromHost                  
0000ec7d  ProcessDataToHost                    
0000ec1b  ProcessNotificationToHost            
00019a51  RGBBlinkIntHandler                   
00019d65  RGBBlinkRateSet                      
00019df1  RGBColorGet                          
00019ca7  RGBColorSet                          
00019c31  RGBDisable                           
00019b79  RGBEnable                            
00019a7f  RGBInit                              
00019d51  RGBIntensitySet                      
00019c8f  RGBSet                               
0001dc85  ResetISR                             
00007f51  SHT21AppCallback                     
00008085  SHT21AppI2CWait                      
0001ac61  SHT21DataHumidityGetFloat            
0001ac3f  SHT21DataHumidityGetRaw              
0001ab69  SHT21DataRead                        
0001abe1  SHT21DataTemperatureGetFloat         
0001abc5  SHT21DataTemperatureGetRaw           
0001a9e9  SHT21Init                            
0001aa47  SHT21Read                            
0001ab0b  SHT21ReadModifyWrite                 
0001aaad  SHT21Write                           
0000aff3  SysCtlAltClkConfig                   
0000a5b9  SysCtlClockFreqSet                   
0000aa99  SysCtlClockGet                       
0000afbb  SysCtlClockOutConfig                 
0000a8c1  SysCtlClockSet                       
0000a4a1  SysCtlDeepSleep                      
0000ac71  SysCtlDeepSleepClockConfigSet        
0000ac55  SysCtlDeepSleepClockSet              
0000a481  SysCtlDeepSleepPowerSet              
0001dca5  SysCtlDelay                          
00009da5  SysCtlFlashSectorSizeGet             
00009d79  SysCtlFlashSizeGet                   
0000ae45  SysCtlGPIOAHBDisable                 
0000adc1  SysCtlGPIOAHBEnable                  
0000a395  SysCtlIntClear                       
0000a37d  SysCtlIntDisable                     
0000a369  SysCtlIntEnable                      
0000a345  SysCtlIntRegister                    
0000a3a5  SysCtlIntStatus                      
0000a359  SysCtlIntUnregister                  
0000a467  SysCtlLDODeepSleepGet                
0000a419  SysCtlLDODeepSleepSet                
0000a40f  SysCtlLDOSleepGet                    
0000a3c1  SysCtlLDOSleepSet                    
0000a4dd  SysCtlMOSCConfigSet                  
0000afa7  SysCtlNMIClear                       
0000afa1  SysCtlNMIStatus                      
0000a4ed  SysCtlPIOSCCalibrate                 
0000ad8d  SysCtlPWMClockGet                    
0000ad1d  SysCtlPWMClockSet                    
0000a2f1  SysCtlPeripheralClockGating          
0000a2a3  SysCtlPeripheralDeepSleepDisable     
0000a255  SysCtlPeripheralDeepSleepEnable      
0000a161  SysCtlPeripheralDisable              
0000a0f5  SysCtlPeripheralEnable               
00009fa9  SysCtlPeripheralPowerOff             
00009f25  SysCtlPeripheralPowerOn              
00009e11  SysCtlPeripheralPresent              
00009e9d  SysCtlPeripheralReady                
0000a055  SysCtlPeripheralReset                
0000a201  SysCtlPeripheralSleepDisable         
0000a1af  SysCtlPeripheralSleepEnable          
0000a491  SysCtlReset                          
0000a54d  SysCtlResetBehaviorGet               
0000a53d  SysCtlResetBehaviorSet               
0000a4c9  SysCtlResetCauseClear                
0000a4bd  SysCtlResetCauseGet                  
00009d6f  SysCtlSRAMSizeGet                    
0000a499  SysCtlSleep                          
0000a471  SysCtlSleepPowerSet                  
0000aebb  SysCtlUSBPLLDisable                  
0000aeaf  SysCtlUSBPLLEnable                   
0000aef5  SysCtlVCOGet                         
0000aedd  SysCtlVoltageEventClear              
0000aec7  SysCtlVoltageEventConfig             
0000aed7  SysCtlVoltageEventStatus             
00007f89  TMP006AppCallback                    
0000814d  TMP006AppI2CWait                     
00018567  TMP006DataRead                       
00018601  TMP006DataTemperatureGetFloat        
000185cb  TMP006DataTemperatureGetRaw          
000183dd  TMP006Init                           
0001844d  TMP006Read                           
00018509  TMP006ReadModifyWrite                
000184ab  TMP006Write                          
000123b9  TimerADCEventGet                     
00012399  TimerADCEventSet                     
000098d1  TimerBotonCallback                   
00011de9  TimerClockSourceGet                  
00011dad  TimerClockSourceSet                  
00011915  TimerConfigure                       
00011c0d  TimerControlEvent                    
00011ae9  TimerControlLevel                    
00011c6b  TimerControlStall                    
00011b69  TimerControlTrigger                  
00011cd5  TimerControlWaitOnTrigger            
000123f5  TimerDMAEventGet                     
000123d5  TimerDMAEventSet                     
00011889  TimerDisable                         
0001183f  TimerEnable                          
00012359  TimerIntClear                        
00012307  TimerIntDisable                      
000122e1  TimerIntEnable                       
00012221  TimerIntRegister                     
0001232d  TimerIntStatus                       
0001228b  TimerIntUnregister                   
00011fdb  TimerLoadGet                         
00012049  TimerLoadGet64                       
00011f81  TimerLoadSet                         
0001201d  TimerLoadSet64                       
00012171  TimerMatchGet                        
000121db  TimerMatchGet64                      
00012117  TimerMatchSet                        
000121b3  TimerMatchSet64                      
00011e7f  TimerPrescaleGet                     
00011f35  TimerPrescaleMatchGet                
00011ecb  TimerPrescaleMatchSet                
00011e15  TimerPrescaleSet                     
00011d89  TimerRTCDisable                      
00011d65  TimerRTCEnable                       
00012379  TimerSynchronize                     
00012411  TimerUpdateMode                      
0001208f  TimerValueGet                        
000120d1  TimerValueGet64                      
00013a83  UART9BitAddrSend                     
00013a4f  UART9BitAddrSet                      
00013a2b  UART9BitDisable                      
00013a07  UART9BitEnable                       
000137af  UARTBreakCtl                         
000137e7  UARTBusy                             
0001372d  UARTCharGet                          
000136ef  UARTCharGetNonBlocking               
00013783  UARTCharPut                          
00013751  UARTCharPutNonBlocking               
00013697  UARTCharsAvail                       
000139e9  UARTClockSourceGet                   
000139b3  UARTClockSourceSet                   
0001329d  UARTConfigGetExpClk                  
000131bf  UARTConfigSetExpClk                  
0001394f  UARTDMADisable                       
00013929  UARTDMAEnable                        
00013345  UARTDisable                          
00013401  UARTDisableSIR                       
00012ec7  UARTEchoSet                          
000132fd  UARTEnable                           
000133c5  UARTEnableSIR                        
000133a1  UARTFIFODisable                      
0001337d  UARTFIFOEnable                       
00013183  UARTFIFOLevelGet                     
00013111  UARTFIFOLevelSet                     
00013619  UARTFlowControlGet                   
000135d3  UARTFlowControlSet                   
00012e93  UARTFlushRx                          
00012ea1  UARTFlushTx                          
00013909  UARTIntClear                         
000138b7  UARTIntDisable                       
00013891  UARTIntEnable                        
00013813  UARTIntRegister                      
000138dd  UARTIntStatus                        
00013851  UARTIntUnregister                    
00013ad9  UARTLoopbackEnable                   
000134ed  UARTModemControlClear                
00013551  UARTModemControlGet                  
00013489  UARTModemControlSet                  
00013591  UARTModemStatusGet                   
000130f3  UARTParityModeGet                    
000130a7  UARTParityModeSet                    
00012e7b  UARTRxBytesAvail                     
00013995  UARTRxErrorClear                     
00013975  UARTRxErrorGet                       
00013465  UARTSmartCardDisable                 
00013425  UARTSmartCardEnable                  
000136c3  UARTSpaceAvail                       
000124c7  UARTStdioConfig                      
00012eef  UARTStdioIntHandler                  
00012e87  UARTTxBytesFree                      
00013677  UARTTxIntModeGet                     
00013639  UARTTxIntModeSet                     
00012b1d  UARTgetc                             
000126bd  UARTgets                             
00012e57  UARTprintf                           
00012b45  UARTvprintf                          
000125f3  UARTwrite                            
0001cded  ULPIConfigSet                        
0001ce8f  ULPIPowerTransceiver                 
0001db79  USB0DeviceIntHandler                 
00017ea7  USB0DualModeIntHandler               
000024b7  USB0HostIntHandler                   
00018151  USB0OTGModeIntHandler                
0001767b  USBBufferCallbackDataSet             
00017771  USBBufferDataAvailable               
00017653  USBBufferDataRemoved                 
00017625  USBBufferDataWritten                 
000177b1  USBBufferEventCallback               
000176fd  USBBufferFlush                       
000175eb  USBBufferInfoGet                     
00017567  USBBufferInit                        
0001771d  USBBufferRead                        
00017791  USBBufferSpaceAvailable              
00017695  USBBufferWrite                       
000175b1  USBBufferZeroLengthPacketInsert      
0000787b  USBClockDisable                      
00007851  USBClockEnable                       
0001a27d  USBControlHandler                    
00007839  USBControllerVersion                 
0000f387  USBDCDCCompositeInit                 
0000f505  USBDCDCInit                          
0000f6f5  USBDCDCPacketRead                    
0000f63d  USBDCDCPacketWrite                   
0000f8b7  USBDCDCPowerStatusSet                
0000f8d9  USBDCDCRemoteWakeupRequest           
0000f807  USBDCDCRxPacketAvailable             
0000f871  USBDCDCSerialStateChange             
0000f599  USBDCDCSetControlCBData              
0000f5c7  USBDCDCSetRxCBData                   
0000f5f9  USBDCDCSetTxCBData                   
0000f573  USBDCDCTerm                          
0000f7dd  USBDCDCTxPacketAvailable             
0001ae59  USBDCDConfigDescGet                  
0001ae0b  USBDCDConfigDescGetNum               
0001add3  USBDCDConfigDescGetSize              
0001af3b  USBDCDConfigGetInterface             
0001af71  USBDCDConfigGetInterfaceEndpoint     
0001aee7  USBDCDConfigGetNumAlternateInterfaces
0000b069  USBDCDDeviceInfoInit                 
0000b577  USBDCDFeatureGet                     
0000b4c5  USBDCDFeatureSet                     
0000b0cd  USBDCDInit                           
0000b465  USBDCDPowerStatusSet                 
0000b5b1  USBDCDRemoteWakeLPM                  
0000b5cb  USBDCDRemoteWakeupRequest            
0000b361  USBDCDRequestDataEP0                 
0000b3cd  USBDCDSendDataEP0                    
0000b409  USBDCDSetDefaultConfiguration        
0000b425  USBDCDStallEP0                       
0000b2cb  USBDCDTerm                           
00007ad3  USBDMAChannelAddressGet              
00007a99  USBDMAChannelAddressSet              
000079b1  USBDMAChannelConfigSet               
00007b4b  USBDMAChannelCountGet                
00007b11  USBDMAChannelCountSet                
00007973  USBDMAChannelDisable                 
00007935  USBDMAChannelEnable                  
000078d9  USBDMAChannelIntDisable              
0000789b  USBDMAChannelIntEnable               
00007917  USBDMAChannelIntStatus               
00007a17  USBDMAChannelStatus                  
00007a51  USBDMAChannelStatusClear             
00007b81  USBDMANumChannels                    
0001b57d  USBDescGet                           
0001b6a1  USBDescGetInterface                  
0001b6cf  USBDescGetInterfaceEndpoint          
0001b521  USBDescGetNum                        
0001b5e7  USBDescGetNumAlternateInterfaces     
000065a3  USBDevAddrGet                        
00006581  USBDevAddrSet                        
00006539  USBDevConnect                        
0000655d  USBDevDisconnect                     
000069e7  USBDevEndpointConfigGet              
000068ad  USBDevEndpointConfigSet              
00006f01  USBDevEndpointDataAck                
000063c5  USBDevEndpointStall                  
0000646d  USBDevEndpointStallClear             
00006141  USBDevEndpointStatusClear            
00007d89  USBDevLPMConfig                      
00007dd3  USBDevLPMDisable                     
00007dad  USBDevLPMEnable                      
00007d63  USBDevLPMRemoteWake                  
00007769  USBDevMode                           
00005d87  USBDevSpeedGet                       
00019f43  USBDeviceConfig                      
0001a16f  USBDeviceConfigAlternate             
0000b711  USBDeviceEnumHandler                 
0000b871  USBDeviceEnumResetHandler            
0000c3e9  USBDeviceIntHandlerInternal          
0000b611  USBDeviceResumeTickHandler           
00017ef3  USBDualModeInit                      
00017f71  USBDualModeTerm                      
000076b5  USBEndpointDMAChannel                
00006c95  USBEndpointDMAConfigSet              
00006d67  USBEndpointDMADisable                
00006d2d  USBEndpointDMAEnable                 
00006da1  USBEndpointDataAvail                 
00006e2b  USBEndpointDataGet                   
00006ffd  USBEndpointDataPut                   
000070b7  USBEndpointDataSend                  
000062f9  USBEndpointDataToggleClear           
000077fd  USBEndpointPacketCountSet            
0000602d  USBEndpointStatus                    
0000767d  USBFIFOAddrGet                       
00006be9  USBFIFOConfigGet                     
00006b3d  USBFIFOConfigSet                     
0000715b  USBFIFOFlush                         
00007625  USBFrameNumberGet                    
00002b31  USBHCDControlTransfer                
00002ffd  USBHCDDevAddress                     
00003029  USBHCDDevClass                       
00002fd1  USBHCDDevHubPort                     
000030bd  USBHCDDevProtocol                    
00003071  USBHCDDevSubClass                    
00000429  USBHCDEventDisable                   
000003eb  USBHCDEventEnable                    
00003121  USBHCDFeatureSet                     
00002cb1  USBHCDHubDeviceConnected             
00002d75  USBHCDHubDeviceDisconnected          
000015b5  USBHCDInit                           
0000329d  USBHCDLPMResume                      
00003223  USBHCDLPMSleep                       
000031d9  USBHCDLPMStatus                      
00002711  USBHCDMain                           
000008c1  USBHCDPipeAlloc                      
0000060d  USBHCDPipeAllocSize                  
0000090d  USBHCDPipeConfig                     
00000e4f  USBHCDPipeDataAck                    
000010e1  USBHCDPipeFree                       
00000e85  USBHCDPipeRead                       
00000e05  USBHCDPipeReadNonBlocking            
00000ce1  USBHCDPipeSchedule                   
000005e7  USBHCDPipeTransferSizeGet            
00000ab1  USBHCDPipeWrite                      
0000154d  USBHCDPowerAutomatic                 
00001495  USBHCDPowerConfigGet                 
00001471  USBHCDPowerConfigInit                
000014bd  USBHCDPowerConfigSet                 
00001715  USBHCDRegisterDrivers                
00001801  USBHCDReset                          
00001879  USBHCDResume                         
00001abd  USBHCDSetAddress                     
00001bd5  USBHCDSetConfig                      
00001c2b  USBHCDSetInterface                   
00001a41  USBHCDStringDescriptorGet            
00001859  USBHCDSuspend                        
0000173d  USBHCDTerm                           
00016a71  USBHHubClose                         
00016a15  USBHHubEnumerationComplete           
00016a37  USBHHubEnumerationError              
00016a85  USBHHubInit                          
00016ab3  USBHHubLPMSleep                      
00016ac1  USBHHubLPMStatus                     
000167e9  USBHHubMain                          
00016a59  USBHHubOpen                          
00005ccb  USBHighSpeed                         
000073a1  USBHostAddrGet                       
0000731d  USBHostAddrSet                       
00001c85  USBHostCheckPipes                    
000065c5  USBHostEndpointConfig                
00006f85  USBHostEndpointDataAck               
00006215  USBHostEndpointDataToggle            
00006379  USBHostEndpointPing                  
000067c5  USBHostEndpointSpeed                 
000060a5  USBHostEndpointStatusClear           
000074c5  USBHostHubAddrGet                    
00007415  USBHostHubAddrSet                    
00001d4d  USBHostIntHandlerInternal            
00007ce7  USBHostLPMConfig                     
00007d3d  USBHostLPMResume                     
00007c7b  USBHostLPMSend                       
00007749  USBHostMode                          
0000753d  USBHostPwrConfig                     
000075ff  USBHostPwrDisable                    
000075d9  USBHostPwrEnable                     
000075b3  USBHostPwrFaultDisable               
0000758d  USBHostPwrFaultEnable                
00007211  USBHostRequestIN                     
0000727f  USBHostRequestINClear                
000072f9  USBHostRequestStatus                 
00005c8f  USBHostReset                         
00005d07  USBHostResume                        
00005d43  USBHostSpeedGet                      
00005c6d  USBHostSuspend                       
00005dad  USBIntDisableControl                 
00005ed9  USBIntDisableEndpoint                
00005e25  USBIntEnableControl                  
00005f15  USBIntEnableEndpoint                 
00005fb5  USBIntRegister                       
00005e7f  USBIntStatusControl                  
00005f51  USBIntStatusEndpoint                 
00005ff3  USBIntUnregister                     
00007e23  USBLPMEndpointGet                    
00007ebb  USBLPMIntDisable                     
00007e93  USBLPMIntEnable                      
00007e75  USBLPMIntStatus                      
00007e01  USBLPMLinkStateGet                   
00007e4d  USBLPMRemoteWakeEnabled              
00010691  USBLibDMAAddrGet                     
000106c1  USBLibDMAInit                        
000106a9  USBLibDMASizeGet                     
000077a9  USBModeConfig                        
00007693  USBModeGet                           
00007821  USBNumEndpointsGet                   
000182f1  USBOTGFeatureSet                     
00018253  USBOTGMain                           
00007789  USBOTGMode                           
00017ffb  USBOTGModeInit                       
00017fb3  USBOTGModeTerm                       
00018121  USBOTGPollRate                       
00007641  USBOTGSessionRequest                 
000077cb  USBPHYPowerOff                       
000077e1  USBPHYPowerOn                        
00018f87  USBRingBufAdvanceRead                
00018fdd  USBRingBufAdvanceWrite               
00018e6d  USBRingBufContigFree                 
00018e35  USBRingBufContigUsed                 
00018d79  USBRingBufEmpty                      
00018dab  USBRingBufFlush                      
00018e11  USBRingBufFree                       
00018d37  USBRingBufFull                       
00019129  USBRingBufInit                       
00018f11  USBRingBufRead                       
00018ecb  USBRingBufReadOne                    
00018eb3  USBRingBufSize                       
00018dd7  USBRingBufUsed                       
000190b3  USBRingBufWrite                      
0001906d  USBRingBufWriteOne                   
0001a37b  USBRxHandler                         
0001a489  USBSerialGetChar                     
0001a3dd  USBSerialInit                        
0001a4a1  USBSerialPutChar                     
0001a4f5  USBSerialRead                        
0001a539  USBSerialWrite                       
00017e5d  USBStackModeSet                      
0001a30b  USBTxHandler                         
00007ba1  USBULPIConfig                        
00007bcf  USBULPIDisable                       
00007bb7  USBULPIEnable                        
00007be7  USBULPIRegRead                       
00007c2d  USBULPIRegWrite                      
0001bfa5  VectorAdd                            
0001bed9  VectorCrossProduct                   
0001be9d  VectorDotProduct                     
0001bf59  VectorScale                          
20006a28  __STACK_END                          
00000200  __STACK_SIZE                         
20006a28  __STACK_TOP                          
0001eb98  __TI_CINIT_Base                      
0001ebb0  __TI_CINIT_Limit                     
0001eb7c  __TI_Handler_Table_Base              
0001eb88  __TI_Handler_Table_Limit             
0001d839  __TI_auto_init_nobinit_nopinit       
0001d53d  __TI_decompress_lzss                 
0001dc6b  __TI_decompress_none                 
0001d65f  __TI_ltoa                            
ffffffff  __TI_pprof_out_hndl                  
00013b01  __TI_printfi                         
ffffffff  __TI_prof_data_size                  
ffffffff  __TI_prof_data_start                 
00000000  __TI_static_base__                   
0001dc79  __TI_zero_init                       
0001d20b  __aeabi_cdcmpeq                      
0001d20b  __aeabi_cdcmple                      
0001d291  __aeabi_cdrcmple                     
0001d3ff  __aeabi_d2f                          
0001d7f1  __aeabi_d2iz                         
0001d87d  __aeabi_d2uiz                        
0001b8cf  __aeabi_dadd                         
0001c281  __aeabi_ddiv                         
0001c961  __aeabi_dmul                         
0001b8c5  __aeabi_dsub                         
0001dc9d  __aeabi_errno_addr                   
0001d9bd  __aeabi_f2d                          
0001d705  __aeabi_f2ulz                        
0001dafd  __aeabi_i2d                          
0001454f  __aeabi_idiv0                        
0001454f  __aeabi_ldiv0                        
0001d317  __aeabi_memclr                       
0001d317  __aeabi_memclr4                      
0001d317  __aeabi_memclr8                      
0001d0d9  __aeabi_memcpy                       
0001d0d9  __aeabi_memcpy4                      
0001d0d9  __aeabi_memcpy8                      
0001d319  __aeabi_memset                       
0001d319  __aeabi_memset4                      
0001d319  __aeabi_memset8                      
0001d8c1  __aeabi_uidiv                        
0001d8c1  __aeabi_uidivmod                     
0001d175  __aeabi_uldivmod                     
ffffffff  __binit__                            
ffffffff  __c_args__                           
00007eed  __error__                            
0001dacd  __isnanf                             
UNDEFED   __mpu_init                           
20006828  __stack                              
20000000  __start___llvm_prf_cnts              
20000000  __stop___llvm_prf_cnts               
0001da99  _c_int00_noargs                      
0001e068  _ctypes_                             
UNDEFED   _system_post_cinit                   
0001dcab  _system_pre_init                     
0001dcaf  abort                                
0001ea24  alpha                                
200067e6  aplicacion_conectada                 
0001ba7d  asinf                                
0001bbed  atan2f                               
0001bff5  atanf                                
0001d7a5  atoi                                 
ffffffff  binit                                
0001a885  check_and_extract_message_param      
0001dbb9  copysign                             
0001dbeb  copysignf                            
0001dbb9  copysignl                            
0001d46d  create_checksum                      
0001a7f3  create_frame                         
0001a877  decode_message_type                  
0001a79f  destuff_and_check_checksum           
0000376d  eTaskGetState                        
200067ed  enviarUART                           
20006820  errno                                
200067ec  estadoLED                            
00008529  filtro                               
200067e5  flag_creado                          
0001ca5d  floor                                
0001ca5d  floorl                               
200067e4  freeRTOSIniciado                     
0001d5a5  frexp                                
0001d5a5  frexpl                               
200067d8  g_bUSBTimerInitialized               
20006584  g_eOTGModeState                      
200067f8  g_iUSBMode                           
0001ea28  g_pCDCCompSerConfigDescriptors       
0001ea2c  g_pCDCCompSerConfigDescriptorsHS     
20000000  g_pfnRAMVectors                      
20006400  g_pfnTickHandlers                    
00000000  g_pfnVectors                         
0001ea30  g_ppCDCSerConfigDescriptors          
0001ea34  g_ppCDCSerConfigDescriptorsHS        
20006530  g_ppsDevInfo                         
0001e8a0  g_ppui8StringDescriptors             
2000676c  g_psCDCCompSerSections               
2000677c  g_psCDCCompSerSectionsHS             
2000679c  g_psCDCSerSections                   
200067a8  g_psCDCSerSectionsHS                 
200065e8  g_psCmdTable                         
2000620c  g_psDCDInst                          
0001e800  g_pui8CDCSerCommInterface            
0001e8b8  g_pui8CDCSerDataInterface            
0001e8cf  g_pui8CDCSerDataInterfaceHS          
200067ef  g_pui8CDCSerDescriptor               
20006758  g_pui8CDCSerDeviceDescriptor         
0001e6b0  g_pui8ConfigString                   
0001e7b0  g_pui8ControlInterfaceString         
20006801  g_pui8IADSerDescriptor               
0001ea20  g_pui8LangDescriptor                 
0001e7dc  g_pui8ManufacturerString             
0001e823  g_pui8ProductString                  
0001e938  g_pui8SerialNumberString             
20005eac  g_pui8USBRxBuffer                    
20005fac  g_pui8USBTxBuffer                    
20006418  g_pvTickInstance                     
200062ac  g_sBMP180Inst                        
0001e9d0  g_sCDCCompSerConfigHeader            
0001e9d8  g_sCDCCompSerConfigHeaderHS          
20006588  g_sCDCDevice                         
0001e750  g_sCDCHandlers                       
0001e9e0  g_sCDCSerCommInterfaceSection        
0001e9e8  g_sCDCSerConfigHeader                
0001e9f0  g_sCDCSerConfigHeaderHS              
0001e9f8  g_sCDCSerConfigSection               
0001ea00  g_sCDCSerDataInterfaceSection        
0001ea08  g_sCDCSerDataInterfaceSectionHS      
200061b4  g_sCompDCMInst                       
20005c78  g_sI2CInst                           
0001ea10  g_sIADSerConfigSection               
20006148  g_sMPU9150Inst                       
20006678  g_sRxBuffer                          
20006360  g_sSHT21Inst                         
20006330  g_sTMP006Inst                        
200066b0  g_sTxBuffer                          
20006534  g_ui32CPUUsage                       
200067dc  g_ui32CurrentUSBTick                 
20006538  g_ui32PollRate                       
2000653c  g_ui32SystemClock                    
200067e0  g_ui32USBSOFCount                    
200067fc  g_ui32WaitTicks                      
20006790  g_ulUARTRxCount                      
20006794  g_ulUARTRxErrors                     
2000678c  g_ulUARTTxCount                      
20006540  g_vui8DataFlag_bmp180                
20006544  g_vui8DataFlag_sht21                 
20006548  g_vui8DataFlag_tmp006                
2000654c  g_vui8ErrorFlag_bmp180               
20006550  g_vui8ErrorFlag_mpu9150              
20006554  g_vui8ErrorFlag_sht21                
20006558  g_vui8ErrorFlag_tmp006               
2000655c  g_vui8I2CDoneFlag_mpu9150            
0001a8b1  get_message_param_pointer            
0001979f  initCommandLine                      
0001c851  ldexp                                
0001cd1d  ldexpf                               
0001c851  ldexpl                               
000095cd  main                                 
0000860b  mandarporUSB                         
0001db9d  memccpy                              
0001d0d9  memcpy                               
0001d31f  memset                               
20006560  mutex_i2c                            
20006564  mutex_uart                           
20006568  mutex_usb                            
0000e825  pcQueueGetName                       
00003fc7  pcTaskGetName                        
00016d31  pcTimerGetName                       
00017851  powf                                 
200067e8  presion_asl                          
00019365  pvPortCalloc                         
00019179  pvPortMalloc                         
0000522d  pvTaskIncrementMutexHeldCount        
000171a7  pvTimerGetTimerID                    
2000663c  pxCurrentTCB                         
0001afe1  pxPortInitialiseStack                
0001a8df  receive_frame                        
0001ceb5  round                                
0001ceb5  roundl                               
0001c851  scalbn                               
0001cd1d  scalbnf                              
0001c851  scalbnl                              
2000656c  semaforo_aceleracion                 
20006570  semaforo_humedad                     
20006574  semaforo_presion                     
20006578  semaforo_temperatura                 
0001a965  send_frame                           
0001d901  sprintf                              
0001bd45  sqrt                                 
0001db2d  sqrtf                                
0001bd45  sqrtl                                
0001dc1b  strchr                               
0001dc03  strcmp                               
0001dc31  strcpy                               
0001dc45  strlen                               
2000657c  timer_boton                          
20006580  timer_presion                        
0000e527  ucQueueGetQueueType                  
0001ea18  ulMaxSyscallInterruptPriority        
0001cc51  ulPortGetIPSR                        
00005249  ulTaskGenericNotifyTake              
00005a21  ulTaskGenericNotifyValueClear        
0001c499  uxListRemove                         
0000e507  uxQueueGetQueueNumber                
0000e46b  uxQueueMessagesWaiting               
0000e4c3  uxQueueMessagesWaitingFromISR        
0000e495  uxQueueSpacesAvailable               
00003fc1  uxTaskGetNumberOfTasks               
00004baf  uxTaskGetStackHighWaterMark          
00004015  uxTaskGetSystemState                 
00004915  uxTaskGetTaskNumber                  
00003841  uxTaskPriorityGet                    
00003869  uxTaskPriorityGetFromISR             
00005207  uxTaskResetEventItemValue            
00016d05  uxTimerGetReloadMode                 
00017279  uxTimerGetTimerNumber                
0001ea38  uxTopUsedPriority                    
00007f2b  vApplicationIdleHook                 
00007f33  vApplicationMallocFailedHook         
00007f01  vApplicationStackOverflowHook        
00007f0b  vApplicationTickHook                 
0001d4d5  vConfigureTimerForRunTimeStats       
0001c3b7  vListInitialise                      
0001c3e7  vListInitialiseItem                  
0001c433  vListInsert                          
0001c3f7  vListInsertEnd                       
0001cd0d  vPortEnableVFP                       
0001b119  vPortEndScheduler                    
0001b139  vPortEnterCritical                   
0001b177  vPortExitCritical                    
000192c7  vPortFree                            
00019529  vPortGetHeapStats                    
00019363  vPortInitialiseBlocks                
0001ccc9  vPortSVCHandler                      
0001b1c5  vPortSetupTimerInterrupt             
0001cce9  vPortStartFirstTask                  
0001b1f1  vPortValidateInterruptPriority       
0000e7a7  vQueueAddToRegistry                  
0000e4e3  vQueueDelete                         
0000e515  vQueueSetQueueNumber                 
0000e86f  vQueueUnregisterQueue                
0000e8bd  vQueueWaitForMessageRestricted       
00003715  vTaskDelay                           
0000354d  vTaskDelete                          
00003dc1  vTaskEndScheduler                    
00005819  vTaskGenericNotifyGiveFromISR        
00004a29  vTaskGetInfo                         
0000512f  vTaskGetRunTimeStats                 
00004845  vTaskInternalSetTimeOutState         
0000501d  vTaskList                            
0000490d  vTaskMissedYield                     
00004441  vTaskPlaceOnEventList                
000044fd  vTaskPlaceOnEventListRestricted      
0000446b  vTaskPlaceOnUnorderedEventList       
00004e95  vTaskPriorityDisinheritAfterTimeout  
000038b1  vTaskPrioritySet                     
000046e1  vTaskRemoveFromUnorderedEventList    
00003b79  vTaskResume                          
0000493d  vTaskSetTaskNumber                   
00004819  vTaskSetTimeOutState                 
00003d4d  vTaskStartScheduler                  
00003a29  vTaskSuspend                         
00003ddd  vTaskSuspendAll                      
00004341  vTaskSwitchContext                   
000081ab  vTimerCallback                       
00016c8b  vTimerSetReloadMode                  
000171cf  vTimerSetTimerID                     
00017287  vTimerSetTimerNumber                 
0001dc59  wcslen                               
00019357  xPortGetFreeHeapSize                 
0001935d  xPortGetMinimumEverFreeHeapSize      
0001cc69  xPortPendSVHandler                   
0001b067  xPortStartScheduler                  
0001b19f  xPortSysTickHandler                  
0000da3f  xQueueCreateMutex                    
0000d955  xQueueGenericCreate                  
0000d861  xQueueGenericReset                   
0000da6b  xQueueGenericSend                    
0000dc2d  xQueueGenericSendFromISR             
0000dd4d  xQueueGiveFromISR                    
0000e727  xQueueIsQueueEmptyFromISR            
0000e777  xQueueIsQueueFullFromISR             
0000e16d  xQueuePeek                           
0000e3d1  xQueuePeekFromISR                    
0000de5d  xQueueReceive                        
0000e2dd  xQueueReceiveFromISR                 
2000625c  xQueueRegistry                       
0000dfc3  xQueueSemaphoreTake                  
000040f1  xTaskCatchUpTicks                    
00004869  xTaskCheckForTimeOut                 
000032f1  xTaskCreate                          
00003639  xTaskDelayUntil                      
00005405  xTaskGenericNotify                   
000055d9  xTaskGenericNotifyFromISR            
000059bd  xTaskGenericNotifyStateClear         
0000530d  xTaskGenericNotifyWait               
00004c1d  xTaskGetCurrentTaskHandle            
00004c3d  xTaskGetSchedulerState               
00003f9d  xTaskGetTickCount                    
00003fad  xTaskGetTickCountFromISR             
00004145  xTaskIncrementTick                   
00004d8f  xTaskPriorityDisinherit              
00004c7d  xTaskPriorityInherit                 
00004581  xTaskRemoveFromEventList             
00003df1  xTaskResumeAll                       
00003c55  xTaskResumeFromISR                   
00016b3f  xTimerCreate                         
00016b05  xTimerCreateTimerTask                
00016bd7  xTimerGenericCommand                 
00016d11  xTimerGetExpiryTime                  
00016c6f  xTimerGetPeriod                      
00016ccf  xTimerGetReloadMode                  
00016c51  xTimerGetTimerDaemonTaskHandle       
00017171  xTimerIsTimerActive                  
00017233  xTimerPendFunctionCall               
000171fd  xTimerPendFunctionCallFromISR        


GLOBAL SYMBOLS: SORTED BY Symbol Address 

address   name                                 
-------   ----                                 
00000000  __TI_static_base__                   
00000000  g_pfnVectors                         
00000200  __STACK_SIZE                         
0000026d  ConfigDescAlloc                      
00000303  ConfigDescFree                       
000003eb  USBHCDEventEnable                    
00000429  USBHCDEventDisable                   
000005e7  USBHCDPipeTransferSizeGet            
0000060d  USBHCDPipeAllocSize                  
000008c1  USBHCDPipeAlloc                      
0000090d  USBHCDPipeConfig                     
00000ab1  USBHCDPipeWrite                      
00000ce1  USBHCDPipeSchedule                   
00000e05  USBHCDPipeReadNonBlocking            
00000e4f  USBHCDPipeDataAck                    
00000e85  USBHCDPipeRead                       
000010e1  USBHCDPipeFree                       
00001471  USBHCDPowerConfigInit                
[...]
000137af  UARTBreakCtl                         
000137e7  UARTBusy                             
00013813  UARTIntRegister                      
00013851  UARTIntUnregister                    
00013891  UARTIntEnable                        
000138b7  UARTIntDisable                       
000138dd  UARTIntStatus                        
00013909  UARTIntClear                         
00013929  UARTDMAEnable                        
0001394f  UARTDMADisable                       
00013975  UARTRxErrorGet                       
00013995  UARTRxErrorClear                     
000139b3  UARTClockSourceSet                   
000139e9  UARTClockSourceGet                   
00013a07  UART9BitEnable                       
00013a2b  UART9BitDisable                      
00013a4f  UART9BitAddrSet                      
00013a83  UART9BitAddrSend                     
00013ad9  UARTLoopbackEnable                   
00013b01  __TI_printfi                         
0001454f  __aeabi_idiv0                        
0001454f  __aeabi_ldiv0                        
000148c7  BMP180Init                           
00014935  BMP180Read                           
0001499d  BMP180Write                          
00014a1b  BMP180ReadModifyWrite                
00014a79  BMP180DataRead                       
00014ae5  BMP180DataPressureGetRaw             
00014b0f  BMP180DataPressureGetFloat           
00014e0b  BMP180DataTemperatureGetRaw          
00014e27  BMP180DataTemperatureGetFloat        
00014f05  CompDCMInit                          
00014f79  CompDCMAccelUpdate                   
00014fd9  CompDCMGyroUpdate                    
00015039  CompDCMMagnetoUpdate                 
00015099  CompDCMStart                         
00015185  CompDCMUpdate                        
00015473  CompDCMMatrixGet                     
000154c7  CompDCMComputeEulers                 
0001553d  CompDCMComputeQuaternion             
00015bb1  MPU9150Init                          
00015c43  MPU9150MagnetoInstGet                
00015c51  MPU9150Read                          
00015cc1  MPU9150Write                         
00015d9b  MPU9150ReadModifyWrite               
00015e01  MPU9150DataRead                      
00015e75  MPU9150DataAccelGetRaw               
00015ecd  MPU9150DataAccelGetFloat             
00015f6f  MPU9150DataGyroGetRaw                
00015fc7  MPU9150DataGyroGetFloat              
000160c9  MPU9150DataMagnetoGetRaw             
00016121  MPU9150DataMagnetoGetFloat           
000167e9  USBHHubMain                          
00016a15  USBHHubEnumerationComplete           
00016a37  USBHHubEnumerationError              
00016a59  USBHHubOpen                          
00016a71  USBHHubClose                         
00016a85  USBHHubInit                          
00016ab3  USBHHubLPMSleep                      
00016ac1  USBHHubLPMStatus                     
00016b05  xTimerCreateTimerTask                
00016b3f  xTimerCreate                         
00016bd7  xTimerGenericCommand                 
00016c51  xTimerGetTimerDaemonTaskHandle       
00016c6f  xTimerGetPeriod                      
00016c8b  vTimerSetReloadMode                  
00016ccf  xTimerGetReloadMode                  
00016d05  uxTimerGetReloadMode                 
00016d11  xTimerGetExpiryTime                  
00016d31  pcTimerGetName                       
00017171  xTimerIsTimerActive                  
000171a7  pvTimerGetTimerID                    
000171cf  vTimerSetTimerID                     
000171fd  xTimerPendFunctionCallFromISR        
00017233  xTimerPendFunctionCall               
00017279  uxTimerGetTimerNumber                
00017287  vTimerSetTimerNumber                 
00017567  USBBufferInit                        
000175b1  USBBufferZeroLengthPacketInsert      
000175eb  USBBufferInfoGet                     
00017625  USBBufferDataWritten                 
00017653  USBBufferDataRemoved                 
0001767b  USBBufferCallbackDataSet             
00017695  USBBufferWrite                       
000176fd  USBBufferFlush                       
0001771d  USBBufferRead                        
00017771  USBBufferDataAvailable               
00017791  USBBufferSpaceAvailable              
000177b1  USBBufferEventCallback               
00017851  powf                                 
00017e5d  USBStackModeSet                      
00017ea7  USB0DualModeIntHandler               
00017ef3  USBDualModeInit                      
00017f71  USBDualModeTerm                      
00017fb3  USBOTGModeTerm                       
00017ffb  USBOTGModeInit                       
00018121  USBOTGPollRate                       
00018151  USB0OTGModeIntHandler                
00018239  OTGDeviceDisconnect                  
00018253  USBOTGMain                           
000182f1  USBOTGFeatureSet                     
000183dd  TMP006Init                           
0001844d  TMP006Read                           
000184ab  TMP006Write                          
00018509  TMP006ReadModifyWrite                
00018567  TMP006DataRead                       
000185cb  TMP006DataTemperatureGetRaw          
00018601  TMP006DataTemperatureGetFloat        
0001885f  IntMasterEnable                      
0001886f  IntMasterDisable                     
0001887f  IntRegister                          
000188f5  IntUnregister                        
00018915  IntPriorityGroupingSet               
0001893b  IntPriorityGroupingGet               
00018973  IntPrioritySet                       
000189d5  IntPriorityGet                       
00018a0b  IntEnable                            
00018a89  IntDisable                           
00018b11  IntIsEnabled                         
00018bc5  IntPendSet                           
00018c35  IntPendClear                         
00018c8f  IntPriorityMaskSet                   
00018c9b  IntPriorityMaskGet                   
00018ca3  IntTrigger                           
00018d37  USBRingBufFull                       
00018d79  USBRingBufEmpty                      
00018dab  USBRingBufFlush                      
00018dd7  USBRingBufUsed                       
00018e11  USBRingBufFree                       
00018e35  USBRingBufContigUsed                 
00018e6d  USBRingBufContigFree                 
00018eb3  USBRingBufSize                       
00018ecb  USBRingBufReadOne                    
00018f11  USBRingBufRead                       
00018f87  USBRingBufAdvanceRead                
00018fdd  USBRingBufAdvanceWrite               
0001906d  USBRingBufWriteOne                   
000190b3  USBRingBufWrite                      
00019129  USBRingBufInit                       
00019179  pvPortMalloc                         
000192c7  vPortFree                            
00019357  xPortGetFreeHeapSize                 
0001935d  xPortGetMinimumEverFreeHeapSize      
00019363  vPortInitialiseBlocks                
00019365  pvPortCalloc                         
00019529  vPortGetHeapStats                    
0001979f  initCommandLine                      
00019a51  RGBBlinkIntHandler                   
00019a7f  RGBInit                              
00019b79  RGBEnable                            
00019c31  RGBDisable                           
00019c8f  RGBSet                               
00019ca7  RGBColorSet                          
00019d51  RGBIntensitySet                      
00019d65  RGBBlinkRateSet                      
00019df1  RGBColorGet                          
00019f43  USBDeviceConfig                      
0001a16f  USBDeviceConfigAlternate             
0001a27d  USBControlHandler                    
0001a30b  USBTxHandler                         
0001a37b  USBRxHandler                         
0001a3dd  USBSerialInit                        
0001a489  USBSerialGetChar                     
0001a4a1  USBSerialPutChar                     
0001a4f5  USBSerialRead                        
0001a539  USBSerialWrite                       
0001a79f  destuff_and_check_checksum           
0001a7f3  create_frame                         
0001a877  decode_message_type                  
0001a885  check_and_extract_message_param      
0001a8b1  get_message_param_pointer            
0001a8df  receive_frame                        
0001a965  send_frame                           
0001a9e9  SHT21Init                            
0001aa47  SHT21Read                            
0001aaad  SHT21Write                           
0001ab0b  SHT21ReadModifyWrite                 
0001ab69  SHT21DataRead                        
0001abc5  SHT21DataTemperatureGetRaw           
0001abe1  SHT21DataTemperatureGetFloat         
0001ac3f  SHT21DataHumidityGetRaw              
0001ac61  SHT21DataHumidityGetFloat            
0001add3  USBDCDConfigDescGetSize              
0001ae0b  USBDCDConfigDescGetNum               
0001ae59  USBDCDConfigDescGet                  
0001aee7  USBDCDConfigGetNumAlternateInterfaces
0001af3b  USBDCDConfigGetInterface             
0001af71  USBDCDConfigGetInterfaceEndpoint     
0001afe1  pxPortInitialiseStack                
0001b067  xPortStartScheduler                  
0001b119  vPortEndScheduler                    
0001b139  vPortEnterCritical                   
0001b177  vPortExitCritical                    
0001b19f  xPortSysTickHandler                  
0001b1c5  vPortSetupTimerInterrupt             
0001b1f1  vPortValidateInterruptPriority       
0001b521  USBDescGetNum                        
0001b57d  USBDescGet                           
0001b5e7  USBDescGetNumAlternateInterfaces     
0001b6a1  USBDescGetInterface                  
0001b6cf  USBDescGetInterfaceEndpoint          
0001b8c5  __aeabi_dsub                         
0001b8cf  __aeabi_dadd                         
0001ba7d  asinf                                
0001bbed  atan2f                               
0001bd45  sqrt                                 
0001bd45  sqrtl                                
0001be9d  VectorDotProduct                     
0001bed9  VectorCrossProduct                   
0001bf59  VectorScale                          
0001bfa5  VectorAdd                            
0001bff5  atanf                                
0001c281  __aeabi_ddiv                         
0001c3b7  vListInitialise                      
0001c3e7  vListInitialiseItem                  
0001c3f7  vListInsertEnd                       
0001c433  vListInsert                          
0001c499  uxListRemove                         
0001c4e1  ButtonsPoll                          
0001c587  ButtonsInit                          
0001c609  CPUUsageTick                         
0001c647  CPUUsageInit                         
0001c851  ldexp                                
0001c851  ldexpl                               
0001c851  scalbn                               
0001c851  scalbnl                              
0001c961  __aeabi_dmul                         
0001ca5d  floor                                
0001ca5d  floorl                               
0001cb55  InternalUSBTickInit                  
0001cb93  InternalUSBTickReset                 
0001cb9b  InternalUSBRegisterTickHandler       
0001cbeb  InternalUSBStartOfFrameTick          
0001cc51  ulPortGetIPSR                        
0001cc69  xPortPendSVHandler                   
0001ccc9  vPortSVCHandler                      
0001cce9  vPortStartFirstTask                  
0001cd0d  vPortEnableVFP                       
0001cd1d  ldexpf                               
0001cd1d  scalbnf                              
0001cded  ULPIConfigSet                        
0001ce8f  ULPIPowerTransceiver                 
0001ceb5  round                                
0001ceb5  roundl                               
0001d02d  CmdLineProcess                       
0001d0d9  __aeabi_memcpy                       
0001d0d9  __aeabi_memcpy4                      
0001d0d9  __aeabi_memcpy8                      
0001d0d9  memcpy                               
0001d175  __aeabi_uldivmod                     
0001d20b  __aeabi_cdcmpeq                      
0001d20b  __aeabi_cdcmple                      
0001d291  __aeabi_cdrcmple                     
0001d317  __aeabi_memclr                       
0001d317  __aeabi_memclr4                      
0001d317  __aeabi_memclr8                      
0001d319  __aeabi_memset                       
0001d319  __aeabi_memset4                      
0001d319  __aeabi_memset8                      
0001d31f  memset                               
0001d3ff  __aeabi_d2f                          
0001d46d  create_checksum                      
0001d4d5  vConfigureTimerForRunTimeStats       
0001d53d  __TI_decompress_lzss                 
0001d5a5  frexp                                
0001d5a5  frexpl                               
0001d65f  __TI_ltoa                            
0001d705  __aeabi_f2ulz                        
0001d755  I2CMReadModifyWrite16BE              
0001d7a5  atoi                                 
0001d7f1  __aeabi_d2iz                         
0001d839  __TI_auto_init_nobinit_nopinit       
0001d87d  __aeabi_d2uiz                        
0001d8c1  __aeabi_uidiv                        
0001d8c1  __aeabi_uidivmod                     
0001d901  sprintf                              
0001d97f  CPUcpsid                             
0001d98b  CPUprimask                           
0001d995  CPUcpsie                             
0001d9a1  CPUwfi                               
0001d9a5  CPUbasepriSet                        
0001d9b3  CPUbasepriGet                        
0001d9bd  __aeabi_f2d                          
0001d9f5  I2CMRead                             
0001da2b  I2CMWrite                            
0001da61  I2CMWriteBatched                     
0001da99  _c_int00_noargs                      
0001dacd  __isnanf                             
0001dafd  __aeabi_i2d                          
0001db2d  sqrtf                                
0001db55  GetOverflowCounts                    
0001db79  USB0DeviceIntHandler                 
0001db9d  memccpy                              
0001dbb9  copysign                             
0001dbb9  copysignl                            
0001dbeb  copysignf                            
0001dc03  strcmp                               
0001dc1b  strchr                               
0001dc31  strcpy                               
0001dc45  strlen                               
0001dc59  wcslen                               
0001dc6b  __TI_decompress_none                 
0001dc79  __TI_zero_init                       
0001dc85  ResetISR                             
0001dc9d  __aeabi_errno_addr                   
0001dca5  SysCtlDelay                          
0001dcab  _system_pre_init                     
0001dcaf  C$$EXIT                              
0001dcaf  abort                                
0001e068  _ctypes_                             
0001e6b0  g_pui8ConfigString                   
0001e750  g_sCDCHandlers                       
0001e7b0  g_pui8ControlInterfaceString         
0001e7dc  g_pui8ManufacturerString             
0001e800  g_pui8CDCSerCommInterface            
0001e823  g_pui8ProductString                  
0001e8a0  g_ppui8StringDescriptors             
0001e8b8  g_pui8CDCSerDataInterface            
0001e8cf  g_pui8CDCSerDataInterfaceHS          
0001e938  g_pui8SerialNumberString             
0001e9d0  g_sCDCCompSerConfigHeader            
0001e9d8  g_sCDCCompSerConfigHeaderHS          
0001e9e0  g_sCDCSerCommInterfaceSection        
0001e9e8  g_sCDCSerConfigHeader                
0001e9f0  g_sCDCSerConfigHeaderHS              
0001e9f8  g_sCDCSerConfigSection               
0001ea00  g_sCDCSerDataInterfaceSection        
0001ea08  g_sCDCSerDataInterfaceSectionHS      
0001ea10  g_sIADSerConfigSection               
0001ea18  ulMaxSyscallInterruptPriority        
0001ea20  g_pui8LangDescriptor                 
0001ea24  alpha                                
0001ea28  g_pCDCCompSerConfigDescriptors       
0001ea2c  g_pCDCCompSerConfigDescriptorsHS     
0001ea30  g_ppCDCSerConfigDescriptors          
0001ea34  g_ppCDCSerConfigDescriptorsHS        
0001ea38  uxTopUsedPriority                    
0001eb7c  __TI_Handler_Table_Base              
0001eb88  __TI_Handler_Table_Limit             
0001eb98  __TI_CINIT_Base                      
0001ebb0  __TI_CINIT_Limit                     
20000000  __start___llvm_prf_cnts              
20000000  __stop___llvm_prf_cnts               
20000000  g_pfnRAMVectors                      
20005c78  g_sI2CInst                           
20005eac  g_pui8USBRxBuffer                    
20005fac  g_pui8USBTxBuffer                    
20006148  g_sMPU9150Inst                       
200061b4  g_sCompDCMInst                       
2000620c  g_psDCDInst                          
2000625c  xQueueRegistry                       
200062ac  g_sBMP180Inst                        
20006330  g_sTMP006Inst                        
20006360  g_sSHT21Inst                         
20006400  g_pfnTickHandlers                    
20006418  g_pvTickInstance                     
20006530  g_ppsDevInfo                         
20006534  g_ui32CPUUsage                       
20006538  g_ui32PollRate                       
2000653c  g_ui32SystemClock                    
20006540  g_vui8DataFlag_bmp180                
20006544  g_vui8DataFlag_sht21                 
20006548  g_vui8DataFlag_tmp006                
2000654c  g_vui8ErrorFlag_bmp180               
20006550  g_vui8ErrorFlag_mpu9150              
20006554  g_vui8ErrorFlag_sht21                
20006558  g_vui8ErrorFlag_tmp006               
2000655c  g_vui8I2CDoneFlag_mpu9150            
20006560  mutex_i2c                            
20006564  mutex_uart                           
20006568  mutex_usb                            
2000656c  semaforo_aceleracion                 
20006570  semaforo_humedad                     
20006574  semaforo_presion                     
20006578  semaforo_temperatura                 
2000657c  timer_boton                          
20006580  timer_presion                        
20006584  g_eOTGModeState                      
20006588  g_sCDCDevice                         
200065e8  g_psCmdTable                         
2000663c  pxCurrentTCB                         
20006678  g_sRxBuffer                          
200066b0  g_sTxBuffer                          
20006758  g_pui8CDCSerDeviceDescriptor         
2000676c  g_psCDCCompSerSections               
2000677c  g_psCDCCompSerSectionsHS             
2000678c  g_ulUARTTxCount                      
20006790  g_ulUARTRxCount                      
20006794  g_ulUARTRxErrors                     
2000679c  g_psCDCSerSections                   
200067a8  g_psCDCSerSectionsHS                 
200067d8  g_bUSBTimerInitialized               
200067dc  g_ui32CurrentUSBTick                 
200067e0  g_ui32USBSOFCount                    
200067e4  freeRTOSIniciado                     
200067e5  flag_creado                          
200067e6  aplicacion_conectada                 
200067e8  presion_asl                          
200067ec  estadoLED                            
200067ed  enviarUART                           
200067ef  g_pui8CDCSerDescriptor               
200067f8  g_iUSBMode                           
200067fc  g_ui32WaitTicks                      
20006801  g_pui8IADSerDescriptor               
20006820  errno                                
20006828  __stack                              
20006a28  __STACK_END                          
20006a28  __STACK_TOP                          
ffffffff  __TI_pprof_out_hndl                  
ffffffff  __TI_prof_data_size                  
ffffffff  __TI_prof_data_start                 
ffffffff  __binit__                            
ffffffff  __c_args__                           
ffffffff  binit                                
UNDEFED   __mpu_init                           
UNDEFED   _system_post_cinit                   

[895 symbols]
