<?xml version="1.0" encoding="ISO-8859-1" ?>
<link_info>
   <banner>TI ARM Linker PC v20.2.7.LTS</banner>
   <copyright>Copyright (c) 1996-2018 Texas Instruments Incorporated</copyright>
   <link_time>0x6a299c12</link_time>
   <link_errors>0x0</link_errors>
   <output_file>MonitorizacionCargaTIVA.out</output_file>
   <entry_point>
      <name>_c_int00_noargs</name>
      <address>0x1da99</address>
   </entry_point>
   <input_file_list>
      <input_file id="fl-2">
         <path>.\</path>
         <kind>object</kind>
         <file>Inicial.obj</file>
         <name>Inicial.obj</name>
      </input_file>
      <input_file id="fl-3">
         <path>.\</path>
         <kind>object</kind>
         <file>commands.obj</file>
         <name>commands.obj</name>
      </input_file>
      <input_file id="fl-4">
         <path>.\</path>
         <kind>object</kind>
         <file>crc.obj</file>
         <name>crc.obj</name>
      </input_file>
      <input_file id="fl-5">
         <path>.\</path>
         <kind>object</kind>
         <file>serial2USBprotocol.obj</file>
         <name>serial2USBprotocol.obj</name>
      </input_file>
      <input_file id="fl-6">
         <path>.\</path>
         <kind>object</kind>
         <file>startup_ccs.obj</file>
         <name>startup_ccs.obj</name>
      </input_file>
      <input_file id="fl-7">
         <path>.\</path>
         <kind>object</kind>
         <file>usb_dev_serial.obj</file>
         <name>usb_dev_serial.obj</name>
      </input_file>
      <input_file id="fl-8">
         <path>.\</path>
         <kind>object</kind>
         <file>usb_serial_structs.obj</file>
         <name>usb_serial_structs.obj</name>
      </input_file>
      <input_file id="fl-9">
         <path>.\FreeRTOS\Source\</path>
         <kind>object</kind>
         <file>croutine.obj</file>
         <name>croutine.obj</name>
      </input_file>
      <input_file id="fl-a">
         <path>.\FreeRTOS\Source\</path>
         <kind>object</kind>
         <file>event_groups.obj</file>
         <name>event_groups.obj</name>
      </input_file>
      <input_file id="fl-b">
         <path>.\FreeRTOS\Source\</path>
         <kind>object</kind>
         <file>list.obj</file>
         <name>list.obj</name>
      </input_file>
      <input_file id="fl-c">
         <path>.\FreeRTOS\Source\</path>
         <kind>object</kind>
         <file>queue.obj</file>
         <name>queue.obj</name>
      </input_file>
      <input_file id="fl-d">
         <path>.\FreeRTOS\Source\</path>
         <kind>object</kind>
         <file>stream_buffer.obj</file>
         <name>stream_buffer.obj</name>
      </input_file>
      <input_file id="fl-e">
         <path>.\FreeRTOS\Source\</path>
         <kind>object</kind>
         <file>tasks.obj</file>
         <name>tasks.obj</name>
      </input_file>
      <input_file id="fl-f">
         <path>.\FreeRTOS\Source\</path>
         <kind>object</kind>
         <file>timers.obj</file>
         <name>timers.obj</name>
      </input_file>
      <input_file id="fl-10">
         <path>.\FreeRTOS\Source\portable\CCS\ARM_CM4F\</path>
         <kind>object</kind>
         <file>port.obj</file>
         <name>port.obj</name>
      </input_file>
      <input_file id="fl-11">
         <path>.\FreeRTOS\Source\portable\CCS\ARM_CM4F\</path>
         <kind>object</kind>
         <file>portasm.obj</file>
         <name>portasm.obj</name>
      </input_file>
      <input_file id="fl-12">
         <path>.\FreeRTOS\Source\portable\MemMang\</path>
         <kind>object</kind>
         <file>heap_4.obj</file>
         <name>heap_4.obj</name>
      </input_file>
      <input_file id="fl-13">
         <path>.\driverlib\</path>
         <kind>object</kind>
         <file>adc.obj</file>
         <name>adc.obj</name>
      </input_file>
      <input_file id="fl-14">
         <path>.\driverlib\</path>
         <kind>object</kind>
         <file>aes.obj</file>
         <name>aes.obj</name>
      </input_file>
      <input_file id="fl-15">
         <path>.\driverlib\</path>
         <kind>object</kind>
         <file>can.obj</file>
         <name>can.obj</name>
      </input_file>
      <input_file id="fl-16">
         <path>.\driverlib\</path>
         <kind>object</kind>
         <file>comp.obj</file>
         <name>comp.obj</name>
      </input_file>
      <input_file id="fl-17">
         <path>.\driverlib\</path>
         <kind>object</kind>
         <file>cpu.obj</file>
         <name>cpu.obj</name>
      </input_file>
      <input_file id="fl-18">
         <path>.\driverlib\</path>
         <kind>object</kind>
         <file>crc.obj</file>
         <name>crc.obj</name>
      </input_file>
      <input_file id="fl-19">
         <path>.\driverlib\</path>
         <kind>object</kind>
         <file>des.obj</file>
         <name>des.obj</name>
      </input_file>
      <input_file id="fl-1a">
         <path>.\driverlib\</path>
         <kind>object</kind>
         <file>eeprom.obj</file>
         <name>eeprom.obj</name>
      </input_file>
      <input_file id="fl-1b">
         <path>.\driverlib\</path>
         <kind>object</kind>
         <file>emac.obj</file>
         <name>emac.obj</name>
      </input_file>
      <input_file id="fl-1c">
         <path>.\driverlib\</path>
         <kind>object</kind>
         <file>epi.obj</file>
         <name>epi.obj</name>
      </input_file>
      <input_file id="fl-1d">
         <path>.\driverlib\</path>
         <kind>object</kind>
         <file>epi_workaround_ccs.obj</file>
         <name>epi_workaround_ccs.obj</name>
      </input_file>
      <input_file id="fl-1e">
         <path>.\driverlib\</path>
         <kind>object</kind>
         <file>flash.obj</file>
         <name>flash.obj</name>
      </input_file>
      <input_file id="fl-1f">
         <path>.\driverlib\</path>
         <kind>object</kind>
         <file>fpu.obj</file>
         <name>fpu.obj</name>
      </input_file>
      <input_file id="fl-20">
         <path>.\driverlib\</path>
         <kind>object</kind>
         <file>gpio.obj</file>
         <name>gpio.obj</name>
      </input_file>
      <input_file id="fl-21">
         <path>.\driverlib\</path>
         <kind>object</kind>
         <file>hibernate.obj</file>
         <name>hibernate.obj</name>
      </input_file>
      <input_file id="fl-22">
         <path>.\driverlib\</path>
         <kind>object</kind>
         <file>i2c.obj</file>
         <name>i2c.obj</name>
      </input_file>
      <input_file id="fl-23">
         <path>.\driverlib\</path>
         <kind>object</kind>
         <file>interrupt.obj</file>
         <name>interrupt.obj</name>
      </input_file>
      <input_file id="fl-24">
         <path>.\driverlib\</path>
         <kind>object</kind>
         <file>lcd.obj</file>
         <name>lcd.obj</name>
      </input_file>
      <input_file id="fl-25">
         <path>.\driverlib\</path>
         <kind>object</kind>
         <file>mpu.obj</file>
         <name>mpu.obj</name>
      </input_file>
      <input_file id="fl-26">
         <path>.\driverlib\</path>
         <kind>object</kind>
         <file>onewire.obj</file>
         <name>onewire.obj</name>
      </input_file>
      <input_file id="fl-27">
         <path>.\driverlib\</path>
         <kind>object</kind>
         <file>pwm.obj</file>
         <name>pwm.obj</name>
      </input_file>
      <input_file id="fl-28">
         <path>.\driverlib\</path>
         <kind>object</kind>
         <file>qei.obj</file>
         <name>qei.obj</name>
      </input_file>
      <input_file id="fl-29">
         <path>.\driverlib\</path>
         <kind>object</kind>
         <file>shamd5.obj</file>
         <name>shamd5.obj</name>
      </input_file>
      <input_file id="fl-2a">
         <path>.\driverlib\</path>
         <kind>object</kind>
         <file>ssi.obj</file>
         <name>ssi.obj</name>
      </input_file>
      <input_file id="fl-2b">
         <path>.\driverlib\</path>
         <kind>object</kind>
         <file>sw_crc.obj</file>
         <name>sw_crc.obj</name>
      </input_file>
      <input_file id="fl-2c">
         <path>.\driverlib\</path>
         <kind>object</kind>
         <file>sysctl.obj</file>
         <name>sysctl.obj</name>
      </input_file>
      <input_file id="fl-2d">
         <path>.\driverlib\</path>
         <kind>object</kind>
         <file>sysexc.obj</file>
         <name>sysexc.obj</name>
      </input_file>
      <input_file id="fl-2e">
         <path>.\driverlib\</path>
         <kind>object</kind>
         <file>systick.obj</file>
         <name>systick.obj</name>
      </input_file>
      <input_file id="fl-2f">
         <path>.\driverlib\</path>
         <kind>object</kind>
         <file>timer.obj</file>
         <name>timer.obj</name>
      </input_file>
      <input_file id="fl-30">
         <path>.\driverlib\</path>
         <kind>object</kind>
         <file>uart.obj</file>
         <name>uart.obj</name>
      </input_file>
      <input_file id="fl-31">
         <path>.\driverlib\</path>
         <kind>object</kind>
         <file>udma.obj</file>
         <name>udma.obj</name>
      </input_file>
      <input_file id="fl-32">
         <path>.\driverlib\</path>
         <kind>object</kind>
         <file>usb.obj</file>
         <name>usb.obj</name>
      </input_file>
      <input_file id="fl-33">
         <path>.\driverlib\</path>
         <kind>object</kind>
         <file>watchdog.obj</file>
         <name>watchdog.obj</name>
      </input_file>
      <input_file id="fl-34">
         <path>.\drivers\</path>
         <kind>object</kind>
         <file>buttons.obj</file>
         <name>buttons.obj</name>
      </input_file>
      <input_file id="fl-35">
         <path>.\drivers\</path>
         <kind>object</kind>
         <file>rgb.obj</file>
         <name>rgb.obj</name>
      </input_file>
      <input_file id="fl-36">
         <path>.\sensorlib\</path>
         <kind>object</kind>
         <file>ak8963.obj</file>
         <name>ak8963.obj</name>
      </input_file>
      <input_file id="fl-37">
         <path>.\sensorlib\</path>
         <kind>object</kind>
         <file>ak8975.obj</file>
         <name>ak8975.obj</name>
      </input_file>
      <input_file id="fl-38">
         <path>.\sensorlib\</path>
         <kind>object</kind>
         <file>bmp180.obj</file>
         <name>bmp180.obj</name>
      </input_file>
      <input_file id="fl-39">
         <path>.\sensorlib\</path>
         <kind>object</kind>
         <file>bq27510g3.obj</file>
         <name>bq27510g3.obj</name>
      </input_file>
      <input_file id="fl-3a">
         <path>.\sensorlib\</path>
         <kind>object</kind>
         <file>cm3218.obj</file>
         <name>cm3218.obj</name>
      </input_file>
      <input_file id="fl-3b">
         <path>.\sensorlib\</path>
         <kind>object</kind>
         <file>comp_dcm.obj</file>
         <name>comp_dcm.obj</name>
      </input_file>
      <input_file id="fl-3c">
         <path>.\sensorlib\</path>
         <kind>object</kind>
         <file>i2cm_drv.obj</file>
         <name>i2cm_drv.obj</name>
      </input_file>
      <input_file id="fl-3d">
         <path>.\sensorlib\</path>
         <kind>object</kind>
         <file>isl29023.obj</file>
         <name>isl29023.obj</name>
      </input_file>
      <input_file id="fl-3e">
         <path>.\sensorlib\</path>
         <kind>object</kind>
         <file>kxti9.obj</file>
         <name>kxti9.obj</name>
      </input_file>
      <input_file id="fl-3f">
         <path>.\sensorlib\</path>
         <kind>object</kind>
         <file>l3gd20h.obj</file>
         <name>l3gd20h.obj</name>
      </input_file>
      <input_file id="fl-40">
         <path>.\sensorlib\</path>
         <kind>object</kind>
         <file>lsm303d.obj</file>
         <name>lsm303d.obj</name>
      </input_file>
      <input_file id="fl-41">
         <path>.\sensorlib\</path>
         <kind>object</kind>
         <file>lsm303dlhc_accel.obj</file>
         <name>lsm303dlhc_accel.obj</name>
      </input_file>
      <input_file id="fl-42">
         <path>.\sensorlib\</path>
         <kind>object</kind>
         <file>lsm303dlhc_mag.obj</file>
         <name>lsm303dlhc_mag.obj</name>
      </input_file>
      <input_file id="fl-43">
         <path>.\sensorlib\</path>
         <kind>object</kind>
         <file>magneto.obj</file>
         <name>magneto.obj</name>
      </input_file>
      <input_file id="fl-44">
         <path>.\sensorlib\</path>
         <kind>object</kind>
         <file>mpu6050.obj</file>
         <name>mpu6050.obj</name>
      </input_file>
      <input_file id="fl-45">
         <path>.\sensorlib\</path>
         <kind>object</kind>
         <file>mpu9150.obj</file>
         <name>mpu9150.obj</name>
      </input_file>
      <input_file id="fl-46">
         <path>.\sensorlib\</path>
         <kind>object</kind>
         <file>quaternion.obj</file>
         <name>quaternion.obj</name>
      </input_file>
      <input_file id="fl-47">
         <path>.\sensorlib\</path>
         <kind>object</kind>
         <file>sht21.obj</file>
         <name>sht21.obj</name>
      </input_file>
      <input_file id="fl-48">
         <path>.\sensorlib\</path>
         <kind>object</kind>
         <file>tmp006.obj</file>
         <name>tmp006.obj</name>
      </input_file>
      <input_file id="fl-49">
         <path>.\sensorlib\</path>
         <kind>object</kind>
         <file>tmp100.obj</file>
         <name>tmp100.obj</name>
      </input_file>
      <input_file id="fl-4a">
         <path>.\sensorlib\</path>
         <kind>object</kind>
         <file>vector.obj</file>
         <name>vector.obj</name>
      </input_file>
      <input_file id="fl-4b">
         <path>.\usblib\device\</path>
         <kind>object</kind>
         <file>usbdaudio.obj</file>
         <name>usbdaudio.obj</name>
      </input_file>
      <input_file id="fl-4c">
         <path>.\usblib\device\</path>
         <kind>object</kind>
         <file>usbdbulk.obj</file>
         <name>usbdbulk.obj</name>
      </input_file>
      <input_file id="fl-4d">
         <path>.\usblib\device\</path>
         <kind>object</kind>
         <file>usbdcdc.obj</file>
         <name>usbdcdc.obj</name>
      </input_file>
      <input_file id="fl-4e">
         <path>.\usblib\device\</path>
         <kind>object</kind>
         <file>usbdcdesc.obj</file>
         <name>usbdcdesc.obj</name>
      </input_file>
      <input_file id="fl-4f">
         <path>.\usblib\device\</path>
         <kind>object</kind>
         <file>usbdcomp.obj</file>
         <name>usbdcomp.obj</name>
      </input_file>
      <input_file id="fl-50">
         <path>.\usblib\device\</path>
         <kind>object</kind>
         <file>usbdconfig.obj</file>
         <name>usbdconfig.obj</name>
      </input_file>
      <input_file id="fl-51">
         <path>.\usblib\device\</path>
         <kind>object</kind>
         <file>usbddfu-rt.obj</file>
         <name>usbddfu-rt.obj</name>
      </input_file>
      <input_file id="fl-52">
         <path>.\usblib\device\</path>
         <kind>object</kind>
         <file>usbdenum.obj</file>
         <name>usbdenum.obj</name>
      </input_file>
      <input_file id="fl-53">
         <path>.\usblib\device\</path>
         <kind>object</kind>
         <file>usbdhandler.obj</file>
         <name>usbdhandler.obj</name>
      </input_file>
      <input_file id="fl-54">
         <path>.\usblib\device\</path>
         <kind>object</kind>
         <file>usbdhid.obj</file>
         <name>usbdhid.obj</name>
      </input_file>
      <input_file id="fl-55">
         <path>.\usblib\device\</path>
         <kind>object</kind>
         <file>usbdhidgamepad.obj</file>
         <name>usbdhidgamepad.obj</name>
      </input_file>
      <input_file id="fl-56">
         <path>.\usblib\device\</path>
         <kind>object</kind>
         <file>usbdhidkeyb.obj</file>
         <name>usbdhidkeyb.obj</name>
      </input_file>
      <input_file id="fl-57">
         <path>.\usblib\device\</path>
         <kind>object</kind>
         <file>usbdhidmouse.obj</file>
         <name>usbdhidmouse.obj</name>
      </input_file>
      <input_file id="fl-58">
         <path>.\usblib\device\</path>
         <kind>object</kind>
         <file>usbdmsc.obj</file>
         <name>usbdmsc.obj</name>
      </input_file>
      <input_file id="fl-59">
         <path>.\usblib\host\</path>
         <kind>object</kind>
         <file>usbhaudio.obj</file>
         <name>usbhaudio.obj</name>
      </input_file>
      <input_file id="fl-5a">
         <path>.\usblib\host\</path>
         <kind>object</kind>
         <file>usbhhid.obj</file>
         <name>usbhhid.obj</name>
      </input_file>
      <input_file id="fl-5b">
         <path>.\usblib\host\</path>
         <kind>object</kind>
         <file>usbhhidkeyboard.obj</file>
         <name>usbhhidkeyboard.obj</name>
      </input_file>
      <input_file id="fl-5c">
         <path>.\usblib\host\</path>
         <kind>object</kind>
         <file>usbhhidmouse.obj</file>
         <name>usbhhidmouse.obj</name>
      </input_file>
      <input_file id="fl-5d">
         <path>.\usblib\host\</path>
         <kind>object</kind>
         <file>usbhhub.obj</file>
         <name>usbhhub.obj</name>
      </input_file>
      <input_file id="fl-5e">
         <path>.\usblib\host\</path>
         <kind>object</kind>
         <file>usbhmsc.obj</file>
         <name>usbhmsc.obj</name>
      </input_file>
      <input_file id="fl-5f">
         <path>.\usblib\host\</path>
         <kind>object</kind>
         <file>usbhostenum.obj</file>
         <name>usbhostenum.obj</name>
      </input_file>
      <input_file id="fl-60">
         <path>.\usblib\host\</path>
         <kind>object</kind>
         <file>usbhscsi.obj</file>
         <name>usbhscsi.obj</name>
      </input_file>
      <input_file id="fl-61">
         <path>.\usblib\</path>
         <kind>object</kind>
         <file>usbbuffer.obj</file>
         <name>usbbuffer.obj</name>
      </input_file>
      <input_file id="fl-62">
         <path>.\usblib\</path>
         <kind>object</kind>
         <file>usbdesc.obj</file>
         <name>usbdesc.obj</name>
      </input_file>
      <input_file id="fl-63">
         <path>.\usblib\</path>
         <kind>object</kind>
         <file>usbdma.obj</file>
         <name>usbdma.obj</name>
      </input_file>
      <input_file id="fl-64">
         <path>.\usblib\</path>
         <kind>object</kind>
         <file>usbkeyboardmap.obj</file>
         <name>usbkeyboardmap.obj</name>
      </input_file>
      <input_file id="fl-65">
         <path>.\usblib\</path>
         <kind>object</kind>
         <file>usbmode.obj</file>
         <name>usbmode.obj</name>
      </input_file>
      <input_file id="fl-66">
         <path>.\usblib\</path>
         <kind>object</kind>
         <file>usbringbuf.obj</file>
         <name>usbringbuf.obj</name>
      </input_file>
      <input_file id="fl-67">
         <path>.\usblib\</path>
         <kind>object</kind>
         <file>usbtick.obj</file>
         <name>usbtick.obj</name>
      </input_file>
      <input_file id="fl-68">
         <path>.\usblib\</path>
         <kind>object</kind>
         <file>usbulpi.obj</file>
         <name>usbulpi.obj</name>
      </input_file>
      <input_file id="fl-69">
         <path>.\utils\</path>
         <kind>object</kind>
         <file>RunTimeStatsConfig.obj</file>
         <name>RunTimeStatsConfig.obj</name>
      </input_file>
      <input_file id="fl-6a">
         <path>.\utils\</path>
         <kind>object</kind>
         <file>cmdline.obj</file>
         <name>cmdline.obj</name>
      </input_file>
      <input_file id="fl-6b">
         <path>.\utils\</path>
         <kind>object</kind>
         <file>cpu_usage.obj</file>
         <name>cpu_usage.obj</name>
      </input_file>
      <input_file id="fl-6c">
         <path>.\utils\</path>
         <kind>object</kind>
         <file>uartstdioMod.obj</file>
         <name>uartstdioMod.obj</name>
      </input_file>
      <input_file id="fl-74">
         <kind>object</kind>
         <file>&lt;internal&gt;</file>
         <name>&lt;internal&gt;</name>
      </input_file>
      <input_file id="fl-12a">
         <path>D:\ti\ccs1240\ccs\tools\compiler\ti-cgt-arm_20.2.7.LTS\lib\</path>
         <kind>archive</kind>
         <file>rtsv7M4_T_le_v4SPD16_eabi.lib</file>
         <name>e_acosf.c.obj</name>
      </input_file>
      <input_file id="fl-12b">
         <path>D:\ti\ccs1240\ccs\tools\compiler\ti-cgt-arm_20.2.7.LTS\lib\</path>
         <kind>archive</kind>
         <file>rtsv7M4_T_le_v4SPD16_eabi.lib</file>
         <name>e_asinf.c.obj</name>
      </input_file>
      <input_file id="fl-12c">
         <path>D:\ti\ccs1240\ccs\tools\compiler\ti-cgt-arm_20.2.7.LTS\lib\</path>
         <kind>archive</kind>
         <file>rtsv7M4_T_le_v4SPD16_eabi.lib</file>
         <name>e_atan2f.c.obj</name>
      </input_file>
      <input_file id="fl-12d">
         <path>D:\ti\ccs1240\ccs\tools\compiler\ti-cgt-arm_20.2.7.LTS\lib\</path>
         <kind>archive</kind>
         <file>rtsv7M4_T_le_v4SPD16_eabi.lib</file>
         <name>e_powf.c.obj</name>
      </input_file>
      <input_file id="fl-12e">
         <path>D:\ti\ccs1240\ccs\tools\compiler\ti-cgt-arm_20.2.7.LTS\lib\</path>
         <kind>archive</kind>
         <file>rtsv7M4_T_le_v4SPD16_eabi.lib</file>
         <name>e_sqrtf.c.obj</name>
      </input_file>
      <input_file id="fl-12f">
         <path>D:\ti\ccs1240\ccs\tools\compiler\ti-cgt-arm_20.2.7.LTS\lib\</path>
         <kind>archive</kind>
         <file>rtsv7M4_T_le_v4SPD16_eabi.lib</file>
         <name>s_atanf.c.obj</name>
      </input_file>
      <input_file id="fl-130">
         <path>D:\ti\ccs1240\ccs\tools\compiler\ti-cgt-arm_20.2.7.LTS\lib\</path>
         <kind>archive</kind>
         <file>rtsv7M4_T_le_v4SPD16_eabi.lib</file>
         <name>s_cosf.c.obj</name>
      </input_file>
      <input_file id="fl-131">
         <path>D:\ti\ccs1240\ccs\tools\compiler\ti-cgt-arm_20.2.7.LTS\lib\</path>
         <kind>archive</kind>
         <file>rtsv7M4_T_le_v4SPD16_eabi.lib</file>
         <name>s_scalbnf.c.obj</name>
      </input_file>
      <input_file id="fl-132">
         <path>D:\ti\ccs1240\ccs\tools\compiler\ti-cgt-arm_20.2.7.LTS\lib\</path>
         <kind>archive</kind>
         <file>rtsv7M4_T_le_v4SPD16_eabi.lib</file>
         <name>s_sinf.c.obj</name>
      </input_file>
      <input_file id="fl-133">
         <path>D:\ti\ccs1240\ccs\tools\compiler\ti-cgt-arm_20.2.7.LTS\lib\</path>
         <kind>archive</kind>
         <file>rtsv7M4_T_le_v4SPD16_eabi.lib</file>
         <name>e_sqrt.c.obj</name>
      </input_file>
      <input_file id="fl-134">
         <path>D:\ti\ccs1240\ccs\tools\compiler\ti-cgt-arm_20.2.7.LTS\lib\</path>
         <kind>archive</kind>
         <file>rtsv7M4_T_le_v4SPD16_eabi.lib</file>
         <name>s_round.c.obj</name>
      </input_file>
      <input_file id="fl-135">
         <path>D:\ti\ccs1240\ccs\tools\compiler\ti-cgt-arm_20.2.7.LTS\lib\</path>
         <kind>archive</kind>
         <file>rtsv7M4_T_le_v4SPD16_eabi.lib</file>
         <name>sprintf.c.obj</name>
      </input_file>
      <input_file id="fl-136">
         <path>D:\ti\ccs1240\ccs\tools\compiler\ti-cgt-arm_20.2.7.LTS\lib\</path>
         <kind>archive</kind>
         <file>rtsv7M4_T_le_v4SPD16_eabi.lib</file>
         <name>s_copysignf.c.obj</name>
      </input_file>
      <input_file id="fl-137">
         <path>D:\ti\ccs1240\ccs\tools\compiler\ti-cgt-arm_20.2.7.LTS\lib\</path>
         <kind>archive</kind>
         <file>rtsv7M4_T_le_v4SPD16_eabi.lib</file>
         <name>fd_add_t2.asm.obj</name>
      </input_file>
      <input_file id="fl-138">
         <path>D:\ti\ccs1240\ccs\tools\compiler\ti-cgt-arm_20.2.7.LTS\lib\</path>
         <kind>archive</kind>
         <file>rtsv7M4_T_le_v4SPD16_eabi.lib</file>
         <name>fd_cmp_t2.asm.obj</name>
      </input_file>
      <input_file id="fl-139">
         <path>D:\ti\ccs1240\ccs\tools\compiler\ti-cgt-arm_20.2.7.LTS\lib\</path>
         <kind>archive</kind>
         <file>rtsv7M4_T_le_v4SPD16_eabi.lib</file>
         <name>fd_div_t2.asm.obj</name>
      </input_file>
      <input_file id="fl-13a">
         <path>D:\ti\ccs1240\ccs\tools\compiler\ti-cgt-arm_20.2.7.LTS\lib\</path>
         <kind>archive</kind>
         <file>rtsv7M4_T_le_v4SPD16_eabi.lib</file>
         <name>fd_mul_t2.asm.obj</name>
      </input_file>
      <input_file id="fl-13b">
         <path>D:\ti\ccs1240\ccs\tools\compiler\ti-cgt-arm_20.2.7.LTS\lib\</path>
         <kind>archive</kind>
         <file>rtsv7M4_T_le_v4SPD16_eabi.lib</file>
         <name>fd_tos_t2.asm.obj</name>
      </input_file>
      <input_file id="fl-13c">
         <path>D:\ti\ccs1240\ccs\tools\compiler\ti-cgt-arm_20.2.7.LTS\lib\</path>
         <kind>archive</kind>
         <file>rtsv7M4_T_le_v4SPD16_eabi.lib</file>
         <name>fd_tou_t2.asm.obj</name>
      </input_file>
      <input_file id="fl-13d">
         <path>D:\ti\ccs1240\ccs\tools\compiler\ti-cgt-arm_20.2.7.LTS\lib\</path>
         <kind>archive</kind>
         <file>rtsv7M4_T_le_v4SPD16_eabi.lib</file>
         <name>fs_tod_t2.asm.obj</name>
      </input_file>
      <input_file id="fl-13e">
         <path>D:\ti\ccs1240\ccs\tools\compiler\ti-cgt-arm_20.2.7.LTS\lib\</path>
         <kind>archive</kind>
         <file>rtsv7M4_T_le_v4SPD16_eabi.lib</file>
         <name>fs_toull_t2.asm.obj</name>
      </input_file>
      <input_file id="fl-13f">
         <path>D:\ti\ccs1240\ccs\tools\compiler\ti-cgt-arm_20.2.7.LTS\lib\</path>
         <kind>archive</kind>
         <file>rtsv7M4_T_le_v4SPD16_eabi.lib</file>
         <name>memcpy_t2.asm.obj</name>
      </input_file>
      <input_file id="fl-140">
         <path>D:\ti\ccs1240\ccs\tools\compiler\ti-cgt-arm_20.2.7.LTS\lib\</path>
         <kind>archive</kind>
         <file>rtsv7M4_T_le_v4SPD16_eabi.lib</file>
         <name>memset_t2.asm.obj</name>
      </input_file>
      <input_file id="fl-141">
         <path>D:\ti\ccs1240\ccs\tools\compiler\ti-cgt-arm_20.2.7.LTS\lib\</path>
         <kind>archive</kind>
         <file>rtsv7M4_T_le_v4SPD16_eabi.lib</file>
         <name>u_divt2.asm.obj</name>
      </input_file>
      <input_file id="fl-142">
         <path>D:\ti\ccs1240\ccs\tools\compiler\ti-cgt-arm_20.2.7.LTS\lib\</path>
         <kind>archive</kind>
         <file>rtsv7M4_T_le_v4SPD16_eabi.lib</file>
         <name>copy_zero_init.c.obj</name>
      </input_file>
      <input_file id="fl-143">
         <path>D:\ti\ccs1240\ccs\tools\compiler\ti-cgt-arm_20.2.7.LTS\lib\</path>
         <kind>archive</kind>
         <file>rtsv7M4_T_le_v4SPD16_eabi.lib</file>
         <name>copy_decompress_none.c.obj</name>
      </input_file>
      <input_file id="fl-144">
         <path>D:\ti\ccs1240\ccs\tools\compiler\ti-cgt-arm_20.2.7.LTS\lib\</path>
         <kind>archive</kind>
         <file>rtsv7M4_T_le_v4SPD16_eabi.lib</file>
         <name>copy_decompress_lzss.c.obj</name>
      </input_file>
      <input_file id="fl-145">
         <path>D:\ti\ccs1240\ccs\tools\compiler\ti-cgt-arm_20.2.7.LTS\lib\</path>
         <kind>archive</kind>
         <file>rtsv7M4_T_le_v4SPD16_eabi.lib</file>
         <name>strcmp.c.obj</name>
      </input_file>
      <input_file id="fl-146">
         <path>D:\ti\ccs1240\ccs\tools\compiler\ti-cgt-arm_20.2.7.LTS\lib\</path>
         <kind>archive</kind>
         <file>rtsv7M4_T_le_v4SPD16_eabi.lib</file>
         <name>strcpy.c.obj</name>
      </input_file>
      <input_file id="fl-147">
         <path>D:\ti\ccs1240\ccs\tools\compiler\ti-cgt-arm_20.2.7.LTS\lib\</path>
         <kind>archive</kind>
         <file>rtsv7M4_T_le_v4SPD16_eabi.lib</file>
         <name>strlen.c.obj</name>
      </input_file>
      <input_file id="fl-148">
         <path>D:\ti\ccs1240\ccs\tools\compiler\ti-cgt-arm_20.2.7.LTS\lib\</path>
         <kind>archive</kind>
         <file>rtsv7M4_T_le_v4SPD16_eabi.lib</file>
         <name>boot_cortex_m.c.obj</name>
      </input_file>
      <input_file id="fl-149">
         <path>D:\ti\ccs1240\ccs\tools\compiler\ti-cgt-arm_20.2.7.LTS\lib\</path>
         <kind>archive</kind>
         <file>rtsv7M4_T_le_v4SPD16_eabi.lib</file>
         <name>errno.c.obj</name>
      </input_file>
      <input_file id="fl-14a">
         <path>D:\ti\ccs1240\ccs\tools\compiler\ti-cgt-arm_20.2.7.LTS\lib\</path>
         <kind>archive</kind>
         <file>rtsv7M4_T_le_v4SPD16_eabi.lib</file>
         <name>s_floor.c.obj</name>
      </input_file>
      <input_file id="fl-14b">
         <path>D:\ti\ccs1240\ccs\tools\compiler\ti-cgt-arm_20.2.7.LTS\lib\</path>
         <kind>archive</kind>
         <file>rtsv7M4_T_le_v4SPD16_eabi.lib</file>
         <name>_printfi.c.obj</name>
      </input_file>
      <input_file id="fl-14c">
         <path>D:\ti\ccs1240\ccs\tools\compiler\ti-cgt-arm_20.2.7.LTS\lib\</path>
         <kind>archive</kind>
         <file>rtsv7M4_T_le_v4SPD16_eabi.lib</file>
         <name>div0.asm.obj</name>
      </input_file>
      <input_file id="fl-14d">
         <path>D:\ti\ccs1240\ccs\tools\compiler\ti-cgt-arm_20.2.7.LTS\lib\</path>
         <kind>archive</kind>
         <file>rtsv7M4_T_le_v4SPD16_eabi.lib</file>
         <name>fd_toi_t2.asm.obj</name>
      </input_file>
      <input_file id="fl-14e">
         <path>D:\ti\ccs1240\ccs\tools\compiler\ti-cgt-arm_20.2.7.LTS\lib\</path>
         <kind>archive</kind>
         <file>rtsv7M4_T_le_v4SPD16_eabi.lib</file>
         <name>i_tofd_t2.asm.obj</name>
      </input_file>
      <input_file id="fl-14f">
         <path>D:\ti\ccs1240\ccs\tools\compiler\ti-cgt-arm_20.2.7.LTS\lib\</path>
         <kind>archive</kind>
         <file>rtsv7M4_T_le_v4SPD16_eabi.lib</file>
         <name>ull_div_t2.asm.obj</name>
      </input_file>
      <input_file id="fl-150">
         <path>D:\ti\ccs1240\ccs\tools\compiler\ti-cgt-arm_20.2.7.LTS\lib\</path>
         <kind>archive</kind>
         <file>rtsv7M4_T_le_v4SPD16_eabi.lib</file>
         <name>autoinit.c.obj</name>
      </input_file>
      <input_file id="fl-151">
         <path>D:\ti\ccs1240\ccs\tools\compiler\ti-cgt-arm_20.2.7.LTS\lib\</path>
         <kind>archive</kind>
         <file>rtsv7M4_T_le_v4SPD16_eabi.lib</file>
         <name>pre_init.c.obj</name>
      </input_file>
      <input_file id="fl-152">
         <path>D:\ti\ccs1240\ccs\tools\compiler\ti-cgt-arm_20.2.7.LTS\lib\</path>
         <kind>archive</kind>
         <file>rtsv7M4_T_le_v4SPD16_eabi.lib</file>
         <name>cpy_tbl.c.obj</name>
      </input_file>
      <input_file id="fl-153">
         <path>D:\ti\ccs1240\ccs\tools\compiler\ti-cgt-arm_20.2.7.LTS\lib\</path>
         <kind>archive</kind>
         <file>rtsv7M4_T_le_v4SPD16_eabi.lib</file>
         <name>exit.c.obj</name>
      </input_file>
      <input_file id="fl-154">
         <path>D:\ti\ccs1240\ccs\tools\compiler\ti-cgt-arm_20.2.7.LTS\lib\</path>
         <kind>archive</kind>
         <file>rtsv7M4_T_le_v4SPD16_eabi.lib</file>
         <name>_lock.c.obj</name>
      </input_file>
      <input_file id="fl-155">
         <path>D:\ti\ccs1240\ccs\tools\compiler\ti-cgt-arm_20.2.7.LTS\lib\</path>
         <kind>archive</kind>
         <file>rtsv7M4_T_le_v4SPD16_eabi.lib</file>
         <name>_ltoa.c.obj</name>
      </input_file>
      <input_file id="fl-156">
         <path>D:\ti\ccs1240\ccs\tools\compiler\ti-cgt-arm_20.2.7.LTS\lib\</path>
         <kind>archive</kind>
         <file>rtsv7M4_T_le_v4SPD16_eabi.lib</file>
         <name>args_main.c.obj</name>
      </input_file>
      <input_file id="fl-157">
         <path>D:\ti\ccs1240\ccs\tools\compiler\ti-cgt-arm_20.2.7.LTS\lib\</path>
         <kind>archive</kind>
         <file>rtsv7M4_T_le_v4SPD16_eabi.lib</file>
         <name>atoi.c.obj</name>
      </input_file>
      <input_file id="fl-158">
         <path>D:\ti\ccs1240\ccs\tools\compiler\ti-cgt-arm_20.2.7.LTS\lib\</path>
         <kind>archive</kind>
         <file>rtsv7M4_T_le_v4SPD16_eabi.lib</file>
         <name>ctype.c.obj</name>
      </input_file>
      <input_file id="fl-159">
         <path>D:\ti\ccs1240\ccs\tools\compiler\ti-cgt-arm_20.2.7.LTS\lib\</path>
         <kind>archive</kind>
         <file>rtsv7M4_T_le_v4SPD16_eabi.lib</file>
         <name>memccpy.c.obj</name>
      </input_file>
      <input_file id="fl-15a">
         <path>D:\ti\ccs1240\ccs\tools\compiler\ti-cgt-arm_20.2.7.LTS\lib\</path>
         <kind>archive</kind>
         <file>rtsv7M4_T_le_v4SPD16_eabi.lib</file>
         <name>strchr.c.obj</name>
      </input_file>
      <input_file id="fl-15b">
         <path>D:\ti\ccs1240\ccs\tools\compiler\ti-cgt-arm_20.2.7.LTS\lib\</path>
         <kind>archive</kind>
         <file>rtsv7M4_T_le_v4SPD16_eabi.lib</file>
         <name>wcslen.c.obj</name>
      </input_file>
      <input_file id="fl-15c">
         <path>D:\ti\ccs1240\ccs\tools\compiler\ti-cgt-arm_20.2.7.LTS\lib\</path>
         <kind>archive</kind>
         <file>rtsv7M4_T_le_v4SPD16_eabi.lib</file>
         <name>s_frexp.c.obj</name>
      </input_file>
      <input_file id="fl-15d">
         <path>D:\ti\ccs1240\ccs\tools\compiler\ti-cgt-arm_20.2.7.LTS\lib\</path>
         <kind>archive</kind>
         <file>rtsv7M4_T_le_v4SPD16_eabi.lib</file>
         <name>s_scalbn.c.obj</name>
      </input_file>
      <input_file id="fl-15e">
         <path>D:\ti\ccs1240\ccs\tools\compiler\ti-cgt-arm_20.2.7.LTS\lib\</path>
         <kind>archive</kind>
         <file>rtsv7M4_T_le_v4SPD16_eabi.lib</file>
         <name>s_copysign.c.obj</name>
      </input_file>
   </input_file_list>
   <object_component_list>
      <object_component id="oc-12">
         <name>.intvecs</name>
         <load_address>0x0</load_address>
         <run_address>0x0</run_address>
         <size>0x26c</size>
         <input_file_ref idref="fl-6"/>
      </object_component>
      <object_component id="oc-578">
         <name>.text</name>
         <load_address>0x26c</load_address>
         <run_address>0x26c</run_address>
         <size>0x3084</size>
         <input_file_ref idref="fl-5f"/>
      </object_component>
      <object_component id="oc-91">
         <name>.text</name>
         <load_address>0x32f0</load_address>
         <run_address>0x32f0</run_address>
         <size>0x2870</size>
         <input_file_ref idref="fl-e"/>
      </object_component>
      <object_component id="oc-3d8">
         <name>.text</name>
         <load_address>0x5b60</load_address>
         <run_address>0x5b60</run_address>
         <size>0x238c</size>
         <input_file_ref idref="fl-32"/>
      </object_component>
      <object_component id="oc-38">
         <name>.text</name>
         <load_address>0x7eec</load_address>
         <run_address>0x7eec</run_address>
         <size>0x1af4</size>
         <input_file_ref idref="fl-2"/>
      </object_component>
      <object_component id="oc-b2">
         <name>.text</name>
         <load_address>0x99e0</load_address>
         <run_address>0x99e0</run_address>
         <size>0x1688</size>
         <input_file_ref idref="fl-2c"/>
      </object_component>
      <object_component id="oc-1a8">
         <name>.text</name>
         <load_address>0xb068</load_address>
         <run_address>0xb068</run_address>
         <size>0x1570</size>
         <input_file_ref idref="fl-52"/>
      </object_component>
      <object_component id="oc-d7">
         <name>.text</name>
         <load_address>0xc5d8</load_address>
         <run_address>0xc5d8</run_address>
         <size>0x1288</size>
         <input_file_ref idref="fl-20"/>
      </object_component>
      <object_component id="oc-cb">
         <name>.text</name>
         <load_address>0xd860</load_address>
         <run_address>0xd860</run_address>
         <size>0x10c4</size>
         <input_file_ref idref="fl-c"/>
      </object_component>
      <object_component id="oc-397">
         <name>.text</name>
         <load_address>0xe924</load_address>
         <run_address>0xe924</run_address>
         <size>0xfdc</size>
         <input_file_ref idref="fl-4d"/>
      </object_component>
      <object_component id="oc-3e4">
         <name>.text</name>
         <load_address>0xf900</load_address>
         <run_address>0xf900</run_address>
         <size>0xfa8</size>
         <input_file_ref idref="fl-63"/>
      </object_component>
      <object_component id="oc-b8">
         <name>.text</name>
         <load_address>0x108a8</load_address>
         <run_address>0x108a8</run_address>
         <size>0xea4</size>
         <input_file_ref idref="fl-3c"/>
      </object_component>
      <object_component id="oc-487">
         <name>.text</name>
         <load_address>0x1174c</load_address>
         <run_address>0x1174c</run_address>
         <size>0xd20</size>
         <input_file_ref idref="fl-2f"/>
      </object_component>
      <object_component id="oc-3e">
         <name>.text</name>
         <load_address>0x1246c</load_address>
         <run_address>0x1246c</run_address>
         <size>0xb8c</size>
         <input_file_ref idref="fl-6c"/>
      </object_component>
      <object_component id="oc-17e">
         <name>.text</name>
         <load_address>0x12ff8</load_address>
         <run_address>0x12ff8</run_address>
         <size>0xb08</size>
         <input_file_ref idref="fl-30"/>
      </object_component>
      <object_component id="oc-49a">
         <name>.text:__TI_printfi</name>
         <load_address>0x13b00</load_address>
         <run_address>0x13b00</run_address>
         <size>0xa4e</size>
         <input_file_ref idref="fl-14b"/>
      </object_component>
      <object_component id="oc-3cd">
         <name>.text</name>
         <load_address>0x1454e</load_address>
         <run_address>0x1454e</run_address>
         <size>0x2</size>
         <input_file_ref idref="fl-14c"/>
      </object_component>
      <object_component id="oc-be">
         <name>.text</name>
         <load_address>0x14550</load_address>
         <run_address>0x14550</run_address>
         <size>0x9b4</size>
         <input_file_ref idref="fl-38"/>
      </object_component>
      <object_component id="oc-ef">
         <name>.text</name>
         <load_address>0x14f04</load_address>
         <run_address>0x14f04</run_address>
         <size>0x980</size>
         <input_file_ref idref="fl-3b"/>
      </object_component>
      <object_component id="oc-e9">
         <name>.text</name>
         <load_address>0x15884</load_address>
         <run_address>0x15884</run_address>
         <size>0x95c</size>
         <input_file_ref idref="fl-45"/>
      </object_component>
      <object_component id="oc-6b9">
         <name>.text</name>
         <load_address>0x161e0</load_address>
         <run_address>0x161e0</run_address>
         <size>0x924</size>
         <input_file_ref idref="fl-5d"/>
      </object_component>
      <object_component id="oc-119">
         <name>.text</name>
         <load_address>0x16b04</load_address>
         <run_address>0x16b04</run_address>
         <size>0x7b4</size>
         <input_file_ref idref="fl-f"/>
      </object_component>
      <object_component id="oc-38b">
         <name>.text</name>
         <load_address>0x172b8</load_address>
         <run_address>0x172b8</run_address>
         <size>0x598</size>
         <input_file_ref idref="fl-61"/>
      </object_component>
      <object_component id="oc-11f">
         <name>.text:powf</name>
         <load_address>0x17850</load_address>
         <run_address>0x17850</run_address>
         <size>0x58c</size>
         <input_file_ref idref="fl-12d"/>
      </object_component>
      <object_component id="oc-391">
         <name>.text</name>
         <load_address>0x17ddc</load_address>
         <run_address>0x17ddc</run_address>
         <size>0x570</size>
         <input_file_ref idref="fl-65"/>
      </object_component>
      <object_component id="oc-fd">
         <name>.text</name>
         <load_address>0x1834c</load_address>
         <run_address>0x1834c</run_address>
         <size>0x510</size>
         <input_file_ref idref="fl-48"/>
      </object_component>
      <object_component id="oc-e3">
         <name>.text</name>
         <load_address>0x1885c</load_address>
         <run_address>0x1885c</run_address>
         <size>0x490</size>
         <input_file_ref idref="fl-23"/>
      </object_component>
      <object_component id="oc-570">
         <name>.text</name>
         <load_address>0x18cec</load_address>
         <run_address>0x18cec</run_address>
         <size>0x48c</size>
         <input_file_ref idref="fl-66"/>
      </object_component>
      <object_component id="oc-1ed">
         <name>.text</name>
         <load_address>0x19178</load_address>
         <run_address>0x19178</run_address>
         <size>0x478</size>
         <input_file_ref idref="fl-12"/>
      </object_component>
      <object_component id="oc-14d">
         <name>.text</name>
         <load_address>0x195f0</load_address>
         <run_address>0x195f0</run_address>
         <size>0x460</size>
         <input_file_ref idref="fl-3"/>
      </object_component>
      <object_component id="oc-147">
         <name>.text</name>
         <load_address>0x19a50</load_address>
         <run_address>0x19a50</run_address>
         <size>0x42c</size>
         <input_file_ref idref="fl-35"/>
      </object_component>
      <object_component id="oc-409">
         <name>.text</name>
         <load_address>0x19e7c</load_address>
         <run_address>0x19e7c</run_address>
         <size>0x3bc</size>
         <input_file_ref idref="fl-50"/>
      </object_component>
      <object_component id="oc-153">
         <name>.text</name>
         <load_address>0x1a238</load_address>
         <run_address>0x1a238</run_address>
         <size>0x3b4</size>
         <input_file_ref idref="fl-7"/>
      </object_component>
      <object_component id="oc-104">
         <name>.text</name>
         <load_address>0x1a5ec</load_address>
         <run_address>0x1a5ec</run_address>
         <size>0x3a8</size>
         <input_file_ref idref="fl-5"/>
      </object_component>
      <object_component id="oc-f5">
         <name>.text</name>
         <load_address>0x1a994</load_address>
         <run_address>0x1a994</run_address>
         <size>0x36c</size>
         <input_file_ref idref="fl-47"/>
      </object_component>
      <object_component id="oc-403">
         <name>.text</name>
         <load_address>0x1ad00</load_address>
         <run_address>0x1ad00</run_address>
         <size>0x2de</size>
         <input_file_ref idref="fl-4e"/>
      </object_component>
      <object_component id="oc-32">
         <name>.text</name>
         <load_address>0x1afe0</load_address>
         <run_address>0x1afe0</run_address>
         <size>0x2d0</size>
         <input_file_ref idref="fl-10"/>
      </object_component>
      <object_component id="oc-65e">
         <name>.text:_pconv_a</name>
         <load_address>0x1b2b0</load_address>
         <run_address>0x1b2b0</run_address>
         <size>0x270</size>
         <input_file_ref idref="fl-14b"/>
      </object_component>
      <object_component id="oc-5f3">
         <name>.text</name>
         <load_address>0x1b520</load_address>
         <run_address>0x1b520</run_address>
         <size>0x1d2</size>
         <input_file_ref idref="fl-62"/>
      </object_component>
      <object_component id="oc-64c">
         <name>.text:_pconv_g</name>
         <load_address>0x1b6f4</load_address>
         <run_address>0x1b6f4</run_address>
         <size>0x1d0</size>
         <input_file_ref idref="fl-14b"/>
      </object_component>
      <object_component id="oc-304">
         <name>.text</name>
         <load_address>0x1b8c4</load_address>
         <run_address>0x1b8c4</run_address>
         <size>0x1b6</size>
         <input_file_ref idref="fl-137"/>
      </object_component>
      <object_component id="oc-30f">
         <name>.text:asinf</name>
         <load_address>0x1ba7c</load_address>
         <run_address>0x1ba7c</run_address>
         <size>0x170</size>
         <input_file_ref idref="fl-12b"/>
      </object_component>
      <object_component id="oc-309">
         <name>.text:atan2f</name>
         <load_address>0x1bbec</load_address>
         <run_address>0x1bbec</run_address>
         <size>0x158</size>
         <input_file_ref idref="fl-12c"/>
      </object_component>
      <object_component id="oc-504">
         <name>.text:sqrt</name>
         <load_address>0x1bd44</load_address>
         <run_address>0x1bd44</run_address>
         <size>0x158</size>
         <input_file_ref idref="fl-133"/>
      </object_component>
      <object_component id="oc-2f8">
         <name>.text</name>
         <load_address>0x1be9c</load_address>
         <run_address>0x1be9c</run_address>
         <size>0x158</size>
         <input_file_ref idref="fl-4a"/>
      </object_component>
      <object_component id="oc-4f7">
         <name>.text:atanf</name>
         <load_address>0x1bff4</load_address>
         <run_address>0x1bff4</run_address>
         <size>0x150</size>
         <input_file_ref idref="fl-12f"/>
      </object_component>
      <object_component id="oc-658">
         <name>.text:_pconv_e</name>
         <load_address>0x1c144</load_address>
         <run_address>0x1c144</run_address>
         <size>0x13c</size>
         <input_file_ref idref="fl-14b"/>
      </object_component>
      <object_component id="oc-128">
         <name>.text</name>
         <load_address>0x1c280</load_address>
         <run_address>0x1c280</run_address>
         <size>0x136</size>
         <input_file_ref idref="fl-139"/>
      </object_component>
      <object_component id="oc-1f3">
         <name>.text</name>
         <load_address>0x1c3b6</load_address>
         <run_address>0x1c3b6</run_address>
         <size>0x12a</size>
         <input_file_ref idref="fl-b"/>
      </object_component>
      <object_component id="oc-141">
         <name>.text</name>
         <load_address>0x1c4e0</load_address>
         <run_address>0x1c4e0</run_address>
         <size>0x128</size>
         <input_file_ref idref="fl-34"/>
      </object_component>
      <object_component id="oc-ac">
         <name>.text</name>
         <load_address>0x1c608</load_address>
         <run_address>0x1c608</run_address>
         <size>0x124</size>
         <input_file_ref idref="fl-6b"/>
      </object_component>
      <object_component id="oc-782">
         <name>.text:fcvt</name>
         <load_address>0x1c72c</load_address>
         <run_address>0x1c72c</run_address>
         <size>0x124</size>
         <input_file_ref idref="fl-14b"/>
      </object_component>
      <object_component id="oc-796">
         <name>.text:scalbn</name>
         <load_address>0x1c850</load_address>
         <run_address>0x1c850</run_address>
         <size>0x110</size>
         <input_file_ref idref="fl-15d"/>
      </object_component>
      <object_component id="oc-12d">
         <name>.text</name>
         <load_address>0x1c960</load_address>
         <run_address>0x1c960</run_address>
         <size>0xfc</size>
         <input_file_ref idref="fl-13a"/>
      </object_component>
      <object_component id="oc-35d">
         <name>.text:floor</name>
         <load_address>0x1ca5c</load_address>
         <run_address>0x1ca5c</run_address>
         <size>0xf8</size>
         <input_file_ref idref="fl-14a"/>
      </object_component>
      <object_component id="oc-3ea">
         <name>.text</name>
         <load_address>0x1cb54</load_address>
         <run_address>0x1cb54</run_address>
         <size>0xec</size>
         <input_file_ref idref="fl-67"/>
      </object_component>
      <object_component id="oc-2d">
         <name>.text</name>
         <load_address>0x1cc40</load_address>
         <run_address>0x1cc40</run_address>
         <size>0xda</size>
         <input_file_ref idref="fl-11"/>
      </object_component>
      <object_component id="oc-344">
         <name>.text:scalbnf</name>
         <load_address>0x1cd1c</load_address>
         <run_address>0x1cd1c</run_address>
         <size>0xd0</size>
         <input_file_ref idref="fl-131"/>
      </object_component>
      <object_component id="oc-3de">
         <name>.text</name>
         <load_address>0x1cdec</load_address>
         <run_address>0x1cdec</run_address>
         <size>0xc8</size>
         <input_file_ref idref="fl-68"/>
      </object_component>
      <object_component id="oc-133">
         <name>.text:round</name>
         <load_address>0x1ceb4</load_address>
         <run_address>0x1ceb4</run_address>
         <size>0xc4</size>
         <input_file_ref idref="fl-134"/>
      </object_component>
      <object_component id="oc-646">
         <name>.text:_ltostr</name>
         <load_address>0x1cf78</load_address>
         <run_address>0x1cf78</run_address>
         <size>0xb1</size>
         <input_file_ref idref="fl-14b"/>
      </object_component>
      <object_component id="oc-380">
         <name>.text</name>
         <load_address>0x1d02c</load_address>
         <run_address>0x1d02c</run_address>
         <size>0xac</size>
         <input_file_ref idref="fl-6a"/>
      </object_component>
      <object_component id="oc-58">
         <name>.text</name>
         <load_address>0x1d0d8</load_address>
         <run_address>0x1d0d8</run_address>
         <size>0x9c</size>
         <input_file_ref idref="fl-13f"/>
      </object_component>
      <object_component id="oc-75f">
         <name>.text</name>
         <load_address>0x1d174</load_address>
         <run_address>0x1d174</run_address>
         <size>0x96</size>
         <input_file_ref idref="fl-14f"/>
      </object_component>
      <object_component id="oc-363">
         <name>.text:__aeabi_cdcmple</name>
         <load_address>0x1d20a</load_address>
         <run_address>0x1d20a</run_address>
         <size>0x86</size>
         <input_file_ref idref="fl-138"/>
      </object_component>
      <object_component id="oc-53c">
         <name>.text:__aeabi_cdrcmple</name>
         <load_address>0x1d290</load_address>
         <run_address>0x1d290</run_address>
         <size>0x86</size>
         <input_file_ref idref="fl-138"/>
      </object_component>
      <object_component id="oc-1cb">
         <name>.text</name>
         <load_address>0x1d316</load_address>
         <run_address>0x1d316</run_address>
         <size>0x7a</size>
         <input_file_ref idref="fl-140"/>
      </object_component>
      <object_component id="oc-77b">
         <name>.text:_mcpy</name>
         <load_address>0x1d390</load_address>
         <run_address>0x1d390</run_address>
         <size>0x6e</size>
         <input_file_ref idref="fl-14b"/>
      </object_component>
      <object_component id="oc-113">
         <name>.text</name>
         <load_address>0x1d3fe</load_address>
         <run_address>0x1d3fe</run_address>
         <size>0x6e</size>
         <input_file_ref idref="fl-13b"/>
      </object_component>
      <object_component id="oc-322">
         <name>.text</name>
         <load_address>0x1d46c</load_address>
         <run_address>0x1d46c</run_address>
         <size>0x68</size>
         <input_file_ref idref="fl-4"/>
      </object_component>
      <object_component id="oc-205">
         <name>.text</name>
         <load_address>0x1d4d4</load_address>
         <run_address>0x1d4d4</run_address>
         <size>0x68</size>
         <input_file_ref idref="fl-69"/>
      </object_component>
      <object_component id="oc-15">
         <name>.text:decompress:lzss:__TI_decompress_lzss</name>
         <load_address>0x1d53c</load_address>
         <run_address>0x1d53c</run_address>
         <size>0x68</size>
         <input_file_ref idref="fl-144"/>
      </object_component>
      <object_component id="oc-790">
         <name>.text:frexp</name>
         <load_address>0x1d5a4</load_address>
         <run_address>0x1d5a4</run_address>
         <size>0x64</size>
         <input_file_ref idref="fl-15c"/>
      </object_component>
      <object_component id="oc-652">
         <name>.text:_pconv_f</name>
         <load_address>0x1d608</load_address>
         <run_address>0x1d608</run_address>
         <size>0x56</size>
         <input_file_ref idref="fl-14b"/>
      </object_component>
      <object_component id="oc-76a">
         <name>.text:__TI_ltoa</name>
         <load_address>0x1d65e</load_address>
         <run_address>0x1d65e</run_address>
         <size>0x54</size>
         <input_file_ref idref="fl-155"/>
      </object_component>
      <object_component id="oc-775">
         <name>.text:_ecpy</name>
         <load_address>0x1d6b2</load_address>
         <run_address>0x1d6b2</run_address>
         <size>0x52</size>
         <input_file_ref idref="fl-14b"/>
      </object_component>
      <object_component id="oc-372">
         <name>.text</name>
         <load_address>0x1d704</load_address>
         <run_address>0x1d704</run_address>
         <size>0x50</size>
         <input_file_ref idref="fl-13e"/>
      </object_component>
      <object_component id="oc-319">
         <name>.text:I2CMReadModifyWrite16BE</name>
         <load_address>0x1d754</load_address>
         <run_address>0x1d754</run_address>
         <size>0x4e</size>
         <input_file_ref idref="fl-2"/>
      </object_component>
      <object_component id="oc-640">
         <name>.text:atoi</name>
         <load_address>0x1d7a4</load_address>
         <run_address>0x1d7a4</run_address>
         <size>0x4c</size>
         <input_file_ref idref="fl-157"/>
      </object_component>
      <object_component id="oc-765">
         <name>.text</name>
         <load_address>0x1d7f0</load_address>
         <run_address>0x1d7f0</run_address>
         <size>0x48</size>
         <input_file_ref idref="fl-14d"/>
      </object_component>
      <object_component id="oc-434">
         <name>.text:__TI_auto_init_nobinit_nopinit:__TI_auto_init_nobinit_nopinit</name>
         <load_address>0x1d838</load_address>
         <run_address>0x1d838</run_address>
         <size>0x44</size>
         <input_file_ref idref="fl-150"/>
      </object_component>
      <object_component id="oc-139">
         <name>.text</name>
         <load_address>0x1d87c</load_address>
         <run_address>0x1d87c</run_address>
         <size>0x44</size>
         <input_file_ref idref="fl-13c"/>
      </object_component>
      <object_component id="oc-199">
         <name>.text</name>
         <load_address>0x1d8c0</load_address>
         <run_address>0x1d8c0</run_address>
         <size>0x40</size>
         <input_file_ref idref="fl-141"/>
      </object_component>
      <object_component id="oc-22a">
         <name>.text:sprintf</name>
         <load_address>0x1d900</load_address>
         <run_address>0x1d900</run_address>
         <size>0x40</size>
         <input_file_ref idref="fl-135"/>
      </object_component>
      <object_component id="oc-788">
         <name>.text:_fcpy</name>
         <load_address>0x1d940</load_address>
         <run_address>0x1d940</run_address>
         <size>0x3e</size>
         <input_file_ref idref="fl-14b"/>
      </object_component>
      <object_component id="oc-25b">
         <name>.text</name>
         <load_address>0x1d97e</load_address>
         <run_address>0x1d97e</run_address>
         <size>0x3e</size>
         <input_file_ref idref="fl-17"/>
      </object_component>
      <object_component id="oc-10e">
         <name>.text</name>
         <load_address>0x1d9bc</load_address>
         <run_address>0x1d9bc</run_address>
         <size>0x38</size>
         <input_file_ref idref="fl-13d"/>
      </object_component>
      <object_component id="oc-274">
         <name>.text:I2CMRead</name>
         <load_address>0x1d9f4</load_address>
         <run_address>0x1d9f4</run_address>
         <size>0x36</size>
         <input_file_ref idref="fl-2"/>
      </object_component>
      <object_component id="oc-26d">
         <name>.text:I2CMWrite</name>
         <load_address>0x1da2a</load_address>
         <run_address>0x1da2a</run_address>
         <size>0x36</size>
         <input_file_ref idref="fl-2"/>
      </object_component>
      <object_component id="oc-27b">
         <name>.text:I2CMWriteBatched</name>
         <load_address>0x1da60</load_address>
         <run_address>0x1da60</run_address>
         <size>0x36</size>
         <input_file_ref idref="fl-2"/>
      </object_component>
      <object_component id="oc-76">
         <name>.text:_c_int00_noargs:_c_int00_noargs</name>
         <load_address>0x1da98</load_address>
         <run_address>0x1da98</run_address>
         <size>0x34</size>
         <input_file_ref idref="fl-148"/>
      </object_component>
      <object_component id="oc-2f1">
         <name>.text:__isnanf</name>
         <load_address>0x1dacc</load_address>
         <run_address>0x1dacc</run_address>
         <size>0x30</size>
         <input_file_ref idref="fl-2"/>
      </object_component>
      <object_component id="oc-770">
         <name>.text</name>
         <load_address>0x1dafc</load_address>
         <run_address>0x1dafc</run_address>
         <size>0x2e</size>
         <input_file_ref idref="fl-14e"/>
      </object_component>
      <object_component id="oc-2fe">
         <name>.text:sqrtf</name>
         <load_address>0x1db2c</load_address>
         <run_address>0x1db2c</run_address>
         <size>0x28</size>
         <input_file_ref idref="fl-12e"/>
      </object_component>
      <object_component id="oc-211">
         <name>.text:GetOverflowCounts</name>
         <load_address>0x1db54</load_address>
         <run_address>0x1db54</run_address>
         <size>0x24</size>
         <input_file_ref idref="fl-69"/>
      </object_component>
      <object_component id="oc-44">
         <name>.text</name>
         <load_address>0x1db78</load_address>
         <run_address>0x1db78</run_address>
         <size>0x24</size>
         <input_file_ref idref="fl-53"/>
      </object_component>
      <object_component id="oc-664">
         <name>.text:memccpy</name>
         <load_address>0x1db9c</load_address>
         <run_address>0x1db9c</run_address>
         <size>0x1c</size>
         <input_file_ref idref="fl-159"/>
      </object_component>
      <object_component id="oc-837">
         <name>.text:copysign</name>
         <load_address>0x1dbb8</load_address>
         <run_address>0x1dbb8</run_address>
         <size>0x1a</size>
         <input_file_ref idref="fl-15e"/>
      </object_component>
      <object_component id="oc-4a0">
         <name>.text:_outs</name>
         <load_address>0x1dbd2</load_address>
         <run_address>0x1dbd2</run_address>
         <size>0x18</size>
         <input_file_ref idref="fl-135"/>
      </object_component>
      <object_component id="oc-526">
         <name>.text:copysignf</name>
         <load_address>0x1dbea</load_address>
         <run_address>0x1dbea</run_address>
         <size>0x18</size>
         <input_file_ref idref="fl-136"/>
      </object_component>
      <object_component id="oc-551">
         <name>.text:strcmp</name>
         <load_address>0x1dc02</load_address>
         <run_address>0x1dc02</run_address>
         <size>0x18</size>
         <input_file_ref idref="fl-145"/>
      </object_component>
      <object_component id="oc-79c">
         <name>.text:strchr</name>
         <load_address>0x1dc1a</load_address>
         <run_address>0x1dc1a</run_address>
         <size>0x16</size>
         <input_file_ref idref="fl-15a"/>
      </object_component>
      <object_component id="oc-21e">
         <name>.text:strcpy</name>
         <load_address>0x1dc30</load_address>
         <run_address>0x1dc30</run_address>
         <size>0x14</size>
         <input_file_ref idref="fl-146"/>
      </object_component>
      <object_component id="oc-224">
         <name>.text:strlen</name>
         <load_address>0x1dc44</load_address>
         <run_address>0x1dc44</run_address>
         <size>0x14</size>
         <input_file_ref idref="fl-147"/>
      </object_component>
      <object_component id="oc-66a">
         <name>.text:wcslen</name>
         <load_address>0x1dc58</load_address>
         <run_address>0x1dc58</run_address>
         <size>0x12</size>
         <input_file_ref idref="fl-15b"/>
      </object_component>
      <object_component id="oc-1b">
         <name>.text:decompress:none:__TI_decompress_none</name>
         <load_address>0x1dc6a</load_address>
         <run_address>0x1dc6a</run_address>
         <size>0xe</size>
         <input_file_ref idref="fl-143"/>
      </object_component>
      <object_component id="oc-6a">
         <name>.text:decompress:ZI:__TI_zero_init</name>
         <load_address>0x1dc78</load_address>
         <run_address>0x1dc78</run_address>
         <size>0xc</size>
         <input_file_ref idref="fl-142"/>
      </object_component>
      <object_component id="oc-27">
         <name>.text</name>
         <load_address>0x1dc84</load_address>
         <run_address>0x1dc84</run_address>
         <size>0xc</size>
         <input_file_ref idref="fl-6"/>
      </object_component>
      <object_component id="oc-4a6">
         <name>.text:_outc</name>
         <load_address>0x1dc90</load_address>
         <run_address>0x1dc90</run_address>
         <size>0xa</size>
         <input_file_ref idref="fl-135"/>
      </object_component>
      <object_component id="oc-34a">
         <name>.text:__aeabi_errno_addr</name>
         <load_address>0x1dc9c</load_address>
         <run_address>0x1dc9c</run_address>
         <size>0x8</size>
         <input_file_ref idref="fl-149"/>
      </object_component>
      <object_component id="oc-26a">
         <name>.text:SysCtlDelay</name>
         <load_address>0x1dca4</load_address>
         <run_address>0x1dca4</run_address>
         <size>0x6</size>
         <input_file_ref idref="fl-2c"/>
      </object_component>
      <object_component id="oc-1d1">
         <name>.text:_system_pre_init</name>
         <load_address>0x1dcaa</load_address>
         <run_address>0x1dcaa</run_address>
         <size>0x4</size>
         <input_file_ref idref="fl-151"/>
      </object_component>
      <object_component id="oc-428">
         <name>.text:abort:abort</name>
         <load_address>0x1dcae</load_address>
         <run_address>0x1dcae</run_address>
         <size>0x4</size>
         <input_file_ref idref="fl-153"/>
      </object_component>
      <object_component id="oc-515">
         <name>.const:crctttab</name>
         <load_address>0x1dcb8</load_address>
         <run_address>0x1dcb8</run_address>
         <size>0x200</size>
         <input_file_ref idref="fl-4"/>
      </object_component>
      <object_component id="oc-267">
         <name>.const:g_pppui32XTALtoVCO</name>
         <load_address>0x1deb8</load_address>
         <run_address>0x1deb8</run_address>
         <size>0x1b0</size>
         <input_file_ref idref="fl-2c"/>
      </object_component>
      <object_component id="oc-75a">
         <name>.const:.string:_ctypes_</name>
         <load_address>0x1e068</load_address>
         <run_address>0x1e068</run_address>
         <size>0x101</size>
         <input_file_ref idref="fl-158"/>
      </object_component>
      <object_component id="oc-55c">
         <name>.const:.string</name>
         <load_address>0x1e16c</load_address>
         <run_address>0x1e16c</run_address>
         <size>0xf2</size>
         <input_file_ref idref="fl-3"/>
      </object_component>
      <object_component id="oc-2c8">
         <name>.const:g_ppui32GPIOIntMapSnowflake</name>
         <load_address>0x1e260</load_address>
         <run_address>0x1e260</run_address>
         <size>0xd8</size>
         <input_file_ref idref="fl-20"/>
      </object_component>
      <object_component id="oc-2c5">
         <name>.const:g_ppui32GPIOIntMapBlizzard</name>
         <load_address>0x1e338</load_address>
         <run_address>0x1e338</run_address>
         <size>0xc0</size>
         <input_file_ref idref="fl-20"/>
      </object_component>
      <object_component id="oc-2d8">
         <name>.const:g_pui32Regs</name>
         <load_address>0x1e3f8</load_address>
         <run_address>0x1e3f8</run_address>
         <size>0x9c</size>
         <input_file_ref idref="fl-23"/>
      </object_component>
      <object_component id="oc-2cb">
         <name>.const:g_pui32GPIOBaseAddrs</name>
         <load_address>0x1e494</load_address>
         <run_address>0x1e494</run_address>
         <size>0x90</size>
         <input_file_ref idref="fl-20"/>
      </object_component>
      <object_component id="oc-261">
         <name>.const:g_pui32Xtals</name>
         <load_address>0x1e524</load_address>
         <run_address>0x1e524</run_address>
         <size>0x6c</size>
         <input_file_ref idref="fl-2c"/>
      </object_component>
      <object_component id="oc-634">
         <name>.const:g_ppui32TimerIntMap</name>
         <load_address>0x1e590</load_address>
         <run_address>0x1e590</run_address>
         <size>0x60</size>
         <input_file_ref idref="fl-2f"/>
      </object_component>
      <object_component id="oc-637">
         <name>.const:g_ppui32TimerIntMapSnowflake</name>
         <load_address>0x1e5f0</load_address>
         <run_address>0x1e5f0</run_address>
         <size>0x40</size>
         <input_file_ref idref="fl-2f"/>
      </object_component>
      <object_component id="oc-3b7">
         <name>.const:g_ppui32UARTIntMap</name>
         <load_address>0x1e630</load_address>
         <run_address>0x1e630</run_address>
         <size>0x40</size>
         <input_file_ref idref="fl-30"/>
      </object_component>
      <object_component id="oc-3ba">
         <name>.const:g_ppui32UARTIntMapSnowflake</name>
         <load_address>0x1e670</load_address>
         <run_address>0x1e670</run_address>
         <size>0x40</size>
         <input_file_ref idref="fl-30"/>
      </object_component>
      <object_component id="oc-714">
         <name>.const:.string:g_pui8ConfigString</name>
         <load_address>0x1e6b0</load_address>
         <run_address>0x1e6b0</run_address>
         <size>0x36</size>
         <input_file_ref idref="fl-8"/>
      </object_component>
      <object_component id="oc-686">
         <name>.const:$O1$$</name>
         <load_address>0x1e6e8</load_address>
         <run_address>0x1e6e8</run_address>
         <size>0x34</size>
         <input_file_ref idref="fl-12f"/>
      </object_component>
      <object_component id="oc-400">
         <name>.const:g_psUSBDStdRequests</name>
         <load_address>0x1e71c</load_address>
         <run_address>0x1e71c</run_address>
         <size>0x34</size>
         <input_file_ref idref="fl-52"/>
      </object_component>
      <object_component id="oc-589">
         <name>.const:g_sCDCHandlers</name>
         <load_address>0x1e750</load_address>
         <run_address>0x1e750</run_address>
         <size>0x30</size>
         <input_file_ref idref="fl-4d"/>
      </object_component>
      <object_component id="oc-258">
         <name>.const:g_sXTALtoMEMTIM</name>
         <load_address>0x1e780</load_address>
         <run_address>0x1e780</run_address>
         <size>0x30</size>
         <input_file_ref idref="fl-2c"/>
      </object_component>
      <object_component id="oc-711">
         <name>.const:.string:g_pui8ControlInterfaceString</name>
         <load_address>0x1e7b0</load_address>
         <run_address>0x1e7b0</run_address>
         <size>0x2c</size>
         <input_file_ref idref="fl-8"/>
      </object_component>
      <object_component id="oc-708">
         <name>.const:.string:g_pui8ManufacturerString</name>
         <load_address>0x1e7dc</load_address>
         <run_address>0x1e7dc</run_address>
         <size>0x24</size>
         <input_file_ref idref="fl-8"/>
      </object_component>
      <object_component id="oc-88c">
         <name>.const:.string:g_pui8CDCSerCommInterface</name>
         <load_address>0x1e800</load_address>
         <run_address>0x1e800</run_address>
         <size>0x23</size>
         <input_file_ref idref="fl-4d"/>
      </object_component>
      <object_component id="oc-70b">
         <name>.const:.string:g_pui8ProductString</name>
         <load_address>0x1e823</load_address>
         <run_address>0x1e823</run_address>
         <size>0x22</size>
         <input_file_ref idref="fl-8"/>
      </object_component>
      <object_component id="oc-2d5">
         <name>.const:g_pui32Priority</name>
         <load_address>0x1e848</load_address>
         <run_address>0x1e848</run_address>
         <size>0x20</size>
         <input_file_ref idref="fl-23"/>
      </object_component>
      <object_component id="oc-50a">
         <name>.const</name>
         <load_address>0x1e868</load_address>
         <run_address>0x1e868</run_address>
         <size>0x20</size>
         <input_file_ref idref="fl-12b"/>
      </object_component>
      <object_component id="oc-350">
         <name>.const:$O1$$</name>
         <load_address>0x1e888</load_address>
         <run_address>0x1e888</run_address>
         <size>0x18</size>
         <input_file_ref idref="fl-12d"/>
      </object_component>
      <object_component id="oc-5b8">
         <name>.const:g_ppui8StringDescriptors</name>
         <load_address>0x1e8a0</load_address>
         <run_address>0x1e8a0</run_address>
         <size>0x18</size>
         <input_file_ref idref="fl-8"/>
      </object_component>
      <object_component id="oc-891">
         <name>.const:.string:g_pui8CDCSerDataInterface</name>
         <load_address>0x1e8b8</load_address>
         <run_address>0x1e8b8</run_address>
         <size>0x17</size>
         <input_file_ref idref="fl-4d"/>
      </object_component>
      <object_component id="oc-896">
         <name>.const:.string:g_pui8CDCSerDataInterfaceHS</name>
         <load_address>0x1e8cf</load_address>
         <run_address>0x1e8cf</run_address>
         <size>0x17</size>
         <input_file_ref idref="fl-4d"/>
      </object_component>
      <object_component id="oc-2de">
         <name>.const:g_pui32Dii16Regs</name>
         <load_address>0x1e8e8</load_address>
         <run_address>0x1e8e8</run_address>
         <size>0x14</size>
         <input_file_ref idref="fl-23"/>
      </object_component>
      <object_component id="oc-2db">
         <name>.const:g_pui32EnRegs</name>
         <load_address>0x1e8fc</load_address>
         <run_address>0x1e8fc</run_address>
         <size>0x14</size>
         <input_file_ref idref="fl-23"/>
      </object_component>
      <object_component id="oc-2e1">
         <name>.const:g_pui32PendRegs</name>
         <load_address>0x1e910</load_address>
         <run_address>0x1e910</run_address>
         <size>0x14</size>
         <input_file_ref idref="fl-23"/>
      </object_component>
      <object_component id="oc-2e4">
         <name>.const:g_pui32UnpendRegs</name>
         <load_address>0x1e924</load_address>
         <run_address>0x1e924</run_address>
         <size>0x14</size>
         <input_file_ref idref="fl-23"/>
      </object_component>
      <object_component id="oc-70e">
         <name>.const:.string:g_pui8SerialNumberString</name>
         <load_address>0x1e938</load_address>
         <run_address>0x1e938</run_address>
         <size>0x12</size>
         <input_file_ref idref="fl-8"/>
      </object_component>
      <object_component id="oc-3d3">
         <name>.const:.string</name>
         <load_address>0x1e94c</load_address>
         <run_address>0x1e94c</run_address>
         <size>0x12</size>
         <input_file_ref idref="fl-6c"/>
      </object_component>
      <object_component id="oc-2e9">
         <name>.const:g_fMPU9150AccelFactors</name>
         <load_address>0x1e960</load_address>
         <run_address>0x1e960</run_address>
         <size>0x10</size>
         <input_file_ref idref="fl-45"/>
      </object_component>
      <object_component id="oc-2ec">
         <name>.const:g_fMPU9150GyroFactors</name>
         <load_address>0x1e970</load_address>
         <run_address>0x1e970</run_address>
         <size>0x10</size>
         <input_file_ref idref="fl-45"/>
      </object_component>
      <object_component id="oc-15a">
         <name>.const:$P$T0$2</name>
         <load_address>0x1e980</load_address>
         <run_address>0x1e980</run_address>
         <size>0xc</size>
         <input_file_ref idref="fl-2"/>
      </object_component>
      <object_component id="oc-15e">
         <name>.const:$P$T1$3</name>
         <load_address>0x1e98c</load_address>
         <run_address>0x1e98c</run_address>
         <size>0xc</size>
         <input_file_ref idref="fl-2"/>
      </object_component>
      <object_component id="oc-161">
         <name>.const:$P$T2$4</name>
         <load_address>0x1e998</load_address>
         <run_address>0x1e998</run_address>
         <size>0xc</size>
         <input_file_ref idref="fl-2"/>
      </object_component>
      <object_component id="oc-187">
         <name>.const:g_ui32UARTBase</name>
         <load_address>0x1e9a4</load_address>
         <run_address>0x1e9a4</run_address>
         <size>0xc</size>
         <input_file_ref idref="fl-6c"/>
      </object_component>
      <object_component id="oc-18d">
         <name>.const:g_ui32UARTInt</name>
         <load_address>0x1e9b0</load_address>
         <run_address>0x1e9b0</run_address>
         <size>0xc</size>
         <input_file_ref idref="fl-6c"/>
      </object_component>
      <object_component id="oc-18a">
         <name>.const:g_ui32UARTPeriph</name>
         <load_address>0x1e9bc</load_address>
         <run_address>0x1e9bc</run_address>
         <size>0xc</size>
         <input_file_ref idref="fl-6c"/>
      </object_component>
      <object_component id="oc-264">
         <name>.const:g_pui32VCOFrequencies</name>
         <load_address>0x1e9c8</load_address>
         <run_address>0x1e9c8</run_address>
         <size>0x8</size>
         <input_file_ref idref="fl-2c"/>
      </object_component>
      <object_component id="oc-6f0">
         <name>.const:g_sCDCCompSerConfigHeader</name>
         <load_address>0x1e9d0</load_address>
         <run_address>0x1e9d0</run_address>
         <size>0x8</size>
         <input_file_ref idref="fl-4d"/>
      </object_component>
      <object_component id="oc-6f5">
         <name>.const:g_sCDCCompSerConfigHeaderHS</name>
         <load_address>0x1e9d8</load_address>
         <run_address>0x1e9d8</run_address>
         <size>0x8</size>
         <input_file_ref idref="fl-4d"/>
      </object_component>
      <object_component id="oc-866">
         <name>.const:g_sCDCSerCommInterfaceSection</name>
         <load_address>0x1e9e0</load_address>
         <run_address>0x1e9e0</run_address>
         <size>0x8</size>
         <input_file_ref idref="fl-4d"/>
      </object_component>
      <object_component id="oc-6e6">
         <name>.const:g_sCDCSerConfigHeader</name>
         <load_address>0x1e9e8</load_address>
         <run_address>0x1e9e8</run_address>
         <size>0x8</size>
         <input_file_ref idref="fl-4d"/>
      </object_component>
      <object_component id="oc-6eb">
         <name>.const:g_sCDCSerConfigHeaderHS</name>
         <load_address>0x1e9f0</load_address>
         <run_address>0x1e9f0</run_address>
         <size>0x8</size>
         <input_file_ref idref="fl-4d"/>
      </object_component>
      <object_component id="oc-863">
         <name>.const:g_sCDCSerConfigSection</name>
         <load_address>0x1e9f8</load_address>
         <run_address>0x1e9f8</run_address>
         <size>0x8</size>
         <input_file_ref idref="fl-4d"/>
      </object_component>
      <object_component id="oc-869">
         <name>.const:g_sCDCSerDataInterfaceSection</name>
         <load_address>0x1ea00</load_address>
         <run_address>0x1ea00</run_address>
         <size>0x8</size>
         <input_file_ref idref="fl-4d"/>
      </object_component>
      <object_component id="oc-86e">
         <name>.const:g_sCDCSerDataInterfaceSectionHS</name>
         <load_address>0x1ea08</load_address>
         <run_address>0x1ea08</run_address>
         <size>0x8</size>
         <input_file_ref idref="fl-4d"/>
      </object_component>
      <object_component id="oc-873">
         <name>.const:g_sIADSerConfigSection</name>
         <load_address>0x1ea10</load_address>
         <run_address>0x1ea10</run_address>
         <size>0x8</size>
         <input_file_ref idref="fl-4d"/>
      </object_component>
      <object_component id="oc-8e">
         <name>.const</name>
         <load_address>0x1ea18</load_address>
         <run_address>0x1ea18</run_address>
         <size>0x8</size>
         <input_file_ref idref="fl-10"/>
      </object_component>
      <object_component id="oc-705">
         <name>.const:.string:g_pui8LangDescriptor</name>
         <load_address>0x1ea20</load_address>
         <run_address>0x1ea20</run_address>
         <size>0x4</size>
         <input_file_ref idref="fl-8"/>
      </object_component>
      <object_component id="oc-13e">
         <name>.const</name>
         <load_address>0x1ea24</load_address>
         <run_address>0x1ea24</run_address>
         <size>0x4</size>
         <input_file_ref idref="fl-2"/>
      </object_component>
      <object_component id="oc-595">
         <name>.const:g_pCDCCompSerConfigDescriptors</name>
         <load_address>0x1ea28</load_address>
         <run_address>0x1ea28</run_address>
         <size>0x4</size>
         <input_file_ref idref="fl-4d"/>
      </object_component>
      <object_component id="oc-598">
         <name>.const:g_pCDCCompSerConfigDescriptorsHS</name>
         <load_address>0x1ea2c</load_address>
         <run_address>0x1ea2c</run_address>
         <size>0x4</size>
         <input_file_ref idref="fl-4d"/>
      </object_component>
      <object_component id="oc-58f">
         <name>.const:g_ppCDCSerConfigDescriptors</name>
         <load_address>0x1ea30</load_address>
         <run_address>0x1ea30</run_address>
         <size>0x4</size>
         <input_file_ref idref="fl-4d"/>
      </object_component>
      <object_component id="oc-592">
         <name>.const:g_ppCDCSerConfigDescriptorsHS</name>
         <load_address>0x1ea34</load_address>
         <run_address>0x1ea34</run_address>
         <size>0x4</size>
         <input_file_ref idref="fl-4d"/>
      </object_component>
      <object_component id="oc-20e">
         <name>.const</name>
         <load_address>0x1ea38</load_address>
         <run_address>0x1ea38</run_address>
         <size>0x4</size>
         <input_file_ref idref="fl-e"/>
      </object_component>
      <object_component id="oc-19e">
         <name>.const</name>
         <load_address>0x1ea3c</load_address>
         <run_address>0x1ea3c</run_address>
         <size>0x4</size>
         <input_file_ref idref="fl-6c"/>
      </object_component>
      <object_component id="oc-8d4">
         <name>.cinit..data.load</name>
         <load_address>0x1ea40</load_address>
         <run_address>0x1ea40</run_address>
         <size>0x13a</size>
      </object_component>
      <object_component id="oc-8d1">
         <name>__TI_handler_table</name>
         <load_address>0x1eb7c</load_address>
         <run_address>0x1eb7c</run_address>
         <size>0xc</size>
      </object_component>
      <object_component id="oc-8d5">
         <name>.cinit..bss.load</name>
         <load_address>0x1eb88</load_address>
         <run_address>0x1eb88</run_address>
         <size>0x8</size>
      </object_component>
      <object_component id="oc-8d3">
         <name>.cinit..vtable.load</name>
         <load_address>0x1eb90</load_address>
         <run_address>0x1eb90</run_address>
         <size>0x8</size>
      </object_component>
      <object_component id="oc-8d2">
         <name>__TI_cinit_table</name>
         <load_address>0x1eb98</load_address>
         <run_address>0x1eb98</run_address>
         <size>0x18</size>
[...]
         <object_component_ref idref="oc-391"/>
      </symbol>
      <symbol id="sm-202f">
         <name>g_iUSBMode</name>
         <value>0x200067f8</value>
         <object_component_ref idref="oc-3f4"/>
      </symbol>
      <symbol id="sm-2030">
         <name>USBOTGModeInit</name>
         <value>0x17ffb</value>
         <object_component_ref idref="oc-391"/>
      </symbol>
      <symbol id="sm-2031">
         <name>USBStackModeSet</name>
         <value>0x17e5d</value>
         <object_component_ref idref="oc-391"/>
      </symbol>
      <symbol id="sm-2032">
         <name>g_ui32WaitTicks</name>
         <value>0x200067fc</value>
         <object_component_ref idref="oc-3f4"/>
      </symbol>
      <symbol id="sm-2033">
         <name>USBOTGPollRate</name>
         <value>0x18121</value>
         <object_component_ref idref="oc-391"/>
      </symbol>
      <symbol id="sm-2034">
         <name>OTGDeviceDisconnect</name>
         <value>0x18239</value>
         <object_component_ref idref="oc-391"/>
      </symbol>
      <symbol id="sm-2035">
         <name>USBOTGFeatureSet</name>
         <value>0x182f1</value>
         <object_component_ref idref="oc-391"/>
      </symbol>
      <symbol id="sm-208c">
         <name>USBRingBufWrite</name>
         <value>0x190b3</value>
         <object_component_ref idref="oc-570"/>
      </symbol>
      <symbol id="sm-208d">
         <name>USBRingBufContigUsed</name>
         <value>0x18e35</value>
         <object_component_ref idref="oc-570"/>
      </symbol>
      <symbol id="sm-208e">
         <name>USBRingBufFlush</name>
         <value>0x18dab</value>
         <object_component_ref idref="oc-570"/>
      </symbol>
      <symbol id="sm-208f">
         <name>USBRingBufAdvanceWrite</name>
         <value>0x18fdd</value>
         <object_component_ref idref="oc-570"/>
      </symbol>
      <symbol id="sm-2090">
         <name>USBRingBufWriteOne</name>
         <value>0x1906d</value>
         <object_component_ref idref="oc-570"/>
      </symbol>
      <symbol id="sm-2091">
         <name>USBRingBufUsed</name>
         <value>0x18dd7</value>
         <object_component_ref idref="oc-570"/>
      </symbol>
      <symbol id="sm-2092">
         <name>USBRingBufFree</name>
         <value>0x18e11</value>
         <object_component_ref idref="oc-570"/>
      </symbol>
      <symbol id="sm-2093">
         <name>USBRingBufAdvanceRead</name>
         <value>0x18f87</value>
         <object_component_ref idref="oc-570"/>
      </symbol>
      <symbol id="sm-2094">
         <name>USBRingBufFull</name>
         <value>0x18d37</value>
         <object_component_ref idref="oc-570"/>
      </symbol>
      <symbol id="sm-2095">
         <name>USBRingBufReadOne</name>
         <value>0x18ecb</value>
         <object_component_ref idref="oc-570"/>
      </symbol>
      <symbol id="sm-2096">
         <name>USBRingBufEmpty</name>
         <value>0x18d79</value>
         <object_component_ref idref="oc-570"/>
      </symbol>
      <symbol id="sm-2097">
         <name>USBRingBufSize</name>
         <value>0x18eb3</value>
         <object_component_ref idref="oc-570"/>
      </symbol>
      <symbol id="sm-2098">
         <name>USBRingBufInit</name>
         <value>0x19129</value>
         <object_component_ref idref="oc-570"/>
      </symbol>
      <symbol id="sm-2099">
         <name>USBRingBufRead</name>
         <value>0x18f11</value>
         <object_component_ref idref="oc-570"/>
      </symbol>
      <symbol id="sm-209a">
         <name>USBRingBufContigFree</name>
         <value>0x18e6d</value>
         <object_component_ref idref="oc-570"/>
      </symbol>
      <symbol id="sm-20c3">
         <name>g_pfnTickHandlers</name>
         <value>0x20006400</value>
      </symbol>
      <symbol id="sm-20c4">
         <name>g_pvTickInstance</name>
         <value>0x20006418</value>
      </symbol>
      <symbol id="sm-20c5">
         <name>g_ui32USBSOFCount</name>
         <value>0x200067e0</value>
         <object_component_ref idref="oc-40f"/>
      </symbol>
      <symbol id="sm-20c6">
         <name>InternalUSBTickReset</name>
         <value>0x1cb93</value>
         <object_component_ref idref="oc-3ea"/>
      </symbol>
      <symbol id="sm-20c7">
         <name>g_bUSBTimerInitialized</name>
         <value>0x200067d8</value>
         <object_component_ref idref="oc-40f"/>
      </symbol>
      <symbol id="sm-20c8">
         <name>g_ui32CurrentUSBTick</name>
         <value>0x200067dc</value>
         <object_component_ref idref="oc-40f"/>
      </symbol>
      <symbol id="sm-20c9">
         <name>InternalUSBStartOfFrameTick</name>
         <value>0x1cbeb</value>
         <object_component_ref idref="oc-3ea"/>
      </symbol>
      <symbol id="sm-20ca">
         <name>InternalUSBRegisterTickHandler</name>
         <value>0x1cb9b</value>
         <object_component_ref idref="oc-3ea"/>
      </symbol>
      <symbol id="sm-20cb">
         <name>InternalUSBTickInit</name>
         <value>0x1cb55</value>
         <object_component_ref idref="oc-3ea"/>
      </symbol>
      <symbol id="sm-20d8">
         <name>ULPIPowerTransceiver</name>
         <value>0x1ce8f</value>
         <object_component_ref idref="oc-3de"/>
      </symbol>
      <symbol id="sm-20d9">
         <name>ULPIConfigSet</name>
         <value>0x1cded</value>
         <object_component_ref idref="oc-3de"/>
      </symbol>
      <symbol id="sm-20f3">
         <name>GetOverflowCounts</name>
         <value>0x1db55</value>
         <object_component_ref idref="oc-211"/>
      </symbol>
      <symbol id="sm-20f4">
         <name>vConfigureTimerForRunTimeStats</name>
         <value>0x1d4d5</value>
         <object_component_ref idref="oc-205"/>
      </symbol>
      <symbol id="sm-2114">
         <name>CmdLineProcess</name>
         <value>0x1d02d</value>
         <object_component_ref idref="oc-380"/>
      </symbol>
      <symbol id="sm-2144">
         <name>CPUUsageInit</name>
         <value>0x1c647</value>
         <object_component_ref idref="oc-ac"/>
      </symbol>
      <symbol id="sm-2145">
         <name>CPUUsageTick</name>
         <value>0x1c609</value>
         <object_component_ref idref="oc-ac"/>
      </symbol>
      <symbol id="sm-224f">
         <name>UARTTxBytesFree</name>
         <value>0x12e87</value>
         <object_component_ref idref="oc-3e"/>
      </symbol>
      <symbol id="sm-2250">
         <name>UARTFlushRx</name>
         <value>0x12e93</value>
         <object_component_ref idref="oc-3e"/>
      </symbol>
      <symbol id="sm-2251">
         <name>UARTgetc</name>
         <value>0x12b1d</value>
         <object_component_ref idref="oc-3e"/>
      </symbol>
      <symbol id="sm-2252">
         <name>UARTgets</name>
         <value>0x126bd</value>
         <object_component_ref idref="oc-3e"/>
      </symbol>
      <symbol id="sm-2253">
         <name>UARTFlushTx</name>
         <value>0x12ea1</value>
         <object_component_ref idref="oc-3e"/>
      </symbol>
      <symbol id="sm-2254">
         <name>UARTStdioConfig</name>
         <value>0x124c7</value>
         <object_component_ref idref="oc-3e"/>
      </symbol>
      <symbol id="sm-2255">
         <name>UARTStdioIntHandler</name>
         <value>0x12eef</value>
         <object_component_ref idref="oc-3e"/>
      </symbol>
      <symbol id="sm-2256">
         <name>UARTRxBytesAvail</name>
         <value>0x12e7b</value>
         <object_component_ref idref="oc-3e"/>
      </symbol>
      <symbol id="sm-2257">
         <name>UARTwrite</name>
         <value>0x125f3</value>
         <object_component_ref idref="oc-3e"/>
      </symbol>
      <symbol id="sm-2258">
         <name>UARTEchoSet</name>
         <value>0x12ec7</value>
         <object_component_ref idref="oc-3e"/>
      </symbol>
      <symbol id="sm-2259">
         <name>UARTprintf</name>
         <value>0x12e57</value>
         <object_component_ref idref="oc-3e"/>
      </symbol>
      <symbol id="sm-225a">
         <name>UARTvprintf</name>
         <value>0x12b45</value>
         <object_component_ref idref="oc-3e"/>
      </symbol>
      <symbol id="sm-2294">
         <name>asinf</name>
         <value>0x1ba7d</value>
         <object_component_ref idref="oc-30f"/>
      </symbol>
      <symbol id="sm-22c6">
         <name>atan2f</name>
         <value>0x1bbed</value>
         <object_component_ref idref="oc-309"/>
      </symbol>
      <symbol id="sm-2334">
         <name>powf</name>
         <value>0x17851</value>
         <object_component_ref idref="oc-11f"/>
      </symbol>
      <symbol id="sm-2344">
         <name>sqrtf</name>
         <value>0x1db2d</value>
         <object_component_ref idref="oc-2fe"/>
      </symbol>
      <symbol id="sm-2371">
         <name>atanf</name>
         <value>0x1bff5</value>
         <object_component_ref idref="oc-4f7"/>
      </symbol>
      <symbol id="sm-238f">
         <name>scalbnf</name>
         <value>0x1cd1d</value>
         <object_component_ref idref="oc-344"/>
      </symbol>
      <symbol id="sm-2390">
         <name>ldexpf</name>
         <value>0x1cd1d</value>
         <object_component_ref idref="oc-344"/>
      </symbol>
      <symbol id="sm-23b3">
         <name>sqrtl</name>
         <value>0x1bd45</value>
         <object_component_ref idref="oc-504"/>
      </symbol>
      <symbol id="sm-23b4">
         <name>sqrt</name>
         <value>0x1bd45</value>
         <object_component_ref idref="oc-504"/>
      </symbol>
      <symbol id="sm-23cc">
         <name>roundl</name>
         <value>0x1ceb5</value>
         <object_component_ref idref="oc-133"/>
      </symbol>
      <symbol id="sm-23cd">
         <name>round</name>
         <value>0x1ceb5</value>
         <object_component_ref idref="oc-133"/>
      </symbol>
      <symbol id="sm-23f4">
         <name>sprintf</name>
         <value>0x1d901</value>
         <object_component_ref idref="oc-22a"/>
      </symbol>
      <symbol id="sm-2401">
         <name>copysignf</name>
         <value>0x1dbeb</value>
         <object_component_ref idref="oc-526"/>
      </symbol>
      <symbol id="sm-2418">
         <name>__aeabi_dsub</name>
         <value>0x1b8c5</value>
         <object_component_ref idref="oc-304"/>
      </symbol>
      <symbol id="sm-2419">
         <name>__aeabi_dadd</name>
         <value>0x1b8cf</value>
         <object_component_ref idref="oc-304"/>
      </symbol>
      <symbol id="sm-243b">
         <name>__aeabi_cdcmpeq</name>
         <value>0x1d20b</value>
         <object_component_ref idref="oc-363"/>
      </symbol>
      <symbol id="sm-243c">
         <name>__aeabi_cdcmple</name>
         <value>0x1d20b</value>
         <object_component_ref idref="oc-363"/>
      </symbol>
      <symbol id="sm-243d">
         <name>__aeabi_cdrcmple</name>
         <value>0x1d291</value>
         <object_component_ref idref="oc-53c"/>
      </symbol>
      <symbol id="sm-2451">
         <name>__aeabi_ddiv</name>
         <value>0x1c281</value>
         <object_component_ref idref="oc-128"/>
      </symbol>
      <symbol id="sm-245c">
         <name>__aeabi_dmul</name>
         <value>0x1c961</value>
         <object_component_ref idref="oc-12d"/>
      </symbol>
      <symbol id="sm-2468">
         <name>__aeabi_d2f</name>
         <value>0x1d3ff</value>
         <object_component_ref idref="oc-113"/>
      </symbol>
      <symbol id="sm-2472">
         <name>__aeabi_d2uiz</name>
         <value>0x1d87d</value>
         <object_component_ref idref="oc-139"/>
      </symbol>
      <symbol id="sm-247d">
         <name>__aeabi_f2d</name>
         <value>0x1d9bd</value>
         <object_component_ref idref="oc-10e"/>
      </symbol>
      <symbol id="sm-2487">
         <name>__aeabi_f2ulz</name>
         <value>0x1d705</value>
         <object_component_ref idref="oc-372"/>
      </symbol>
      <symbol id="sm-24a2">
         <name>memcpy</name>
         <value>0x1d0d9</value>
         <object_component_ref idref="oc-58"/>
      </symbol>
      <symbol id="sm-24a3">
         <name>__aeabi_memcpy</name>
         <value>0x1d0d9</value>
         <object_component_ref idref="oc-58"/>
      </symbol>
      <symbol id="sm-24a4">
         <name>__aeabi_memcpy8</name>
         <value>0x1d0d9</value>
         <object_component_ref idref="oc-58"/>
      </symbol>
      <symbol id="sm-24a5">
         <name>__aeabi_memcpy4</name>
         <value>0x1d0d9</value>
         <object_component_ref idref="oc-58"/>
      </symbol>
      <symbol id="sm-24b4">
         <name>__aeabi_memset</name>
         <value>0x1d319</value>
         <object_component_ref idref="oc-1cb"/>
      </symbol>
      <symbol id="sm-24b5">
         <name>memset</name>
         <value>0x1d31f</value>
         <object_component_ref idref="oc-1cb"/>
      </symbol>
      <symbol id="sm-24b6">
         <name>__aeabi_memset8</name>
         <value>0x1d319</value>
         <object_component_ref idref="oc-1cb"/>
      </symbol>
      <symbol id="sm-24b7">
         <name>__aeabi_memset4</name>
         <value>0x1d319</value>
         <object_component_ref idref="oc-1cb"/>
      </symbol>
      <symbol id="sm-24b8">
         <name>__aeabi_memclr8</name>
         <value>0x1d317</value>
         <object_component_ref idref="oc-1cb"/>
      </symbol>
      <symbol id="sm-24b9">
         <name>__aeabi_memclr4</name>
         <value>0x1d317</value>
         <object_component_ref idref="oc-1cb"/>
      </symbol>
      <symbol id="sm-24ba">
         <name>__aeabi_memclr</name>
         <value>0x1d317</value>
         <object_component_ref idref="oc-1cb"/>
      </symbol>
      <symbol id="sm-24c9">
         <name>__aeabi_uidivmod</name>
         <value>0x1d8c1</value>
         <object_component_ref idref="oc-199"/>
      </symbol>
      <symbol id="sm-24ca">
         <name>__aeabi_uidiv</name>
         <value>0x1d8c1</value>
         <object_component_ref idref="oc-199"/>
      </symbol>
      <symbol id="sm-24dc">
         <name>__TI_zero_init</name>
         <value>0x1dc79</value>
         <object_component_ref idref="oc-6a"/>
      </symbol>
      <symbol id="sm-24f3">
         <name>__TI_decompress_none</name>
         <value>0x1dc6b</value>
         <object_component_ref idref="oc-1b"/>
      </symbol>
      <symbol id="sm-2516">
         <name>__TI_decompress_lzss</name>
         <value>0x1d53d</value>
         <object_component_ref idref="oc-15"/>
      </symbol>
      <symbol id="sm-2525">
         <name>strcmp</name>
         <value>0x1dc03</value>
         <object_component_ref idref="oc-551"/>
      </symbol>
      <symbol id="sm-2533">
         <name>strcpy</name>
         <value>0x1dc31</value>
         <object_component_ref idref="oc-21e"/>
      </symbol>
      <symbol id="sm-2541">
         <name>strlen</name>
         <value>0x1dc45</value>
         <object_component_ref idref="oc-224"/>
      </symbol>
      <symbol id="sm-2554">
         <name>__stack</name>
         <value>0x20006828</value>
         <object_component_ref idref="oc-24"/>
      </symbol>
      <symbol id="sm-2555">
         <name>_c_int00_noargs</name>
         <value>0x1da99</value>
         <object_component_ref idref="oc-76"/>
      </symbol>
      <symbol id="sm-256b">
         <name>__aeabi_errno_addr</name>
         <value>0x1dc9d</value>
         <object_component_ref idref="oc-34a"/>
      </symbol>
      <symbol id="sm-256c">
         <name>errno</name>
         <value>0x20006820</value>
         <object_component_ref idref="oc-52e"/>
      </symbol>
      <symbol id="sm-2589">
         <name>floorl</name>
         <value>0x1ca5d</value>
         <object_component_ref idref="oc-35d"/>
      </symbol>
      <symbol id="sm-258a">
         <name>floor</name>
         <value>0x1ca5d</value>
         <object_component_ref idref="oc-35d"/>
      </symbol>
      <symbol id="sm-26ef">
         <name>__TI_printfi</name>
         <value>0x13b01</value>
         <object_component_ref idref="oc-49a"/>
      </symbol>
      <symbol id="sm-26f9">
         <name>__aeabi_idiv0</name>
         <value>0x1454f</value>
         <object_component_ref idref="oc-3cd"/>
      </symbol>
      <symbol id="sm-26fa">
         <name>__aeabi_ldiv0</name>
         <value>0x1454f</value>
         <object_component_ref idref="oc-3cd"/>
      </symbol>
      <symbol id="sm-2704">
         <name>__aeabi_d2iz</name>
         <value>0x1d7f1</value>
         <object_component_ref idref="oc-765"/>
      </symbol>
      <symbol id="sm-270e">
         <name>__aeabi_i2d</name>
         <value>0x1dafd</value>
         <object_component_ref idref="oc-770"/>
      </symbol>
      <symbol id="sm-271b">
         <name>__aeabi_uldivmod</name>
         <value>0x1d175</value>
         <object_component_ref idref="oc-75f"/>
      </symbol>
      <symbol id="sm-2743">
         <name>__TI_auto_init_nobinit_nopinit</name>
         <value>0x1d839</value>
         <object_component_ref idref="oc-434"/>
      </symbol>
      <symbol id="sm-274d">
         <name>_system_pre_init</name>
         <value>0x1dcab</value>
         <object_component_ref idref="oc-1d1"/>
      </symbol>
      <symbol id="sm-2759">
         <name>C$$EXIT</name>
         <value>0x1dcaf</value>
         <object_component_ref idref="oc-428"/>
      </symbol>
      <symbol id="sm-275a">
         <name>abort</name>
         <value>0x1dcaf</value>
         <object_component_ref idref="oc-428"/>
      </symbol>
      <symbol id="sm-276a">
         <name>__TI_ltoa</name>
         <value>0x1d65f</value>
         <object_component_ref idref="oc-76a"/>
      </symbol>
      <symbol id="sm-2781">
         <name>atoi</name>
         <value>0x1d7a5</value>
         <object_component_ref idref="oc-640"/>
      </symbol>
      <symbol id="sm-278c">
         <name>_ctypes_</name>
         <value>0x1e068</value>
         <object_component_ref idref="oc-75a"/>
      </symbol>
      <symbol id="sm-279c">
         <name>memccpy</name>
         <value>0x1db9d</value>
         <object_component_ref idref="oc-664"/>
      </symbol>
      <symbol id="sm-27ac">
         <name>strchr</name>
         <value>0x1dc1b</value>
         <object_component_ref idref="oc-79c"/>
      </symbol>
      <symbol id="sm-27c5">
         <name>wcslen</name>
         <value>0x1dc59</value>
         <object_component_ref idref="oc-66a"/>
      </symbol>
      <symbol id="sm-27db">
         <name>frexpl</name>
         <value>0x1d5a5</value>
         <object_component_ref idref="oc-790"/>
      </symbol>
      <symbol id="sm-27dc">
         <name>frexp</name>
         <value>0x1d5a5</value>
         <object_component_ref idref="oc-790"/>
      </symbol>
      <symbol id="sm-27f9">
         <name>scalbn</name>
         <value>0x1c851</value>
         <object_component_ref idref="oc-796"/>
      </symbol>
      <symbol id="sm-27fa">
         <name>scalbnl</name>
         <value>0x1c851</value>
         <object_component_ref idref="oc-796"/>
      </symbol>
      <symbol id="sm-27fb">
         <name>ldexpl</name>
         <value>0x1c851</value>
         <object_component_ref idref="oc-796"/>
      </symbol>
      <symbol id="sm-27fc">
         <name>ldexp</name>
         <value>0x1c851</value>
         <object_component_ref idref="oc-796"/>
      </symbol>
      <symbol id="sm-2806">
         <name>copysign</name>
         <value>0x1dbb9</value>
         <object_component_ref idref="oc-837"/>
      </symbol>
      <symbol id="sm-2807">
         <name>copysignl</name>
         <value>0x1dbb9</value>
         <object_component_ref idref="oc-837"/>
      </symbol>
      <symbol id="sm-2808">
         <name>__TI_static_base__</name>
         <value>0x0</value>
      </symbol>
      <symbol id="sm-280b">
         <name>__mpu_init</name>
         <value>0x0</value>
      </symbol>
      <symbol id="sm-280c">
         <name>_system_post_cinit</name>
         <value>0x0</value>
      </symbol>
   </symbol_table>
   <title>Link successful</title>
</link_info>
